Archive member included because of file (symbol)

c:/asctec_arm_sdk/winarm/bin/../lib/gcc/arm-elf/4.1.1/../../../../arm-elf/lib/thumb/interwork\libc.a(memcpy.o)
                              src/uart.o (memcpy)
c:/asctec_arm_sdk/winarm/bin/../lib/gcc/arm-elf/4.1.1/../../../../arm-elf/lib/thumb/interwork\libc.a(printf.o)
                              src/main.o (printf)
c:/asctec_arm_sdk/winarm/bin/../lib/gcc/arm-elf/4.1.1/../../../../arm-elf/lib/thumb/interwork\libc.a(puts.o)
                              src/main.o (puts)
c:/asctec_arm_sdk/winarm/bin/../lib/gcc/arm-elf/4.1.1/../../../../arm-elf/lib/thumb/interwork\libc.a(strlen.o)
                              c:/asctec_arm_sdk/winarm/bin/../lib/gcc/arm-elf/4.1.1/../../../../arm-elf/lib/thumb/interwork\libc.a(puts.o) (strlen)
c:/asctec_arm_sdk/winarm/bin/../lib/gcc/arm-elf/4.1.1/../../../../arm-elf/lib/thumb/interwork\libc.a(vfprintf.o)
                              c:/asctec_arm_sdk/winarm/bin/../lib/gcc/arm-elf/4.1.1/../../../../arm-elf/lib/thumb/interwork\libc.a(printf.o) (_vfprintf_r)
c:/asctec_arm_sdk/winarm/bin/../lib/gcc/arm-elf/4.1.1/../../../../arm-elf/lib/thumb/interwork\libc.a(wcrtomb.o)
                              c:/asctec_arm_sdk/winarm/bin/../lib/gcc/arm-elf/4.1.1/../../../../arm-elf/lib/thumb/interwork\libc.a(vfprintf.o) (_wcrtomb_r)
c:/asctec_arm_sdk/winarm/bin/../lib/gcc/arm-elf/4.1.1/../../../../arm-elf/lib/thumb/interwork\libc.a(wcsrtombs.o)
                              c:/asctec_arm_sdk/winarm/bin/../lib/gcc/arm-elf/4.1.1/../../../../arm-elf/lib/thumb/interwork\libc.a(vfprintf.o) (_wcsrtombs_r)
c:/asctec_arm_sdk/winarm/bin/../lib/gcc/arm-elf/4.1.1/../../../../arm-elf/lib/thumb/interwork\libc.a(wctomb_r.o)
                              c:/asctec_arm_sdk/winarm/bin/../lib/gcc/arm-elf/4.1.1/../../../../arm-elf/lib/thumb/interwork\libc.a(wcrtomb.o) (_wctomb_r)
c:/asctec_arm_sdk/winarm/bin/../lib/gcc/arm-elf/4.1.1/../../../../arm-elf/lib/thumb/interwork\libc.a(wsetup.o)
                              c:/asctec_arm_sdk/winarm/bin/../lib/gcc/arm-elf/4.1.1/../../../../arm-elf/lib/thumb/interwork\libc.a(vfprintf.o) (__swsetup)
c:/asctec_arm_sdk/winarm/bin/../lib/gcc/arm-elf/4.1.1/../../../../arm-elf/lib/thumb/interwork\libc.a(dtoa.o)
                              c:/asctec_arm_sdk/winarm/bin/../lib/gcc/arm-elf/4.1.1/../../../../arm-elf/lib/thumb/interwork\libc.a(vfprintf.o) (_dtoa_r)
c:/asctec_arm_sdk/winarm/bin/../lib/gcc/arm-elf/4.1.1/../../../../arm-elf/lib/thumb/interwork\libc.a(fflush.o)
                              c:/asctec_arm_sdk/winarm/bin/../lib/gcc/arm-elf/4.1.1/../../../../arm-elf/lib/thumb/interwork\libc.a(vfprintf.o) (fflush)
c:/asctec_arm_sdk/winarm/bin/../lib/gcc/arm-elf/4.1.1/../../../../arm-elf/lib/thumb/interwork\libc.a(findfp.o)
                              c:/asctec_arm_sdk/winarm/bin/../lib/gcc/arm-elf/4.1.1/../../../../arm-elf/lib/thumb/interwork\libc.a(vfprintf.o) (__sinit)
c:/asctec_arm_sdk/winarm/bin/../lib/gcc/arm-elf/4.1.1/../../../../arm-elf/lib/thumb/interwork\libc.a(freer.o)
                              c:/asctec_arm_sdk/winarm/bin/../lib/gcc/arm-elf/4.1.1/../../../../arm-elf/lib/thumb/interwork\libc.a(vfprintf.o) (_free_r)
c:/asctec_arm_sdk/winarm/bin/../lib/gcc/arm-elf/4.1.1/../../../../arm-elf/lib/thumb/interwork\libc.a(fvwrite.o)
                              c:/asctec_arm_sdk/winarm/bin/../lib/gcc/arm-elf/4.1.1/../../../../arm-elf/lib/thumb/interwork\libc.a(puts.o) (__sfvwrite)
c:/asctec_arm_sdk/winarm/bin/../lib/gcc/arm-elf/4.1.1/../../../../arm-elf/lib/thumb/interwork\libc.a(fwalk.o)
                              c:/asctec_arm_sdk/winarm/bin/../lib/gcc/arm-elf/4.1.1/../../../../arm-elf/lib/thumb/interwork\libc.a(fflush.o) (_fwalk)
c:/asctec_arm_sdk/winarm/bin/../lib/gcc/arm-elf/4.1.1/../../../../arm-elf/lib/thumb/interwork\libc.a(impure.o)
                              c:/asctec_arm_sdk/winarm/bin/../lib/gcc/arm-elf/4.1.1/../../../../arm-elf/lib/thumb/interwork\libc.a(printf.o) (_impure_ptr)
c:/asctec_arm_sdk/winarm/bin/../lib/gcc/arm-elf/4.1.1/../../../../arm-elf/lib/thumb/interwork\libc.a(locale.o)
                              c:/asctec_arm_sdk/winarm/bin/../lib/gcc/arm-elf/4.1.1/../../../../arm-elf/lib/thumb/interwork\libc.a(vfprintf.o) (localeconv)
c:/asctec_arm_sdk/winarm/bin/../lib/gcc/arm-elf/4.1.1/../../../../arm-elf/lib/thumb/interwork\libc.a(makebuf.o)
                              c:/asctec_arm_sdk/winarm/bin/../lib/gcc/arm-elf/4.1.1/../../../../arm-elf/lib/thumb/interwork\libc.a(wsetup.o) (__smakebuf)
c:/asctec_arm_sdk/winarm/bin/../lib/gcc/arm-elf/4.1.1/../../../../arm-elf/lib/thumb/interwork\libc.a(mallocr.o)
                              c:/asctec_arm_sdk/winarm/bin/../lib/gcc/arm-elf/4.1.1/../../../../arm-elf/lib/thumb/interwork\libc.a(vfprintf.o) (_malloc_r)
c:/asctec_arm_sdk/winarm/bin/../lib/gcc/arm-elf/4.1.1/../../../../arm-elf/lib/thumb/interwork\libc.a(memchr.o)
[...]
Memory Configuration

Name             Origin             Length             Attributes
ROM              0x00000000         0x00080000         xr
RAM              0x40000000         0x00008000         rw
*default*        0x00000000         0xffffffff

Linker script and memory map

LOAD external/Common_WinARM/src/Startup.o
LOAD external/Common_WinARM/src/swi_handler.o
LOAD src/LL_HL_comm.o
LOAD src/gpsmath.o
LOAD src/buzzer.o
LOAD src/sdk.o
LOAD src/comm_util_LL.o
LOAD src/util.o
LOAD src/pid.o
LOAD src/kalman.o
LOAD src/matrices.o
LOAD mav_common/src/comm_util.o
LOAD src/main.o
LOAD src/hardware.o
LOAD src/LPC2k_ee.o
LOAD src/system.o
LOAD src/uart.o
LOAD src/uart1.o
LOAD src/syscalls.o
LOAD src/i2c.o
LOAD src/adc.o
LOAD src/ssp.o
LOAD external/Common_WinARM/src/irq.o
LOAD external/Common_WinARM/src/interrupt_utils.o
LOAD c:/asctec_arm_sdk/winarm/bin/../lib/gcc/arm-elf/4.1.1/../../../../arm-elf/lib/thumb/interwork\libc.a
LOAD c:/asctec_arm_sdk/winarm/bin/../lib/gcc/arm-elf/4.1.1/../../../../arm-elf/lib/thumb/interwork\libm.a
LOAD c:/asctec_arm_sdk/winarm/bin/../lib/gcc/arm-elf/4.1.1/../../../../arm-elf/lib/thumb/interwork\libc.a
LOAD c:/asctec_arm_sdk/winarm/bin/../lib/gcc/arm-elf/4.1.1/thumb/interwork\libgcc.a
LOAD c:/asctec_arm_sdk/winarm/bin/../lib/gcc/arm-elf/4.1.1/../../../../arm-elf/lib/thumb/interwork\libc.a
START GROUP
LOAD c:/asctec_arm_sdk/winarm/bin/../lib/gcc/arm-elf/4.1.1/thumb/interwork\libgcc.a
LOAD c:/asctec_arm_sdk/winarm/bin/../lib/gcc/arm-elf/4.1.1/../../../../arm-elf/lib/thumb/interwork\libc.a
END GROUP

.text           0x00000000    0x15a50
 *(.vectorg)
 .vectorg       0x00000000       0x98 external/Common_WinARM/src/Startup.o
                0x00000050                __IRQ_Wrapper
 .vectorg       0x00000098       0xd0 external/Common_WinARM/src/swi_handler.o
                0x00000098                SoftwareInterrupt
                0x00000168                . = ALIGN (0x4)
 *(.init)
 .init          0x00000168      0x168 external/Common_WinARM/src/Startup.o
                0x00000294                __exit_THUMB
                0x00000168                __startup
                0x00000290                __exit_ARM
 *(.text .text.*)
 .text          0x000002d0        0x0 external/Common_WinARM/src/Startup.o
 .text          0x000002d0       0x38 external/Common_WinARM/src/swi_handler.o
                0x000002e0                IntGetCPSR
                0x00000300                FiqDisable
                0x000002d0                IntRestore
                0x000002f0                IntDisable
                0x000002d8                FiqRestore
                0x000002e8                IntEnable
                0x000002f8                FiqEnable
 .text          0x00000308      0xbc4 src/LL_HL_comm.o
                0x00000308                SSP_data_distribution_HL
                0x0000058c                LL_write_ctrl_data
                0x000006a8                HL2LL_write_cycle
                0x00000ae4                SSP_rx_handler_HL
 .text          0x00000ecc      0x104 src/gpsmath.o
                0x00000ecc                xy2latlon
 .text          0x00000fd0      0x158 src/buzzer.o
                0x00000ff8                buzzer_handler
                0x00000fd0                buzzer
 .text          0x00001128     0x2c78 src/sdk.o
                0x00001fa8                sendRcData
                0x00001128                writeCommand
                0x00002b68                SDK_mainloop
                0x0000254c                sdkInit
                0x00002430                sendImuData
                0x000011b4                processMotorStateChanges
                0x0000182c                processKF
                0x00001270                processEngageDisengageTimeouts
                0x0000203c                synchronizeTime
                0x0000201c                sendMavPoseData
                0x00001e38                sendCtrlDebugData
                0x00001174                checkTxPeriod
                0x00001164                isSerialEnabled
                0x000015dc                processFlightActionRequests
                0x00001ffc                sendFlightStateData
                0x00002740                processSendData
                0x0000136c                processMotorCommands
                0x000016d4                feedbackBeep
                0x00001f88                sendStatusData
                0x000012e4                processLandingThrust
 .text          0x00003da0      0x454 src/comm_util_LL.o
                0x000041a4                LLToSIAnglePitch
                0x00004090                LLToSIAngleRatePitch
                0x00003e3c                LLToSIAccX
                0x00003e18                LLToSIClimb
                0x00003f4c                SIToLLCmdPitch
                0x000040f0                LLToSIAngleRateRoll
                0x00003fe4                LLToSIAngleRoll
                0x00003ed0                LLToSIAccZ
                0x00003f1c                SIToLLCmdRoll
                0x0000414c                LLToSIAngleYaw
                0x00004030                LLToSIAngleRateYaw
                0x00003f80                SIToLLCmdYawRate
                0x00003fb4                SIToLLCmdThrust
                0x00003e84                LLToSIAccY
                0x00003da0                degreesToRadians
                0x00003ddc                radiansToDegrees
 .text          0x000041f4       0x54 src/util.o
                0x000041f4                wait
 .text          0x00004248     0x1864 src/pid.o
                0x0000434c                pidParamUpdate
                0x00004ce4                pidCalc
                0x00004e38                processCtrl
                0x00004248                pidReset
 .text          0x00005aac      0xcd0 src/kalman.o
                0x00005bf0                resetKalmanFilter
                0x00005cfc                CorrectPos
                0x00005e64                KFilter
                0x00005c28                CorrectYaw
                0x00005bc0                InitKalYaw
                0x00005aac                InitKalPos
                0x00005db4                PredictPos
                0x00005cb8                PredictYaw
 .text          0x0000677c      0xd0c src/matrices.o
                0x00006a34                negMatrix
                0x000070dc                determinant
                0x00006c7c                multMatVec2
                0x00007298                invt
                0x00006cd8                transpose
                0x000069b4                subVector
                0x00007420                VectdivSc
                0x000067d0                addMatrix
                0x000068d8                subMatrix2
                0x00007390                BhQhBhT
                0x00006a90                multMatrix
                0x0000677c                addMatrix2
                0x00006d3c                invert3
                0x0000692c                subMatrix
                0x00007208                getMinor
                0x00006858                addVector
                0x00006b64                multMatrix2
                0x000068a0                addVector2
                0x000069fc                subVector2
                0x00006bdc                multMatVec
                0x0000704c                invert2
                0x00007454                VectmultSc2
 .text          0x00007488      0x134 mav_common/src/comm_util.o
                0x00007518                normalizeSIAnglePi
                0x00007488                normalizeSIAngle2Pi
 .text          0x000075bc      0x668 src/main.o
                0x000075bc                timer0ISR
                0x00007a08                mainloop
                0x00007700                main
                0x000076c8                timer1ISR
                0x00007a28                calibrate
 .text          0x00007c24       0xe8 src/hardware.o
                0x00007cb0                beeper
                0x00007c24                LED
 .text          0x00007d0c      0x614 src/LPC2k_ee.o
                0x00007d0c                ee_erase
                0x0000806c                ee_read
                0x00007e48                ee_write
                0x00008164                ee_count
                0x000080fc                ee_readn
                0x000081d8                ee_locate
 .text          0x00008320      0x648 src/system.o
                0x00008520                init_timer0
                0x0000874c                init_spi1
                0x00008660                PWM_Init
                0x00008478                init_ports
                0x00008320                init
                0x00008714                init_spi
                0x000083bc                init_interrupts
                0x00008920                delay
                0x00008868                processorClockFrequency
                0x000085c8                init_timer1
                0x00008828                pll_feed
                0x000087e8                pll_init
                0x00008888                peripheralClockFrequency
 .text          0x00008968     0x1480 src/uart.o
                0x00009a64                UARTWriteChar
                0x000095dc                writePacket2Ringbuffer
                0x00009bfc                UART_send_ringbuffer
                0x00009afc                __putchar
                0x00009ab4                UARTReadChar
                0x00008ee8                Fifo_availableMemory
                0x000096ec                UART0_writeFifo
                0x00008cd8                Fifo_writeByte
                0x00008f98                registerPacket
                0x00008e50                Fifo_readByte
                0x00008f60                Fifo_reset
                0x00009090                parseRxFifo
                0x00008d80                Fifo_writeBlock
                0x00009a28                UART0_txEmpty
                0x00009b40                UART_send
                0x000099f4                UART0_txFlush
                0x00009d58                crc16
                0x00008c58                Fifo_initialize
                0x00009c68                crc_update
                0x0000994c                startAutoBaud
                0x00008968                uart0ISR
                0x00009778                UARTInitialize
                0x000099b4                UART0_rxFlush
 .text          0x00009de8     0x1cb8 src/uart1.o
                0x0000b018                UART1Initialize
                0x0000b114                UART1ReadChar
                0x0000a1d0                parse_POSLLH
                0x0000aac8                uart1ISR
                0x0000a9c0                parse_STATUS
                0x0000a624                parse_POSUTM
                0x0000b258                ringbuffer1
                0x00009de8                parse_VELNED
                0x0000b444                GPS_configure
                0x0000b0c4                UART1WriteChar
                0x0000a7f0                parse_NAVSOL
                0x0000b1f0                UART1_send_ringbuffer
                0x0000b15c                UART1_send
 .text          0x0000baa0      0x2b4 src/syscalls.o
                0x0000bc48                _lseek_r
                0x0000bc7c                _fstat_r
                0x0000bcb8                isatty
                0x0000bce0                _sbrk_r
                0x0000baa0                _read_r
                0x0000bc1c                _close_r
                0x0000bb80                _write_r
 .text          0x0000bd54      0x750 src/i2c.o
                0x0000c1f0                I2C0_send_motordata
                0x0000c414                I2CEngine
                0x0000bd54                I2C0MasterHandler
                0x0000c29c                I2CStart
                0x0000c330                I2CStop
                0x0000c38c                I2CInit
 .text          0x0000c4a4      0x2cc src/adc.o
                0x0000c4a4                ADCInit
                0x0000c668                ADC1Read
                0x0000c52c                ADC0Read
 .text          0x0000c770      0x420 src/ssp.o
                0x0000c988                LL_write
                0x0000c948                LL_write_init
                0x0000c770                SSPHandler
 .text          0x0000cb90      0x2d0 external/Common_WinARM/src/irq.o
                0x0000cc74                install_irq
                0x0000cd68                uninstall_irq
                0x0000cbb0                init_VIC
 .text          0x0000ce60      0x1f4 external/Common_WinARM/src/interrupt_utils.o
                0x0000cef4                restoreIRQ
                0x0000d014                enableFIQ
                0x0000cf84                disableFIQ
                0x0000cf44                enableIRQ
                0x0000cfc4                restoreFIQ
                0x0000ce60                disableIRQ
 .text          0x0000d054       0x20 c:/asctec_arm_sdk/winarm/bin/../lib/gcc/arm-elf/4.1.1/../../../../arm-elf/lib/thumb/interwork\libc.a(memcpy.o)
                0x0000d054                memcpy
 .text          0x0000d074       0x40 c:/asctec_arm_sdk/winarm/bin/../lib/gcc/arm-elf/4.1.1/../../../../arm-elf/lib/thumb/interwork\libc.a(printf.o)
                0x0000d074                printf
                0x0000d098                _printf_r
 .text          0x0000d0b4       0x5c c:/asctec_arm_sdk/winarm/bin/../lib/gcc/arm-elf/4.1.1/../../../../arm-elf/lib/thumb/interwork\libc.a(puts.o)
                0x0000d0b4                _puts_r
                0x0000d0fc                puts
 .text          0x0000d110       0x10 c:/asctec_arm_sdk/winarm/bin/../lib/gcc/arm-elf/4.1.1/../../../../arm-elf/lib/thumb/interwork\libc.a(strlen.o)
                0x0000d110                strlen
 .text          0x0000d120     0x1460 c:/asctec_arm_sdk/winarm/bin/../lib/gcc/arm-elf/4.1.1/../../../../arm-elf/lib/thumb/interwork\libc.a(vfprintf.o)
                0x0000d140                _vfprintf_r
                0x0000e560                vfprintf
 .text          0x0000e580       0x50 c:/asctec_arm_sdk/winarm/bin/../lib/gcc/arm-elf/4.1.1/../../../../arm-elf/lib/thumb/interwork\libc.a(wcrtomb.o)
                0x0000e580                _wcrtomb_r
                0x0000e5b0                wcrtomb
 .text          0x0000e5d0       0xd8 c:/asctec_arm_sdk/winarm/bin/../lib/gcc/arm-elf/4.1.1/../../../../arm-elf/lib/thumb/interwork\libc.a(wcsrtombs.o)
                0x0000e5d0                _wcsrtombs_r
                0x0000e680                wcsrtombs
 .text          0x0000e6a8      0x2b0 c:/asctec_arm_sdk/winarm/bin/../lib/gcc/arm-elf/4.1.1/../../../../arm-elf/lib/thumb/interwork\libc.a(wctomb_r.o)
                0x0000e6a8                _wctomb_r
 .text          0x0000e958       0x94 c:/asctec_arm_sdk/winarm/bin/../lib/gcc/arm-elf/4.1.1/../../../../arm-elf/lib/thumb/interwork\libc.a(wsetup.o)
                0x0000e958                __swsetup
 .text          0x0000e9ec      0xd30 c:/asctec_arm_sdk/winarm/bin/../lib/gcc/arm-elf/4.1.1/../../../../arm-elf/lib/thumb/interwork\libc.a(dtoa.o)
                0x0000eb20                _dtoa_r
 .text          0x0000f71c       0x88 c:/asctec_arm_sdk/winarm/bin/../lib/gcc/arm-elf/4.1.1/../../../../arm-elf/lib/thumb/interwork\libc.a(fflush.o)
                0x0000f71c                fflush
 .text          0x0000f7a4      0x1b0 c:/asctec_arm_sdk/winarm/bin/../lib/gcc/arm-elf/4.1.1/../../../../arm-elf/lib/thumb/interwork\libc.a(findfp.o)
                0x0000f7dc                __sinit
                0x0000f874                __sfmoreglue
                0x0000f860                _cleanup
                0x0000f850                _cleanup_r
                0x0000f8c4                __fp_lock_all
                0x0000f838                __sfp_lock_acquire
                0x0000f8dc                __sfp
                0x0000f844                __sinit_lock_release
                0x0000f8ac                __fp_unlock_all
                0x0000f83c                __sfp_lock_release
                0x0000f840                __sinit_lock_acquire
 .text          0x0000f954      0x248 c:/asctec_arm_sdk/winarm/bin/../lib/gcc/arm-elf/4.1.1/../../../../arm-elf/lib/thumb/interwork\libc.a(freer.o)
                0x0000f9f4                _free_r
                0x0000f954                _malloc_trim_r
 .text          0x0000fb9c      0x25c c:/asctec_arm_sdk/winarm/bin/../lib/gcc/arm-elf/4.1.1/../../../../arm-elf/lib/thumb/interwork\libc.a(fvwrite.o)
                0x0000fb9c                __sfvwrite
 .text          0x0000fdf8       0xb4 c:/asctec_arm_sdk/winarm/bin/../lib/gcc/arm-elf/4.1.1/../../../../arm-elf/lib/thumb/interwork\libc.a(fwalk.o)
                0x0000fe54                _fwalk
                0x0000fdf8                _fwalk_reent
 .text          0x0000feac        0x0 c:/asctec_arm_sdk/winarm/bin/../lib/gcc/arm-elf/4.1.1/../../../../arm-elf/lib/thumb/interwork\libc.a(impure.o)
 .text          0x0000feac       0x78 c:/asctec_arm_sdk/winarm/bin/../lib/gcc/arm-elf/4.1.1/../../../../arm-elf/lib/thumb/interwork\libc.a(locale.o)
                0x0000fec0                _setlocale_r
                0x0000feac                __locale_charset
                0x0000feb8                _localeconv_r
                0x0000ff00                setlocale
                0x0000ff1c                localeconv
 .text          0x0000ff24       0xd8 c:/asctec_arm_sdk/winarm/bin/../lib/gcc/arm-elf/4.1.1/../../../../arm-elf/lib/thumb/interwork\libc.a(makebuf.o)
                0x0000ff24                __smakebuf
 .text          0x0000fffc      0x4ac c:/asctec_arm_sdk/winarm/bin/../lib/gcc/arm-elf/4.1.1/../../../../arm-elf/lib/thumb/interwork\libc.a(mallocr.o)
                0x0000fffc                _malloc_r
 .text          0x000104a8       0x18 c:/asctec_arm_sdk/winarm/bin/../lib/gcc/arm-elf/4.1.1/../../../../arm-elf/lib/thumb/interwork\libc.a(memchr.o)
                0x000104a8                memchr
 .text          0x000104c0       0x38 c:/asctec_arm_sdk/winarm/bin/../lib/gcc/arm-elf/4.1.1/../../../../arm-elf/lib/thumb/interwork\libc.a(memmove.o)
                0x000104c0                memmove
 .text          0x000104f8       0x10 c:/asctec_arm_sdk/winarm/bin/../lib/gcc/arm-elf/4.1.1/../../../../arm-elf/lib/thumb/interwork\libc.a(memset.o)
                0x000104f8                memset
 .text          0x00010508        0x8 c:/asctec_arm_sdk/winarm/bin/../lib/gcc/arm-elf/4.1.1/../../../../arm-elf/lib/thumb/interwork\libc.a(mlock.o)
                0x0001050c                __malloc_unlock
                0x00010508                __malloc_lock
 .text          0x00010510      0x834 c:/asctec_arm_sdk/winarm/bin/../lib/gcc/arm-elf/4.1.1/../../../../arm-elf/lib/thumb/interwork\libc.a(mprec.o)
                0x00010780                _mprec_log10
                0x00010528                _hi0bits
                0x000107c4                _Balloc
                0x00010820                _d2b
                0x00010a64                _multiply
                0x0001072c                _ratio
                0x00010cc0                _s2b
                0x00010b90                _i2b
                0x00010570                _lo0bits
                0x000105dc                __mcmp
                0x00010c34                _pow5mult
                0x0001061c                _ulp
                0x0001066c                _b2d
                0x00010ba8                _multadd
                0x000108f4                __mdiff
                0x000109d4                _lshift
                0x00010510                _Bfree
 .text          0x00010d44      0x308 c:/asctec_arm_sdk/winarm/bin/../lib/gcc/arm-elf/4.1.1/../../../../arm-elf/lib/thumb/interwork\libc.a(reallocr.o)
                0x00010d44                _realloc_r
 .text          0x0001104c       0x2c c:/asctec_arm_sdk/winarm/bin/../lib/gcc/arm-elf/4.1.1/../../../../arm-elf/lib/thumb/interwork\libc.a(s_isinf.o)
                0x0001104c                isinf
 .text          0x00011078       0x24 c:/asctec_arm_sdk/winarm/bin/../lib/gcc/arm-elf/4.1.1/../../../../arm-elf/lib/thumb/interwork\libc.a(s_isnan.o)
                0x00011078                isnan
 .text          0x0001109c       0xd0 c:/asctec_arm_sdk/winarm/bin/../lib/gcc/arm-elf/4.1.1/../../../../arm-elf/lib/thumb/interwork\libc.a(stdio.o)
                0x000110b4                __sseek
                0x00011134                __sread
                0x0001109c                __sclose
                0x000110f0                __swrite
 .text          0x0001116c       0x18 c:/asctec_arm_sdk/winarm/bin/../lib/gcc/arm-elf/4.1.1/../../../../arm-elf/lib/thumb/interwork\libc.a(strcmp.o)
                0x0001116c                strcmp
 .text          0x00011184       0x5c c:/asctec_arm_sdk/winarm/bin/../lib/gcc/arm-elf/4.1.1/../../../../arm-elf/lib/thumb/interwork\libc.a(callocr.o)
                0x00011184                _calloc_r
 .text          0x000111e0       0xb8 c:/asctec_arm_sdk/winarm/bin/../lib/gcc/arm-elf/4.1.1/../../../../arm-elf/lib/thumb/interwork\libc.a(fclose.o)
                0x000111e0                _fclose_r
                0x00011280                fclose
 .text          0x00011298       0xa8 c:/asctec_arm_sdk/winarm/bin/../lib/gcc/arm-elf/4.1.1/../../../../arm-elf/lib/thumb/interwork\libm.a(s_cos.o)
                0x00011298                cos
 .text          0x00011340       0xac c:/asctec_arm_sdk/winarm/bin/../lib/gcc/arm-elf/4.1.1/../../../../arm-elf/lib/thumb/interwork\libm.a(s_sin.o)
                0x00011340                sin
 .text          0x000113ec      0x33c c:/asctec_arm_sdk/winarm/bin/../lib/gcc/arm-elf/4.1.1/../../../../arm-elf/lib/thumb/interwork\libm.a(w_pow.o)
                0x000113ec                pow
 .text          0x00011728       0xb8 c:/asctec_arm_sdk/winarm/bin/../lib/gcc/arm-elf/4.1.1/../../../../arm-elf/lib/thumb/interwork\libm.a(w_sqrt.o)
                0x00011728                sqrt
 .text          0x000117e0      0xb0c c:/asctec_arm_sdk/winarm/bin/../lib/gcc/arm-elf/4.1.1/../../../../arm-elf/lib/thumb/interwork\libm.a(e_pow.o)
                0x000117e0                __ieee754_pow
 .text          0x000122ec      0x420 c:/asctec_arm_sdk/winarm/bin/../lib/gcc/arm-elf/4.1.1/../../../../arm-elf/lib/thumb/interwork\libm.a(e_rem_pio2.o)
                0x000122ec                __ieee754_rem_pio2
 .text          0x0001270c      0x1a0 c:/asctec_arm_sdk/winarm/bin/../lib/gcc/arm-elf/4.1.1/../../../../arm-elf/lib/thumb/interwork\libm.a(e_sqrt.o)
                0x0001270c                __ieee754_sqrt
 .text          0x000128ac      0x264 c:/asctec_arm_sdk/winarm/bin/../lib/gcc/arm-elf/4.1.1/../../../../arm-elf/lib/thumb/interwork\libm.a(k_cos.o)
                0x000128ac                __kernel_cos
 .text          0x00012b10      0x744 c:/asctec_arm_sdk/winarm/bin/../lib/gcc/arm-elf/4.1.1/../../../../arm-elf/lib/thumb/interwork\libm.a(k_rem_pio2.o)
                0x00012b10                __kernel_rem_pio2
 .text          0x00013254      0x178 c:/asctec_arm_sdk/winarm/bin/../lib/gcc/arm-elf/4.1.1/../../../../arm-elf/lib/thumb/interwork\libm.a(k_sin.o)
                0x00013254                __kernel_sin
 .text          0x000133cc       0x18 c:/asctec_arm_sdk/winarm/bin/../lib/gcc/arm-elf/4.1.1/../../../../arm-elf/lib/thumb/interwork\libm.a(s_fabs.o)
                0x000133cc                fabs
 .text          0x000133e4       0x1c c:/asctec_arm_sdk/winarm/bin/../lib/gcc/arm-elf/4.1.1/../../../../arm-elf/lib/thumb/interwork\libm.a(s_finite.o)
                0x000133e4                finite
 .text          0x00013400      0x12c c:/asctec_arm_sdk/winarm/bin/../lib/gcc/arm-elf/4.1.1/../../../../arm-elf/lib/thumb/interwork\libm.a(s_floor.o)
                0x00013400                floor
 .text          0x0001352c        0x0 c:/asctec_arm_sdk/winarm/bin/../lib/gcc/arm-elf/4.1.1/../../../../arm-elf/lib/thumb/interwork\libm.a(s_lib_ver.o)
 .text          0x0001352c        0x4 c:/asctec_arm_sdk/winarm/bin/../lib/gcc/arm-elf/4.1.1/../../../../arm-elf/lib/thumb/interwork\libm.a(s_matherr.o)
                0x0001352c                matherr
 .text          0x00013530      0x14c c:/asctec_arm_sdk/winarm/bin/../lib/gcc/arm-elf/4.1.1/../../../../arm-elf/lib/thumb/interwork\libm.a(s_rint.o)
                0x00013530                rint
 .text          0x0001367c      0x110 c:/asctec_arm_sdk/winarm/bin/../lib/gcc/arm-elf/4.1.1/../../../../arm-elf/lib/thumb/interwork\libm.a(s_scalbn.o)
                0x0001367c                scalbn
 .text          0x0001378c       0x24 c:/asctec_arm_sdk/winarm/bin/../lib/gcc/arm-elf/4.1.1/../../../../arm-elf/lib/thumb/interwork\libm.a(s_copysign.o)
                0x0001378c                copysign
 .text          0x000137b0        0xc c:/asctec_arm_sdk/winarm/bin/../lib/gcc/arm-elf/4.1.1/../../../../arm-elf/lib/thumb/interwork\libc.a(errno.o)
                0x000137b0                __errno
 .text          0x000137bc       0x8c c:/asctec_arm_sdk/winarm/bin/../lib/gcc/arm-elf/4.1.1/thumb/interwork\libgcc.a(_udivsi3.o)
                0x000137bc                __udivsi3
                0x000137bc                __aeabi_uidiv
                0x00013838                __aeabi_uidivmod
 .text          0x00013848       0xa4 c:/asctec_arm_sdk/winarm/bin/../lib/gcc/arm-elf/4.1.1/thumb/interwork\libgcc.a(_divsi3.o)
                0x00013848                __aeabi_idiv
                0x00013848                __divsi3
                0x000138dc                __aeabi_idivmod
 .text          0x000138ec       0xc8 c:/asctec_arm_sdk/winarm/bin/../lib/gcc/arm-elf/4.1.1/thumb/interwork\libgcc.a(_umodsi3.o)
                0x000138ec                __umodsi3
 .text          0x000139b4       0xd8 c:/asctec_arm_sdk/winarm/bin/../lib/gcc/arm-elf/4.1.1/thumb/interwork\libgcc.a(_modsi3.o)
                0x000139b4                __modsi3
 .text          0x00013a8c        0x4 c:/asctec_arm_sdk/winarm/bin/../lib/gcc/arm-elf/4.1.1/thumb/interwork\libgcc.a(_dvmd_tls.o)
                0x00013a8c                __aeabi_ldiv0
                0x00013a8c                __div0
                0x00013a8c                __aeabi_idiv0
 .text          0x00013a90      0x430 c:/asctec_arm_sdk/winarm/bin/../lib/gcc/arm-elf/4.1.1/thumb/interwork\libgcc.a(_addsubdf3.o)
                0x00013e54                __floatdidf
                0x00013dd4                __floatsidf
                0x00013dac                __aeabi_ui2d
                0x00013a90                __aeabi_drsub
                0x00013e00                __extendsfdf2
                0x00013a9c                __adddf3
                0x00013dac                __floatunsidf
                0x00013a9c                __aeabi_dadd
                0x00013e40                __aeabi_ul2d
                0x00013a98                __aeabi_dsub
                0x00013e40                __floatundidf
                0x00013dd4                __aeabi_i2d
                0x00013e54                __aeabi_l2d
                0x00013e00                __aeabi_f2d
                0x00013a98                __subdf3
 .text          0x00013ec0      0x49c c:/asctec_arm_sdk/winarm/bin/../lib/gcc/arm-elf/4.1.1/thumb/interwork\libgcc.a(_muldivdf3.o)
                0x00014150                __aeabi_ddiv
                0x00013ec0                __aeabi_dmul
                0x00014150                __divdf3
                0x00013ec0                __muldf3
 .text          0x0001435c      0x140 c:/asctec_arm_sdk/winarm/bin/../lib/gcc/arm-elf/4.1.1/thumb/interwork\libgcc.a(_cmpdf2.o)
                0x00014454                __aeabi_dcmple
                0x0001436c                __cmpdf2
                0x0001436c                __eqdf2
                0x0001435c                __gtdf2
                0x0001440c                __aeabi_cdcmple
                0x000143f0                __aeabi_cdrcmple
                0x00014364                __ltdf2
                0x0001443c                __aeabi_dcmplt
                0x00014364                __ledf2
                0x00014484                __aeabi_dcmpgt
                0x0001446c                __aeabi_dcmpge
                0x0001436c                __nedf2
                0x00014424                __aeabi_dcmpeq
                0x0001440c                __aeabi_cdcmpeq
                0x0001435c                __gedf2
 .text          0x0001449c       0x5c c:/asctec_arm_sdk/winarm/bin/../lib/gcc/arm-elf/4.1.1/thumb/interwork\libgcc.a(_fixdfsi.o)
                0x0001449c                __fixdfsi
                0x0001449c                __aeabi_d2iz
 .text          0x000144f8       0xa0 c:/asctec_arm_sdk/winarm/bin/../lib/gcc/arm-elf/4.1.1/thumb/interwork\libgcc.a(_truncdfsf2.o)
                0x000144f8                __aeabi_d2f
                0x000144f8                __truncdfsf2
 .text          0x00014598      0x2ac c:/asctec_arm_sdk/winarm/bin/../lib/gcc/arm-elf/4.1.1/thumb/interwork\libgcc.a(_addsubsf3.o)
                0x000145a4                __aeabi_fadd
                0x000145a0                __subsf3
                0x00014768                __aeabi_i2f
                0x000145a0                __aeabi_fsub
                0x00014798                __floatdisf
                0x00014768                __floatsisf
                0x00014788                __floatundisf
                0x00014760                __aeabi_ui2f
                0x00014798                __aeabi_l2f
                0x00014788                __aeabi_ul2f
                0x00014598                __aeabi_frsub
                0x00014760                __floatunsisf
                0x000145a4                __addsf3
 .text          0x00014844      0x2f8 c:/asctec_arm_sdk/winarm/bin/../lib/gcc/arm-elf/4.1.1/thumb/interwork\libgcc.a(_muldivsf3.o)
                0x000149dc                __divsf3
                0x000149dc                __aeabi_fdiv
                0x00014844                __mulsf3
                0x00014844                __aeabi_fmul
 .text          0x00014b3c      0x110 c:/asctec_arm_sdk/winarm/bin/../lib/gcc/arm-elf/4.1.1/thumb/interwork\libgcc.a(_cmpsf2.o)
                0x00014c34                __aeabi_fcmpgt
                0x00014b44                __lesf2
                0x00014b4c                __nesf2
                0x00014c1c                __aeabi_fcmpge
                0x00014b3c                __gtsf2
                0x00014c04                __aeabi_fcmple
                0x00014b4c                __eqsf2
                0x00014b4c                __cmpsf2
                0x00014b44                __ltsf2
                0x00014bbc                __aeabi_cfcmple
                0x00014b3c                __gesf2
                0x00014bd4                __aeabi_fcmpeq
                0x00014bac                __aeabi_cfrcmple
                0x00014bec                __aeabi_fcmplt
                0x00014bbc                __aeabi_cfcmpeq
 .text          0x00014c4c       0x5c c:/asctec_arm_sdk/winarm/bin/../lib/gcc/arm-elf/4.1.1/thumb/interwork\libgcc.a(_fixsfsi.o)
                0x00014c4c                __fixsfsi
                0x00014c4c                __aeabi_f2iz
 .text          0x00014ca8      0x464 c:/asctec_arm_sdk/winarm/bin/../lib/gcc/arm-elf/4.1.1/thumb/interwork\libgcc.a(_divdi3.o)
                0x00014ca8                __divdi3
 .text          0x0001510c        0x0 c:/asctec_arm_sdk/winarm/bin/../lib/gcc/arm-elf/4.1.1/thumb/interwork\libgcc.a(_clz.o)
 *(.gnu.linkonce.t.*)
 *(.glue_7)
 .glue_7        0x0001510c        0x0 external/Common_WinARM/src/Startup.o
 .glue_7        0x0001510c        0x0 external/Common_WinARM/src/swi_handler.o
 .glue_7        0x0001510c        0x0 src/LL_HL_comm.o
 .glue_7        0x0001510c        0x0 src/gpsmath.o
 .glue_7        0x0001510c        0x0 src/buzzer.o
 .glue_7        0x0001510c        0x0 src/sdk.o
 .glue_7        0x0001510c        0x0 src/comm_util_LL.o
 .glue_7        0x0001510c        0x0 src/util.o
 .glue_7        0x0001510c        0x0 src/pid.o
 .glue_7        0x0001510c        0x0 src/kalman.o
 .glue_7        0x0001510c        0x0 src/matrices.o
 .glue_7        0x0001510c        0x0 mav_common/src/comm_util.o
 .glue_7        0x0001510c        0x0 src/main.o
 .glue_7        0x0001510c        0x0 src/hardware.o
 .glue_7        0x0001510c        0x0 src/LPC2k_ee.o
 .glue_7        0x0001510c        0x0 src/system.o
 .glue_7        0x0001510c        0x0 src/uart.o
 .glue_7        0x0001510c        0x0 src/uart1.o
 .glue_7        0x0001510c        0x0 src/syscalls.o
 .glue_7        0x0001510c        0x0 src/i2c.o
 .glue_7        0x0001510c        0x0 src/adc.o
 .glue_7        0x0001510c        0x0 src/ssp.o
 .glue_7        0x0001510c        0x0 external/Common_WinARM/src/irq.o
 .glue_7        0x0001510c        0x0 external/Common_WinARM/src/interrupt_utils.o
 .glue_7        0x0001510c        0x0 c:/asctec_arm_sdk/winarm/bin/../lib/gcc/arm-elf/4.1.1/../../../../arm-elf/lib/thumb/interwork\libc.a(memcpy.o)
 .glue_7        0x0001510c        0x0 c:/asctec_arm_sdk/winarm/bin/../lib/gcc/arm-elf/4.1.1/../../../../arm-elf/lib/thumb/interwork\libc.a(printf.o)
 .glue_7        0x0001510c        0x0 c:/asctec_arm_sdk/winarm/bin/../lib/gcc/arm-elf/4.1.1/../../../../arm-elf/lib/thumb/interwork\libc.a(puts.o)
 .glue_7        0x0001510c        0x0 c:/asctec_arm_sdk/winarm/bin/../lib/gcc/arm-elf/4.1.1/../../../../arm-elf/lib/thumb/interwork\libc.a(strlen.o)
 .glue_7        0x0001510c        0x0 c:/asctec_arm_sdk/winarm/bin/../lib/gcc/arm-elf/4.1.1/../../../../arm-elf/lib/thumb/interwork\libc.a(vfprintf.o)
 .glue_7        0x0001510c        0x0 c:/asctec_arm_sdk/winarm/bin/../lib/gcc/arm-elf/4.1.1/../../../../arm-elf/lib/thumb/interwork\libc.a(wcrtomb.o)
 .glue_7        0x0001510c        0x0 c:/asctec_arm_sdk/winarm/bin/../lib/gcc/arm-elf/4.1.1/../../../../arm-elf/lib/thumb/interwork\libc.a(wcsrtombs.o)
 .glue_7        0x0001510c        0x0 c:/asctec_arm_sdk/winarm/bin/../lib/gcc/arm-elf/4.1.1/../../../../arm-elf/lib/thumb/interwork\libc.a(wctomb_r.o)
 .glue_7        0x0001510c        0x0 c:/asctec_arm_sdk/winarm/bin/../lib/gcc/arm-elf/4.1.1/../../../../arm-elf/lib/thumb/interwork\libc.a(wsetup.o)
 .glue_7        0x0001510c        0x0 c:/asctec_arm_sdk/winarm/bin/../lib/gcc/arm-elf/4.1.1/../../../../arm-elf/lib/thumb/interwork\libc.a(dtoa.o)
 .glue_7        0x0001510c        0x0 c:/asctec_arm_sdk/winarm/bin/../lib/gcc/arm-elf/4.1.1/../../../../arm-elf/lib/thumb/interwork\libc.a(fflush.o)
 .glue_7        0x0001510c        0x0 c:/asctec_arm_sdk/winarm/bin/../lib/gcc/arm-elf/4.1.1/../../../../arm-elf/lib/thumb/interwork\libc.a(findfp.o)
 .glue_7        0x0001510c        0x0 c:/asctec_arm_sdk/winarm/bin/../lib/gcc/arm-elf/4.1.1/../../../../arm-elf/lib/thumb/interwork\libc.a(freer.o)
 .glue_7        0x0001510c        0x0 c:/asctec_arm_sdk/winarm/bin/../lib/gcc/arm-elf/4.1.1/../../../../arm-elf/lib/thumb/interwork\libc.a(fvwrite.o)
 .glue_7        0x0001510c        0x0 c:/asctec_arm_sdk/winarm/bin/../lib/gcc/arm-elf/4.1.1/../../../../arm-elf/lib/thumb/interwork\libc.a(fwalk.o)
 .glue_7        0x0001510c        0x0 c:/asctec_arm_sdk/winarm/bin/../lib/gcc/arm-elf/4.1.1/../../../../arm-elf/lib/thumb/interwork\libc.a(impure.o)
 .glue_7        0x0001510c        0x0 c:/asctec_arm_sdk/winarm/bin/../lib/gcc/arm-elf/4.1.1/../../../../arm-elf/lib/thumb/interwork\libc.a(locale.o)
 .glue_7        0x0001510c        0x0 c:/asctec_arm_sdk/winarm/bin/../lib/gcc/arm-elf/4.1.1/../../../../arm-elf/lib/thumb/interwork\libc.a(makebuf.o)
 .glue_7        0x0001510c        0x0 c:/asctec_arm_sdk/winarm/bin/../lib/gcc/arm-elf/4.1.1/../../../../arm-elf/lib/thumb/interwork\libc.a(mallocr.o)
 .glue_7        0x0001510c        0x0 c:/asctec_arm_sdk/winarm/bin/../lib/gcc/arm-elf/4.1.1/../../../../arm-elf/lib/thumb/interwork\libc.a(memchr.o)
 .glue_7        0x0001510c        0x0 c:/asctec_arm_sdk/winarm/bin/../lib/gcc/arm-elf/4.1.1/../../../../arm-elf/lib/thumb/interwork\libc.a(memmove.o)
 .glue_7        0x0001510c        0x0 c:/asctec_arm_sdk/winarm/bin/../lib/gcc/arm-elf/4.1.1/../../../../arm-elf/lib/thumb/interwork\libc.a(memset.o)
 .glue_7        0x0001510c        0x0 c:/asctec_arm_sdk/winarm/bin/../lib/gcc/arm-elf/4.1.1/../../../../arm-elf/lib/thumb/interwork\libc.a(mlock.o)
 .glue_7        0x0001510c        0x0 c:/asctec_arm_sdk/winarm/bin/../lib/gcc/arm-elf/4.1.1/../../../../arm-elf/lib/thumb/interwork\libc.a(mprec.o)
 .glue_7        0x0001510c        0x0 c:/asctec_arm_sdk/winarm/bin/../lib/gcc/arm-elf/4.1.1/../../../../arm-elf/lib/thumb/interwork\libc.a(reallocr.o)
 .glue_7        0x0001510c        0x0 c:/asctec_arm_sdk/winarm/bin/../lib/gcc/arm-elf/4.1.1/../../../../arm-elf/lib/thumb/interwork\libc.a(s_isinf.o)
 .glue_7        0x0001510c        0x0 c:/asctec_arm_sdk/winarm/bin/../lib/gcc/arm-elf/4.1.1/../../../../arm-elf/lib/thumb/interwork\libc.a(s_isnan.o)
 .glue_7        0x0001510c        0x0 c:/asctec_arm_sdk/winarm/bin/../lib/gcc/arm-elf/4.1.1/../../../../arm-elf/lib/thumb/interwork\libc.a(stdio.o)
 .glue_7        0x0001510c        0x0 c:/asctec_arm_sdk/winarm/bin/../lib/gcc/arm-elf/4.1.1/../../../../arm-elf/lib/thumb/interwork\libc.a(strcmp.o)
 .glue_7        0x0001510c        0x0 c:/asctec_arm_sdk/winarm/bin/../lib/gcc/arm-elf/4.1.1/../../../../arm-elf/lib/thumb/interwork\libc.a(callocr.o)
 .glue_7        0x0001510c        0x0 c:/asctec_arm_sdk/winarm/bin/../lib/gcc/arm-elf/4.1.1/../../../../arm-elf/lib/thumb/interwork\libc.a(fclose.o)
 .glue_7        0x0001510c        0x0 c:/asctec_arm_sdk/winarm/bin/../lib/gcc/arm-elf/4.1.1/../../../../arm-elf/lib/thumb/interwork\libm.a(s_cos.o)
 .glue_7        0x0001510c        0x0 c:/asctec_arm_sdk/winarm/bin/../lib/gcc/arm-elf/4.1.1/../../../../arm-elf/lib/thumb/interwork\libm.a(s_sin.o)
 .glue_7        0x0001510c        0x0 c:/asctec_arm_sdk/winarm/bin/../lib/gcc/arm-elf/4.1.1/../../../../arm-elf/lib/thumb/interwork\libm.a(w_pow.o)
 .glue_7        0x0001510c        0x0 c:/asctec_arm_sdk/winarm/bin/../lib/gcc/arm-elf/4.1.1/../../../../arm-elf/lib/thumb/interwork\libm.a(w_sqrt.o)
 .glue_7        0x0001510c        0x0 c:/asctec_arm_sdk/winarm/bin/../lib/gcc/arm-elf/4.1.1/../../../../arm-elf/lib/thumb/interwork\libm.a(e_pow.o)
 .glue_7        0x0001510c        0x0 c:/asctec_arm_sdk/winarm/bin/../lib/gcc/arm-elf/4.1.1/../../../../arm-elf/lib/thumb/interwork\libm.a(e_rem_pio2.o)
 .glue_7        0x0001510c        0x0 c:/asctec_arm_sdk/winarm/bin/../lib/gcc/arm-elf/4.1.1/../../../../arm-elf/lib/thumb/interwork\libm.a(e_sqrt.o)
 .glue_7        0x0001510c        0x0 c:/asctec_arm_sdk/winarm/bin/../lib/gcc/arm-elf/4.1.1/../../../../arm-elf/lib/thumb/interwork\libm.a(k_cos.o)
 .glue_7        0x0001510c        0x0 c:/asctec_arm_sdk/winarm/bin/../lib/gcc/arm-elf/4.1.1/../../../../arm-elf/lib/thumb/interwork\libm.a(k_rem_pio2.o)
 .glue_7        0x0001510c        0x0 c:/asctec_arm_sdk/winarm/bin/../lib/gcc/arm-elf/4.1.1/../../../../arm-elf/lib/thumb/interwork\libm.a(k_sin.o)
 .glue_7        0x0001510c        0x0 c:/asctec_arm_sdk/winarm/bin/../lib/gcc/arm-elf/4.1.1/../../../../arm-elf/lib/thumb/interwork\libm.a(s_fabs.o)
 .glue_7        0x0001510c        0x0 c:/asctec_arm_sdk/winarm/bin/../lib/gcc/arm-elf/4.1.1/../../../../arm-elf/lib/thumb/interwork\libm.a(s_finite.o)
 .glue_7        0x0001510c        0x0 c:/asctec_arm_sdk/winarm/bin/../lib/gcc/arm-elf/4.1.1/../../../../arm-elf/lib/thumb/interwork\libm.a(s_floor.o)
 .glue_7        0x0001510c        0x0 c:/asctec_arm_sdk/winarm/bin/../lib/gcc/arm-elf/4.1.1/../../../../arm-elf/lib/thumb/interwork\libm.a(s_lib_ver.o)
 .glue_7        0x0001510c        0x0 c:/asctec_arm_sdk/winarm/bin/../lib/gcc/arm-elf/4.1.1/../../../../arm-elf/lib/thumb/interwork\libm.a(s_matherr.o)
 .glue_7        0x0001510c        0x0 c:/asctec_arm_sdk/winarm/bin/../lib/gcc/arm-elf/4.1.1/../../../../arm-elf/lib/thumb/interwork\libm.a(s_rint.o)
 .glue_7        0x0001510c        0x0 c:/asctec_arm_sdk/winarm/bin/../lib/gcc/arm-elf/4.1.1/../../../../arm-elf/lib/thumb/interwork\libm.a(s_scalbn.o)
 .glue_7        0x0001510c        0x0 c:/asctec_arm_sdk/winarm/bin/../lib/gcc/arm-elf/4.1.1/../../../../arm-elf/lib/thumb/interwork\libm.a(s_copysign.o)
 .glue_7        0x0001510c        0x0 c:/asctec_arm_sdk/winarm/bin/../lib/gcc/arm-elf/4.1.1/../../../../arm-elf/lib/thumb/interwork\libc.a(errno.o)
 .glue_7        0x0001510c        0x0 c:/asctec_arm_sdk/winarm/bin/../lib/gcc/arm-elf/4.1.1/thumb/interwork\libgcc.a(_udivsi3.o)
 .glue_7        0x0001510c        0x0 c:/asctec_arm_sdk/winarm/bin/../lib/gcc/arm-elf/4.1.1/thumb/interwork\libgcc.a(_divsi3.o)
 .glue_7        0x0001510c        0x0 c:/asctec_arm_sdk/winarm/bin/../lib/gcc/arm-elf/4.1.1/thumb/interwork\libgcc.a(_umodsi3.o)
 .glue_7        0x0001510c        0x0 c:/asctec_arm_sdk/winarm/bin/../lib/gcc/arm-elf/4.1.1/thumb/interwork\libgcc.a(_modsi3.o)
 .glue_7        0x0001510c        0x0 c:/asctec_arm_sdk/winarm/bin/../lib/gcc/arm-elf/4.1.1/thumb/interwork\libgcc.a(_dvmd_tls.o)
 .glue_7        0x0001510c        0x0 c:/asctec_arm_sdk/winarm/bin/../lib/gcc/arm-elf/4.1.1/thumb/interwork\libgcc.a(_addsubdf3.o)
 .glue_7        0x0001510c        0x0 c:/asctec_arm_sdk/winarm/bin/../lib/gcc/arm-elf/4.1.1/thumb/interwork\libgcc.a(_muldivdf3.o)
 .glue_7        0x0001510c        0x0 c:/asctec_arm_sdk/winarm/bin/../lib/gcc/arm-elf/4.1.1/thumb/interwork\libgcc.a(_cmpdf2.o)
 .glue_7        0x0001510c        0x0 c:/asctec_arm_sdk/winarm/bin/../lib/gcc/arm-elf/4.1.1/thumb/interwork\libgcc.a(_fixdfsi.o)
 .glue_7        0x0001510c        0x0 c:/asctec_arm_sdk/winarm/bin/../lib/gcc/arm-elf/4.1.1/thumb/interwork\libgcc.a(_truncdfsf2.o)
 .glue_7        0x0001510c        0x0 c:/asctec_arm_sdk/winarm/bin/../lib/gcc/arm-elf/4.1.1/thumb/interwork\libgcc.a(_addsubsf3.o)
 .glue_7        0x0001510c        0x0 c:/asctec_arm_sdk/winarm/bin/../lib/gcc/arm-elf/4.1.1/thumb/interwork\libgcc.a(_muldivsf3.o)
 .glue_7        0x0001510c        0x0 c:/asctec_arm_sdk/winarm/bin/../lib/gcc/arm-elf/4.1.1/thumb/interwork\libgcc.a(_cmpsf2.o)
 .glue_7        0x0001510c        0x0 c:/asctec_arm_sdk/winarm/bin/../lib/gcc/arm-elf/4.1.1/thumb/interwork\libgcc.a(_fixsfsi.o)
 .glue_7        0x0001510c        0x0 c:/asctec_arm_sdk/winarm/bin/../lib/gcc/arm-elf/4.1.1/thumb/interwork\libgcc.a(_divdi3.o)
 .glue_7        0x0001510c       0x78 c:/asctec_arm_sdk/winarm/bin/../lib/gcc/arm-elf/4.1.1/thumb/interwork\libgcc.a(_clz.o)
                0x00015124                ____divdi3_from_arm
                0x0001510c                __cos_from_arm
                0x00015118                ____umodsi3_from_arm
                0x0001516c                ____udivsi3_from_arm
                0x00015178                __memcpy_from_arm
                0x00015148                __puts_from_arm
                0x00015154                __printf_from_arm
                0x0001513c                __sin_from_arm
                0x00015160                __sqrt_from_arm
                0x00015130                __pow_from_arm
 *(.glue_7t)
 .glue_7t       0x00015184        0x0 external/Common_WinARM/src/Startup.o
 .glue_7t       0x00015184        0x0 external/Common_WinARM/src/swi_handler.o
 .glue_7t       0x00015184        0x0 src/LL_HL_comm.o
 .glue_7t       0x00015184        0x0 src/gpsmath.o
 .glue_7t       0x00015184        0x0 src/buzzer.o
 .glue_7t       0x00015184        0x0 src/sdk.o
 .glue_7t       0x00015184        0x0 src/comm_util_LL.o
 .glue_7t       0x00015184        0x0 src/util.o
 .glue_7t       0x00015184        0x0 src/pid.o
 .glue_7t       0x00015184        0x0 src/kalman.o
 .glue_7t       0x00015184        0x0 src/matrices.o
 .glue_7t       0x00015184        0x0 mav_common/src/comm_util.o
 .glue_7t       0x00015184        0x0 src/main.o
 .glue_7t       0x00015184        0x0 src/hardware.o
 .glue_7t       0x00015184        0x0 src/LPC2k_ee.o
 .glue_7t       0x00015184        0x0 src/system.o
 .glue_7t       0x00015184        0x0 src/uart.o
 .glue_7t       0x00015184        0x0 src/uart1.o
 .glue_7t       0x00015184        0x0 src/syscalls.o
 .glue_7t       0x00015184        0x0 src/i2c.o
 .glue_7t       0x00015184        0x0 src/adc.o
 .glue_7t       0x00015184        0x0 src/ssp.o
 .glue_7t       0x00015184        0x0 external/Common_WinARM/src/irq.o
 .glue_7t       0x00015184        0x0 external/Common_WinARM/src/interrupt_utils.o
 .glue_7t       0x00015184        0x0 c:/asctec_arm_sdk/winarm/bin/../lib/gcc/arm-elf/4.1.1/../../../../arm-elf/lib/thumb/interwork\libc.a(memcpy.o)
 .glue_7t       0x00015184        0x0 c:/asctec_arm_sdk/winarm/bin/../lib/gcc/arm-elf/4.1.1/../../../../arm-elf/lib/thumb/interwork\libc.a(printf.o)
 .glue_7t       0x00015184        0x0 c:/asctec_arm_sdk/winarm/bin/../lib/gcc/arm-elf/4.1.1/../../../../arm-elf/lib/thumb/interwork\libc.a(puts.o)
 .glue_7t       0x00015184        0x0 c:/asctec_arm_sdk/winarm/bin/../lib/gcc/arm-elf/4.1.1/../../../../arm-elf/lib/thumb/interwork\libc.a(strlen.o)
 .glue_7t       0x00015184        0x0 c:/asctec_arm_sdk/winarm/bin/../lib/gcc/arm-elf/4.1.1/../../../../arm-elf/lib/thumb/interwork\libc.a(vfprintf.o)
 .glue_7t       0x00015184        0x0 c:/asctec_arm_sdk/winarm/bin/../lib/gcc/arm-elf/4.1.1/../../../../arm-elf/lib/thumb/interwork\libc.a(wcrtomb.o)
 .glue_7t       0x00015184        0x0 c:/asctec_arm_sdk/winarm/bin/../lib/gcc/arm-elf/4.1.1/../../../../arm-elf/lib/thumb/interwork\libc.a(wcsrtombs.o)
 .glue_7t       0x00015184        0x0 c:/asctec_arm_sdk/winarm/bin/../lib/gcc/arm-elf/4.1.1/../../../../arm-elf/lib/thumb/interwork\libc.a(wctomb_r.o)
 .glue_7t       0x00015184        0x0 c:/asctec_arm_sdk/winarm/bin/../lib/gcc/arm-elf/4.1.1/../../../../arm-elf/lib/thumb/interwork\libc.a(wsetup.o)
 .glue_7t       0x00015184        0x0 c:/asctec_arm_sdk/winarm/bin/../lib/gcc/arm-elf/4.1.1/../../../../arm-elf/lib/thumb/interwork\libc.a(dtoa.o)
 .glue_7t       0x00015184        0x0 c:/asctec_arm_sdk/winarm/bin/../lib/gcc/arm-elf/4.1.1/../../../../arm-elf/lib/thumb/interwork\libc.a(fflush.o)
 .glue_7t       0x00015184        0x0 c:/asctec_arm_sdk/winarm/bin/../lib/gcc/arm-elf/4.1.1/../../../../arm-elf/lib/thumb/interwork\libc.a(findfp.o)
 .glue_7t       0x00015184        0x0 c:/asctec_arm_sdk/winarm/bin/../lib/gcc/arm-elf/4.1.1/../../../../arm-elf/lib/thumb/interwork\libc.a(freer.o)
 .glue_7t       0x00015184        0x0 c:/asctec_arm_sdk/winarm/bin/../lib/gcc/arm-elf/4.1.1/../../../../arm-elf/lib/thumb/interwork\libc.a(fvwrite.o)
 .glue_7t       0x00015184        0x0 c:/asctec_arm_sdk/winarm/bin/../lib/gcc/arm-elf/4.1.1/../../../../arm-elf/lib/thumb/interwork\libc.a(fwalk.o)
 .glue_7t       0x00015184        0x0 c:/asctec_arm_sdk/winarm/bin/../lib/gcc/arm-elf/4.1.1/../../../../arm-elf/lib/thumb/interwork\libc.a(impure.o)
 .glue_7t       0x00015184        0x0 c:/asctec_arm_sdk/winarm/bin/../lib/gcc/arm-elf/4.1.1/../../../../arm-elf/lib/thumb/interwork\libc.a(locale.o)
 .glue_7t       0x00015184        0x0 c:/asctec_arm_sdk/winarm/bin/../lib/gcc/arm-elf/4.1.1/../../../../arm-elf/lib/thumb/interwork\libc.a(makebuf.o)
 .glue_7t       0x00015184        0x0 c:/asctec_arm_sdk/winarm/bin/../lib/gcc/arm-elf/4.1.1/../../../../arm-elf/lib/thumb/interwork\libc.a(mallocr.o)
 .glue_7t       0x00015184        0x0 c:/asctec_arm_sdk/winarm/bin/../lib/gcc/arm-elf/4.1.1/../../../../arm-elf/lib/thumb/interwork\libc.a(memchr.o)
 .glue_7t       0x00015184        0x0 c:/asctec_arm_sdk/winarm/bin/../lib/gcc/arm-elf/4.1.1/../../../../arm-elf/lib/thumb/interwork\libc.a(memmove.o)
 .glue_7t       0x00015184        0x0 c:/asctec_arm_sdk/winarm/bin/../lib/gcc/arm-elf/4.1.1/../../../../arm-elf/lib/thumb/interwork\libc.a(memset.o)
 .glue_7t       0x00015184        0x0 c:/asctec_arm_sdk/winarm/bin/../lib/gcc/arm-elf/4.1.1/../../../../arm-elf/lib/thumb/interwork\libc.a(mlock.o)
 .glue_7t       0x00015184        0x0 c:/asctec_arm_sdk/winarm/bin/../lib/gcc/arm-elf/4.1.1/../../../../arm-elf/lib/thumb/interwork\libc.a(mprec.o)
 .glue_7t       0x00015184        0x0 c:/asctec_arm_sdk/winarm/bin/../lib/gcc/arm-elf/4.1.1/../../../../arm-elf/lib/thumb/interwork\libc.a(reallocr.o)
 .glue_7t       0x00015184        0x0 c:/asctec_arm_sdk/winarm/bin/../lib/gcc/arm-elf/4.1.1/../../../../arm-elf/lib/thumb/interwork\libc.a(s_isinf.o)
 .glue_7t       0x00015184        0x0 c:/asctec_arm_sdk/winarm/bin/../lib/gcc/arm-elf/4.1.1/../../../../arm-elf/lib/thumb/interwork\libc.a(s_isnan.o)
 .glue_7t       0x00015184        0x0 c:/asctec_arm_sdk/winarm/bin/../lib/gcc/arm-elf/4.1.1/../../../../arm-elf/lib/thumb/interwork\libc.a(stdio.o)
 .glue_7t       0x00015184        0x0 c:/asctec_arm_sdk/winarm/bin/../lib/gcc/arm-elf/4.1.1/../../../../arm-elf/lib/thumb/interwork\libc.a(strcmp.o)
 .glue_7t       0x00015184        0x0 c:/asctec_arm_sdk/winarm/bin/../lib/gcc/arm-elf/4.1.1/../../../../arm-elf/lib/thumb/interwork\libc.a(callocr.o)
 .glue_7t       0x00015184        0x0 c:/asctec_arm_sdk/winarm/bin/../lib/gcc/arm-elf/4.1.1/../../../../arm-elf/lib/thumb/interwork\libc.a(fclose.o)
 .glue_7t       0x00015184        0x0 c:/asctec_arm_sdk/winarm/bin/../lib/gcc/arm-elf/4.1.1/../../../../arm-elf/lib/thumb/interwork\libm.a(s_cos.o)
 .glue_7t       0x00015184        0x0 c:/asctec_arm_sdk/winarm/bin/../lib/gcc/arm-elf/4.1.1/../../../../arm-elf/lib/thumb/interwork\libm.a(s_sin.o)
 .glue_7t       0x00015184        0x0 c:/asctec_arm_sdk/winarm/bin/../lib/gcc/arm-elf/4.1.1/../../../../arm-elf/lib/thumb/interwork\libm.a(w_pow.o)
 .glue_7t       0x00015184        0x0 c:/asctec_arm_sdk/winarm/bin/../lib/gcc/arm-elf/4.1.1/../../../../arm-elf/lib/thumb/interwork\libm.a(w_sqrt.o)
 .glue_7t       0x00015184        0x0 c:/asctec_arm_sdk/winarm/bin/../lib/gcc/arm-elf/4.1.1/../../../../arm-elf/lib/thumb/interwork\libm.a(e_pow.o)
 .glue_7t       0x00015184        0x0 c:/asctec_arm_sdk/winarm/bin/../lib/gcc/arm-elf/4.1.1/../../../../arm-elf/lib/thumb/interwork\libm.a(e_rem_pio2.o)
 .glue_7t       0x00015184        0x0 c:/asctec_arm_sdk/winarm/bin/../lib/gcc/arm-elf/4.1.1/../../../../arm-elf/lib/thumb/interwork\libm.a(e_sqrt.o)
 .glue_7t       0x00015184        0x0 c:/asctec_arm_sdk/winarm/bin/../lib/gcc/arm-elf/4.1.1/../../../../arm-elf/lib/thumb/interwork\libm.a(k_cos.o)
 .glue_7t       0x00015184        0x0 c:/asctec_arm_sdk/winarm/bin/../lib/gcc/arm-elf/4.1.1/../../../../arm-elf/lib/thumb/interwork\libm.a(k_rem_pio2.o)
 .glue_7t       0x00015184        0x0 c:/asctec_arm_sdk/winarm/bin/../lib/gcc/arm-elf/4.1.1/../../../../arm-elf/lib/thumb/interwork\libm.a(k_sin.o)
 .glue_7t       0x00015184        0x0 c:/asctec_arm_sdk/winarm/bin/../lib/gcc/arm-elf/4.1.1/../../../../arm-elf/lib/thumb/interwork\libm.a(s_fabs.o)
 .glue_7t       0x00015184        0x0 c:/asctec_arm_sdk/winarm/bin/../lib/gcc/arm-elf/4.1.1/../../../../arm-elf/lib/thumb/interwork\libm.a(s_finite.o)
 .glue_7t       0x00015184        0x0 c:/asctec_arm_sdk/winarm/bin/../lib/gcc/arm-elf/4.1.1/../../../../arm-elf/lib/thumb/interwork\libm.a(s_floor.o)
 .glue_7t       0x00015184        0x0 c:/asctec_arm_sdk/winarm/bin/../lib/gcc/arm-elf/4.1.1/../../../../arm-elf/lib/thumb/interwork\libm.a(s_lib_ver.o)
 .glue_7t       0x00015184        0x0 c:/asctec_arm_sdk/winarm/bin/../lib/gcc/arm-elf/4.1.1/../../../../arm-elf/lib/thumb/interwork\libm.a(s_matherr.o)
 .glue_7t       0x00015184        0x0 c:/asctec_arm_sdk/winarm/bin/../lib/gcc/arm-elf/4.1.1/../../../../arm-elf/lib/thumb/interwork\libm.a(s_rint.o)
 .glue_7t       0x00015184        0x0 c:/asctec_arm_sdk/winarm/bin/../lib/gcc/arm-elf/4.1.1/../../../../arm-elf/lib/thumb/interwork\libm.a(s_scalbn.o)
 .glue_7t       0x00015184        0x0 c:/asctec_arm_sdk/winarm/bin/../lib/gcc/arm-elf/4.1.1/../../../../arm-elf/lib/thumb/interwork\libm.a(s_copysign.o)
 .glue_7t       0x00015184        0x0 c:/asctec_arm_sdk/winarm/bin/../lib/gcc/arm-elf/4.1.1/../../../../arm-elf/lib/thumb/interwork\libc.a(errno.o)
 .glue_7t       0x00015184        0x0 c:/asctec_arm_sdk/winarm/bin/../lib/gcc/arm-elf/4.1.1/thumb/interwork\libgcc.a(_udivsi3.o)
 .glue_7t       0x00015184        0x0 c:/asctec_arm_sdk/winarm/bin/../lib/gcc/arm-elf/4.1.1/thumb/interwork\libgcc.a(_divsi3.o)
 .glue_7t       0x00015184        0x0 c:/asctec_arm_sdk/winarm/bin/../lib/gcc/arm-elf/4.1.1/thumb/interwork\libgcc.a(_umodsi3.o)
 .glue_7t       0x00015184        0x0 c:/asctec_arm_sdk/winarm/bin/../lib/gcc/arm-elf/4.1.1/thumb/interwork\libgcc.a(_modsi3.o)
 .glue_7t       0x00015184        0x0 c:/asctec_arm_sdk/winarm/bin/../lib/gcc/arm-elf/4.1.1/thumb/interwork\libgcc.a(_dvmd_tls.o)
 .glue_7t       0x00015184        0x0 c:/asctec_arm_sdk/winarm/bin/../lib/gcc/arm-elf/4.1.1/thumb/interwork\libgcc.a(_addsubdf3.o)
 .glue_7t       0x00015184        0x0 c:/asctec_arm_sdk/winarm/bin/../lib/gcc/arm-elf/4.1.1/thumb/interwork\libgcc.a(_muldivdf3.o)
 .glue_7t       0x00015184        0x0 c:/asctec_arm_sdk/winarm/bin/../lib/gcc/arm-elf/4.1.1/thumb/interwork\libgcc.a(_cmpdf2.o)
 .glue_7t       0x00015184        0x0 c:/asctec_arm_sdk/winarm/bin/../lib/gcc/arm-elf/4.1.1/thumb/interwork\libgcc.a(_fixdfsi.o)
 .glue_7t       0x00015184        0x0 c:/asctec_arm_sdk/winarm/bin/../lib/gcc/arm-elf/4.1.1/thumb/interwork\libgcc.a(_truncdfsf2.o)
 .glue_7t       0x00015184        0x0 c:/asctec_arm_sdk/winarm/bin/../lib/gcc/arm-elf/4.1.1/thumb/interwork\libgcc.a(_addsubsf3.o)
 .glue_7t       0x00015184        0x0 c:/asctec_arm_sdk/winarm/bin/../lib/gcc/arm-elf/4.1.1/thumb/interwork\libgcc.a(_muldivsf3.o)
 .glue_7t       0x00015184        0x0 c:/asctec_arm_sdk/winarm/bin/../lib/gcc/arm-elf/4.1.1/thumb/interwork\libgcc.a(_cmpsf2.o)
 .glue_7t       0x00015184        0x0 c:/asctec_arm_sdk/winarm/bin/../lib/gcc/arm-elf/4.1.1/thumb/interwork\libgcc.a(_fixsfsi.o)
 .glue_7t       0x00015184        0x0 c:/asctec_arm_sdk/winarm/bin/../lib/gcc/arm-elf/4.1.1/thumb/interwork\libgcc.a(_divdi3.o)
 .glue_7t       0x00015184       0x98 c:/asctec_arm_sdk/winarm/bin/../lib/gcc/arm-elf/4.1.1/thumb/interwork\libgcc.a(_clz.o)
                0x000151e0                ___sbrk_r_change_to_arm
                0x0001520c                ___read_r_from_thumb
                0x000151cc                ____gtdf2_from_thumb
                0x000151ac                ____subdf3_from_thumb
                0x00015188                ____ltdf2_change_to_arm
                0x00015214                ____ledf2_from_thumb
                0x000151b0                ____subdf3_change_to_arm
                0x000151d8                ____gedf2_change_to_arm
                0x000151e4                ___fstat_r_from_thumb
                0x000151f0                __isatty_change_to_arm
                0x00015194                ____eqdf2_from_thumb
                0x000151f8                ___close_r_change_to_arm
                0x00015210                ___read_r_change_to_arm
                0x000151bc                ____fixdfsi_from_thumb
                0x000151c8                ____divdf3_change_to_arm
                0x000151d4                ____gedf2_from_thumb
                0x000151e8                ___fstat_r_change_to_arm
                0x000151b8                ____muldf3_change_to_arm
                0x00015200                ___lseek_r_change_to_arm
                0x000151c0                ____fixdfsi_change_to_arm
                0x000151c4                ____divdf3_from_thumb
                0x000151a8                ____adddf3_change_to_arm
                0x000151d0                ____gtdf2_change_to_arm
                0x00015208                ___write_r_change_to_arm
                0x000151fc                ___lseek_r_from_thumb
                0x0001519c                ____floatsidf_from_thumb
                0x00015184                ____ltdf2_from_thumb
                0x00015190                ____nedf2_change_to_arm
                0x000151a4                ____adddf3_from_thumb
                0x000151f4                ___close_r_from_thumb
                0x00015198                ____eqdf2_change_to_arm
                0x000151dc                ___sbrk_r_from_thumb
                0x000151b4                ____muldf3_from_thumb
                0x0001518c                ____nedf2_from_thumb
                0x00015218                ____ledf2_change_to_arm
                0x00015204                ___write_r_from_thumb
                0x000151a0                ____floatsidf_change_to_arm
                0x000151ec                __isatty_from_thumb
 *(.gcc_except_table)
 *(.rodata)
 .rodata        0x0001521c       0x64 src/main.o
 .rodata        0x00015280      0x105 src/uart1.o
                0x000152a4                GPS_CFG_MSG
                0x00015364                GPS_CFG_RATE
                0x00015336                GPS_CFG_NAV2
                0x0001529a                GPS_CFG_ANT
                0x00015370                GPS_CFG_CFG
                0x00015280                GPS_CFG_PRT
                0x00015328                GPS_CFG_SBAS
 *fill*         0x00015385        0x3 00
 .rodata        0x00015388      0x184 c:/asctec_arm_sdk/winarm/bin/../lib/gcc/arm-elf/4.1.1/../../../../arm-elf/lib/thumb/interwork\libc.a(vfprintf.o)
 .rodata        0x0001550c       0x18 c:/asctec_arm_sdk/winarm/bin/../lib/gcc/arm-elf/4.1.1/../../../../arm-elf/lib/thumb/interwork\libc.a(dtoa.o)
 .rodata        0x00015524        0x4 c:/asctec_arm_sdk/winarm/bin/../lib/gcc/arm-elf/4.1.1/../../../../arm-elf/lib/thumb/interwork\libc.a(impure.o)
                0x00015524                _global_impure_ptr
 .rodata        0x00015528       0x34 c:/asctec_arm_sdk/winarm/bin/../lib/gcc/arm-elf/4.1.1/../../../../arm-elf/lib/thumb/interwork\libc.a(locale.o)
 .rodata        0x0001555c      0x124 c:/asctec_arm_sdk/winarm/bin/../lib/gcc/arm-elf/4.1.1/../../../../arm-elf/lib/thumb/interwork\libc.a(mprec.o)
                0x0001564c                __mprec_tinytens
                0x0001555c                __mprec_tens
                0x00015624                __mprec_bigtens
 .rodata        0x00015680       0x30 c:/asctec_arm_sdk/winarm/bin/../lib/gcc/arm-elf/4.1.1/../../../../arm-elf/lib/thumb/interwork\libm.a(e_pow.o)
 .rodata        0x000156b0      0x188 c:/asctec_arm_sdk/winarm/bin/../lib/gcc/arm-elf/4.1.1/../../../../arm-elf/lib/thumb/interwork\libm.a(e_rem_pio2.o)
 .rodata        0x00015838       0x50 c:/asctec_arm_sdk/winarm/bin/../lib/gcc/arm-elf/4.1.1/../../../../arm-elf/lib/thumb/interwork\libm.a(k_rem_pio2.o)
 .rodata        0x00015888        0x4 c:/asctec_arm_sdk/winarm/bin/../lib/gcc/arm-elf/4.1.1/../../../../arm-elf/lib/thumb/interwork\libm.a(s_lib_ver.o)
                0x00015888                __fdlib_version
 .rodata        0x0001588c       0x10 c:/asctec_arm_sdk/winarm/bin/../lib/gcc/arm-elf/4.1.1/../../../../arm-elf/lib/thumb/interwork\libm.a(s_rint.o)
 .rodata        0x0001589c      0x100 c:/asctec_arm_sdk/winarm/bin/../lib/gcc/arm-elf/4.1.1/thumb/interwork\libgcc.a(_clz.o)
                0x0001589c                __clz_tab
 *(.rodata*)
 .rodata.str1.4
                0x0001599c        0x2 c:/asctec_arm_sdk/winarm/bin/../lib/gcc/arm-elf/4.1.1/../../../../arm-elf/lib/thumb/interwork\libc.a(puts.o)
                                  0x4 (size before relaxing)
 *fill*         0x0001599e        0x2 00
 .rodata.str1.4
                0x000159a0       0x63 c:/asctec_arm_sdk/winarm/bin/../lib/gcc/arm-elf/4.1.1/../../../../arm-elf/lib/thumb/interwork\libc.a(vfprintf.o)
                                 0x64 (size before relaxing)
 *fill*         0x00015a03        0x1 00
 .rodata.str1.4
                0x00015a04       0x1e c:/asctec_arm_sdk/winarm/bin/../lib/gcc/arm-elf/4.1.1/../../../../arm-elf/lib/thumb/interwork\libc.a(wctomb_r.o)
                                 0x20 (size before relaxing)
 *fill*         0x00015a22        0x2 00
 .rodata.str1.4
                0x00015a24       0x10 c:/asctec_arm_sdk/winarm/bin/../lib/gcc/arm-elf/4.1.1/../../../../arm-elf/lib/thumb/interwork\libc.a(dtoa.o)
                                 0x14 (size before relaxing)
 .rodata.str1.4
                0x00015a34        0x2 c:/asctec_arm_sdk/winarm/bin/../lib/gcc/arm-elf/4.1.1/../../../../arm-elf/lib/thumb/interwork\libc.a(impure.o)
                                  0x4 (size before relaxing)
 *fill*         0x00015a36        0x2 00
 .rodata.str1.4
                0x00015a38        0xb c:/asctec_arm_sdk/winarm/bin/../lib/gcc/arm-elf/4.1.1/../../../../arm-elf/lib/thumb/interwork\libc.a(locale.o)
                                 0x18 (size before relaxing)
 *fill*         0x00015a43        0x1 00
 .rodata.str1.4
                0x00015a44        0x4 c:/asctec_arm_sdk/winarm/bin/../lib/gcc/arm-elf/4.1.1/../../../../arm-elf/lib/thumb/interwork\libm.a(w_pow.o)
 .rodata.str1.4
                0x00015a48        0x8 c:/asctec_arm_sdk/winarm/bin/../lib/gcc/arm-elf/4.1.1/../../../../arm-elf/lib/thumb/interwork\libm.a(w_sqrt.o)
 *(.gnu.linkonce.r.*)
                0x00015a50                . = ALIGN (0x4)
                0x00015a50                . = ALIGN (0x4)

.ctors          0x00015a50        0x0
                0x00015a50                PROVIDE (__ctors_start__, .)
 *(SORT(.ctors.*))
 *(.ctors)
                0x00015a50                . = ALIGN (0x4)
                0x00015a50                PROVIDE (__ctors_end__, .)
                0x00015a50                . = ALIGN (0x4)

.dtors          0x00015a50        0x0
                0x00015a50                PROVIDE (__dtors_start__, .)
 *(SORT(.dtors.*))
 *(.dtors)
                0x00015a50                . = ALIGN (0x4)
                0x00015a50                PROVIDE (__dtors_end__, .)
                0x00015a50                . = ALIGN (0x4)
                0x00015a50                . = ALIGN (0x4)
                0x00015a50                _etext = .
                0x00015a50                PROVIDE (etext, .)

.data           0x40000000      0x844 load address 0x00015a50
                0x40000000                _data = .
 *(.vectmapped)
                0x40000000                . = ALIGN (0x4)
 *(.fastrun)
                0x40000000                . = ALIGN (0x4)
                0x40000000                . = ALIGN (0x4)
 *(.data)
 .data          0x40000000        0x0 external/Common_WinARM/src/Startup.o
 .data          0x40000000        0x0 external/Common_WinARM/src/swi_handler.o
 .data          0x40000000        0x0 src/LL_HL_comm.o
 .data          0x40000000        0x0 src/gpsmath.o
 .data          0x40000000        0x0 src/buzzer.o
 .data          0x40000000        0x2 src/sdk.o
                0x40000000                time_step
 .data          0x40000002        0x0 src/comm_util_LL.o
 .data          0x40000002        0x0 src/util.o
 .data          0x40000002        0x0 src/pid.o
 .data          0x40000002        0x2 src/kalman.o
 .data          0x40000004        0x0 src/matrices.o
 .data          0x40000004        0x0 mav_common/src/comm_util.o
 .data          0x40000004        0x8 src/main.o
                0x40000004                DataOutputsPerSecond
 .data          0x4000000c        0x0 src/hardware.o
 .data          0x4000000c        0x0 src/LPC2k_ee.o
 .data          0x4000000c        0x0 src/system.o
 .data          0x4000000c        0x8 src/uart.o
                0x4000000e                uart0_min_rx_buffer
                0x4000000c                uart0_min_tx_buffer
 .data          0x40000014        0x7 src/uart1.o
                0x40000018                stopstring
                0x40000015                startstring
                0x40000014                chksum_trigger
 .data          0x4000001b        0x0 src/syscalls.o
 .data          0x4000001b        0x0 src/i2c.o
 .data          0x4000001b        0x0 src/adc.o
 .data          0x4000001b        0x3 src/ssp.o
                0x4000001c                SSP_receiption_complete
                0x4000001d                data_sent_to_HL
                0x4000001b                data_sent_to_LL
 .data          0x4000001e        0x0 external/Common_WinARM/src/irq.o
 .data          0x4000001e        0x0 external/Common_WinARM/src/interrupt_utils.o
 .data          0x4000001e        0x0 c:/asctec_arm_sdk/winarm/bin/../lib/gcc/arm-elf/4.1.1/../../../../arm-elf/lib/thumb/interwork\libc.a(memcpy.o)
 .data          0x4000001e        0x0 c:/asctec_arm_sdk/winarm/bin/../lib/gcc/arm-elf/4.1.1/../../../../arm-elf/lib/thumb/interwork\libc.a(printf.o)
 .data          0x4000001e        0x0 c:/asctec_arm_sdk/winarm/bin/../lib/gcc/arm-elf/4.1.1/../../../../arm-elf/lib/thumb/interwork\libc.a(puts.o)
 .data          0x4000001e        0x0 c:/asctec_arm_sdk/winarm/bin/../lib/gcc/arm-elf/4.1.1/../../../../arm-elf/lib/thumb/interwork\libc.a(strlen.o)
 .data          0x4000001e        0x0 c:/asctec_arm_sdk/winarm/bin/../lib/gcc/arm-elf/4.1.1/../../../../arm-elf/lib/thumb/interwork\libc.a(vfprintf.o)
 .data          0x4000001e        0x0 c:/asctec_arm_sdk/winarm/bin/../lib/gcc/arm-elf/4.1.1/../../../../arm-elf/lib/thumb/interwork\libc.a(wcrtomb.o)
 .data          0x4000001e        0x0 c:/asctec_arm_sdk/winarm/bin/../lib/gcc/arm-elf/4.1.1/../../../../arm-elf/lib/thumb/interwork\libc.a(wcsrtombs.o)
 .data          0x4000001e        0x0 c:/asctec_arm_sdk/winarm/bin/../lib/gcc/arm-elf/4.1.1/../../../../arm-elf/lib/thumb/interwork\libc.a(wctomb_r.o)
 .data          0x4000001e        0x0 c:/asctec_arm_sdk/winarm/bin/../lib/gcc/arm-elf/4.1.1/../../../../arm-elf/lib/thumb/interwork\libc.a(wsetup.o)
 .data          0x4000001e        0x0 c:/asctec_arm_sdk/winarm/bin/../lib/gcc/arm-elf/4.1.1/../../../../arm-elf/lib/thumb/interwork\libc.a(dtoa.o)
 .data          0x4000001e        0x0 c:/asctec_arm_sdk/winarm/bin/../lib/gcc/arm-elf/4.1.1/../../../../arm-elf/lib/thumb/interwork\libc.a(fflush.o)
 .data          0x4000001e        0x0 c:/asctec_arm_sdk/winarm/bin/../lib/gcc/arm-elf/4.1.1/../../../../arm-elf/lib/thumb/interwork\libc.a(findfp.o)
 .data          0x4000001e        0x0 c:/asctec_arm_sdk/winarm/bin/../lib/gcc/arm-elf/4.1.1/../../../../arm-elf/lib/thumb/interwork\libc.a(freer.o)
 .data          0x4000001e        0x0 c:/asctec_arm_sdk/winarm/bin/../lib/gcc/arm-elf/4.1.1/../../../../arm-elf/lib/thumb/interwork\libc.a(fvwrite.o)
 .data          0x4000001e        0x0 c:/asctec_arm_sdk/winarm/bin/../lib/gcc/arm-elf/4.1.1/../../../../arm-elf/lib/thumb/interwork\libc.a(fwalk.o)
 *fill*         0x4000001e        0x2 00
 .data          0x40000020      0x404 c:/asctec_arm_sdk/winarm/bin/../lib/gcc/arm-elf/4.1.1/../../../../arm-elf/lib/thumb/interwork\libc.a(impure.o)
                0x40000020                _impure_ptr
 .data          0x40000424       0x10 c:/asctec_arm_sdk/winarm/bin/../lib/gcc/arm-elf/4.1.1/../../../../arm-elf/lib/thumb/interwork\libc.a(locale.o)
                0x40000424                __mb_cur_max
                0x40000428                __lc_ctype
 .data          0x40000434        0x0 c:/asctec_arm_sdk/winarm/bin/../lib/gcc/arm-elf/4.1.1/../../../../arm-elf/lib/thumb/interwork\libc.a(makebuf.o)
 .data          0x40000434      0x410 c:/asctec_arm_sdk/winarm/bin/../lib/gcc/arm-elf/4.1.1/../../../../arm-elf/lib/thumb/interwork\libc.a(mallocr.o)
                0x40000840                __malloc_sbrk_base
                0x40000434                __malloc_av_
                0x4000083c                __malloc_trim_threshold
 .data          0x40000844        0x0 c:/asctec_arm_sdk/winarm/bin/../lib/gcc/arm-elf/4.1.1/../../../../arm-elf/lib/thumb/interwork\libc.a(memchr.o)
 .data          0x40000844        0x0 c:/asctec_arm_sdk/winarm/bin/../lib/gcc/arm-elf/4.1.1/../../../../arm-elf/lib/thumb/interwork\libc.a(memmove.o)
 .data          0x40000844        0x0 c:/asctec_arm_sdk/winarm/bin/../lib/gcc/arm-elf/4.1.1/../../../../arm-elf/lib/thumb/interwork\libc.a(memset.o)
 .data          0x40000844        0x0 c:/asctec_arm_sdk/winarm/bin/../lib/gcc/arm-elf/4.1.1/../../../../arm-elf/lib/thumb/interwork\libc.a(mlock.o)
 .data          0x40000844        0x0 c:/asctec_arm_sdk/winarm/bin/../lib/gcc/arm-elf/4.1.1/../../../../arm-elf/lib/thumb/interwork\libc.a(mprec.o)
 .data          0x40000844        0x0 c:/asctec_arm_sdk/winarm/bin/../lib/gcc/arm-elf/4.1.1/../../../../arm-elf/lib/thumb/interwork\libc.a(reallocr.o)
 .data          0x40000844        0x0 c:/asctec_arm_sdk/winarm/bin/../lib/gcc/arm-elf/4.1.1/../../../../arm-elf/lib/thumb/interwork\libc.a(s_isinf.o)
 .data          0x40000844        0x0 c:/asctec_arm_sdk/winarm/bin/../lib/gcc/arm-elf/4.1.1/../../../../arm-elf/lib/thumb/interwork\libc.a(s_isnan.o)
 .data          0x40000844        0x0 c:/asctec_arm_sdk/winarm/bin/../lib/gcc/arm-elf/4.1.1/../../../../arm-elf/lib/thumb/interwork\libc.a(stdio.o)
 .data          0x40000844        0x0 c:/asctec_arm_sdk/winarm/bin/../lib/gcc/arm-elf/4.1.1/../../../../arm-elf/lib/thumb/interwork\libc.a(strcmp.o)
 .data          0x40000844        0x0 c:/asctec_arm_sdk/winarm/bin/../lib/gcc/arm-elf/4.1.1/../../../../arm-elf/lib/thumb/interwork\libc.a(callocr.o)
 .data          0x40000844        0x0 c:/asctec_arm_sdk/winarm/bin/../lib/gcc/arm-elf/4.1.1/../../../../arm-elf/lib/thumb/interwork\libc.a(fclose.o)
 .data          0x40000844        0x0 c:/asctec_arm_sdk/winarm/bin/../lib/gcc/arm-elf/4.1.1/../../../../arm-elf/lib/thumb/interwork\libm.a(s_cos.o)
 .data          0x40000844        0x0 c:/asctec_arm_sdk/winarm/bin/../lib/gcc/arm-elf/4.1.1/../../../../arm-elf/lib/thumb/interwork\libm.a(s_sin.o)
 .data          0x40000844        0x0 c:/asctec_arm_sdk/winarm/bin/../lib/gcc/arm-elf/4.1.1/../../../../arm-elf/lib/thumb/interwork\libm.a(w_pow.o)
 .data          0x40000844        0x0 c:/asctec_arm_sdk/winarm/bin/../lib/gcc/arm-elf/4.1.1/../../../../arm-elf/lib/thumb/interwork\libm.a(w_sqrt.o)
 .data          0x40000844        0x0 c:/asctec_arm_sdk/winarm/bin/../lib/gcc/arm-elf/4.1.1/../../../../arm-elf/lib/thumb/interwork\libm.a(e_pow.o)
 .data          0x40000844        0x0 c:/asctec_arm_sdk/winarm/bin/../lib/gcc/arm-elf/4.1.1/../../../../arm-elf/lib/thumb/interwork\libm.a(e_rem_pio2.o)
 .data          0x40000844        0x0 c:/asctec_arm_sdk/winarm/bin/../lib/gcc/arm-elf/4.1.1/../../../../arm-elf/lib/thumb/interwork\libm.a(e_sqrt.o)
 .data          0x40000844        0x0 c:/asctec_arm_sdk/winarm/bin/../lib/gcc/arm-elf/4.1.1/../../../../arm-elf/lib/thumb/interwork\libm.a(k_cos.o)
 .data          0x40000844        0x0 c:/asctec_arm_sdk/winarm/bin/../lib/gcc/arm-elf/4.1.1/../../../../arm-elf/lib/thumb/interwork\libm.a(k_rem_pio2.o)
 .data          0x40000844        0x0 c:/asctec_arm_sdk/winarm/bin/../lib/gcc/arm-elf/4.1.1/../../../../arm-elf/lib/thumb/interwork\libm.a(k_sin.o)
 .data          0x40000844        0x0 c:/asctec_arm_sdk/winarm/bin/../lib/gcc/arm-elf/4.1.1/../../../../arm-elf/lib/thumb/interwork\libm.a(s_fabs.o)
 .data          0x40000844        0x0 c:/asctec_arm_sdk/winarm/bin/../lib/gcc/arm-elf/4.1.1/../../../../arm-elf/lib/thumb/interwork\libm.a(s_finite.o)
 .data          0x40000844        0x0 c:/asctec_arm_sdk/winarm/bin/../lib/gcc/arm-elf/4.1.1/../../../../arm-elf/lib/thumb/interwork\libm.a(s_floor.o)
 .data          0x40000844        0x0 c:/asctec_arm_sdk/winarm/bin/../lib/gcc/arm-elf/4.1.1/../../../../arm-elf/lib/thumb/interwork\libm.a(s_lib_ver.o)
 .data          0x40000844        0x0 c:/asctec_arm_sdk/winarm/bin/../lib/gcc/arm-elf/4.1.1/../../../../arm-elf/lib/thumb/interwork\libm.a(s_matherr.o)
 .data          0x40000844        0x0 c:/asctec_arm_sdk/winarm/bin/../lib/gcc/arm-elf/4.1.1/../../../../arm-elf/lib/thumb/interwork\libm.a(s_rint.o)
 .data          0x40000844        0x0 c:/asctec_arm_sdk/winarm/bin/../lib/gcc/arm-elf/4.1.1/../../../../arm-elf/lib/thumb/interwork\libm.a(s_scalbn.o)
 .data          0x40000844        0x0 c:/asctec_arm_sdk/winarm/bin/../lib/gcc/arm-elf/4.1.1/../../../../arm-elf/lib/thumb/interwork\libm.a(s_copysign.o)
 .data          0x40000844        0x0 c:/asctec_arm_sdk/winarm/bin/../lib/gcc/arm-elf/4.1.1/../../../../arm-elf/lib/thumb/interwork\libc.a(errno.o)
 .data          0x40000844        0x0 c:/asctec_arm_sdk/winarm/bin/../lib/gcc/arm-elf/4.1.1/thumb/interwork\libgcc.a(_udivsi3.o)
 .data          0x40000844        0x0 c:/asctec_arm_sdk/winarm/bin/../lib/gcc/arm-elf/4.1.1/thumb/interwork\libgcc.a(_divsi3.o)
 .data          0x40000844        0x0 c:/asctec_arm_sdk/winarm/bin/../lib/gcc/arm-elf/4.1.1/thumb/interwork\libgcc.a(_umodsi3.o)
 .data          0x40000844        0x0 c:/asctec_arm_sdk/winarm/bin/../lib/gcc/arm-elf/4.1.1/thumb/interwork\libgcc.a(_modsi3.o)
 .data          0x40000844        0x0 c:/asctec_arm_sdk/winarm/bin/../lib/gcc/arm-elf/4.1.1/thumb/interwork\libgcc.a(_dvmd_tls.o)
 .data          0x40000844        0x0 c:/asctec_arm_sdk/winarm/bin/../lib/gcc/arm-elf/4.1.1/thumb/interwork\libgcc.a(_addsubdf3.o)
 .data          0x40000844        0x0 c:/asctec_arm_sdk/winarm/bin/../lib/gcc/arm-elf/4.1.1/thumb/interwork\libgcc.a(_muldivdf3.o)
 .data          0x40000844        0x0 c:/asctec_arm_sdk/winarm/bin/../lib/gcc/arm-elf/4.1.1/thumb/interwork\libgcc.a(_cmpdf2.o)
 .data          0x40000844        0x0 c:/asctec_arm_sdk/winarm/bin/../lib/gcc/arm-elf/4.1.1/thumb/interwork\libgcc.a(_fixdfsi.o)
 .data          0x40000844        0x0 c:/asctec_arm_sdk/winarm/bin/../lib/gcc/arm-elf/4.1.1/thumb/interwork\libgcc.a(_truncdfsf2.o)
 .data          0x40000844        0x0 c:/asctec_arm_sdk/winarm/bin/../lib/gcc/arm-elf/4.1.1/thumb/interwork\libgcc.a(_addsubsf3.o)
 .data          0x40000844        0x0 c:/asctec_arm_sdk/winarm/bin/../lib/gcc/arm-elf/4.1.1/thumb/interwork\libgcc.a(_muldivsf3.o)
 .data          0x40000844        0x0 c:/asctec_arm_sdk/winarm/bin/../lib/gcc/arm-elf/4.1.1/thumb/interwork\libgcc.a(_cmpsf2.o)
 .data          0x40000844        0x0 c:/asctec_arm_sdk/winarm/bin/../lib/gcc/arm-elf/4.1.1/thumb/interwork\libgcc.a(_fixsfsi.o)
 .data          0x40000844        0x0 c:/asctec_arm_sdk/winarm/bin/../lib/gcc/arm-elf/4.1.1/thumb/interwork\libgcc.a(_divdi3.o)
 .data          0x40000844        0x0 c:/asctec_arm_sdk/winarm/bin/../lib/gcc/arm-elf/4.1.1/thumb/interwork\libgcc.a(_clz.o)
 *(.data.*)
 *(.gnu.linkonce.d*)
                0x40000844                . = ALIGN (0x4)
                0x40000844                . = ALIGN (0x4)
                0x40000844                _edata = .
                0x40000844                PROVIDE (edata, .)

.bss            0x40000844     0x17a8
                0x40000844                __bss_start = .
                0x40000844                __bss_start__ = .
 *(.bss)
 .bss           0x40000844        0x0 external/Common_WinARM/src/Startup.o
 .bss           0x40000844        0x0 external/Common_WinARM/src/swi_handler.o
 .bss           0x40000844       0x18 src/LL_HL_comm.o
                0x4000084a                wpCtrlNavStatus
                0x40000848                wpCtrlAckTrigger
                0x40000847                wpCtrlWpCmdUpdated
                0x4000084c                wpCtrlDistToWp
                0x40000846                wpCtrlWpCmd
                0x40000844                SSP_ack
 .bss           0x4000085c        0x4 src/gpsmath.o
                0x4000085c                gpsDataOkTrigger
 .bss           0x40000860       0x10 src/buzzer.o
 .bss           0x40000870       0x1c src/sdk.o
                0x40000870                g_timestamp
                0x40000880                time_correction
                0x40000878                timeOffset
                0x40000888                g_cpu_load_sum
 .bss           0x4000088c        0x0 src/comm_util_LL.o
 .bss           0x4000088c        0x0 src/util.o
 .bss           0x4000088c        0x0 src/pid.o
 .bss           0x4000088c        0xc src/kalman.o
                0x4000088c                g_last_height_pkt_time
                0x40000894                g_vz_p_f
 .bss           0x40000898        0x0 src/matrices.o
 .bss           0x40000898        0x0 mav_common/src/comm_util.o
 .bss           0x40000898       0x34 src/main.o
                0x400008a8                GPS_timeout
                0x4000089c                cnt
                0x400008a0                mainloop_cnt
                0x400008b4                logs_per_second
                0x40000898                int_cnt
                0x400008b8                total_logs_per_second
                0x400008bc                packets
                0x400008ac                SYSTEM_initialized
                0x400008b0                trigger_cnt
                0x400008a4                mainloop_trigger
 .bss           0x400008cc        0x0 src/hardware.o
 .bss           0x400008cc        0x0 src/LPC2k_ee.o
 .bss           0x400008cc        0x0 src/system.o
 .bss           0x400008cc       0x2c src/uart.o
                0x400008d4                UART_rxPacketCount
                0x400008cc                transmission_running
                0x400008dc                registeredPacketCnt
                0x400008d8                UART_rxGoodPacketCount
                0x400008e0                autobaud_in_progress
                0x400008d0                UART_rxcount
                0x400008cd                UART_syncstate
 .bss           0x400008f8      0x1e8 src/uart1.o
                0x400008fd                UART1_syncstate
                0x400008fc                baudrate1_change
                0x400008fb                trigger_transmission
                0x40000900                UART1_rxcount
                0x400008f8                data_requested
                0x400008f9                chksum_to_check
                0x400008fa                transmission1_running
                0x40000904                UART_CalibDoneFlag
 .bss           0x40000ae0        0x4 src/syscalls.o
 .bss           0x40000ae4       0x14 src/i2c.o
                0x40000af0                RdIndex
                0x40000ae4                I2CMasterState
                0x40000ae8                I2CSlaveState
                0x40000aec                I2CCount
                0x40000af4                WrIndex
 .bss           0x40000af8        0x8 src/adc.o
                0x40000afc                ADC1IntDone
                0x40000af8                ADC0IntDone
 .bss           0x40000b00        0x4 src/ssp.o
                0x40000b00                SSP_trans_cnt
 .bss           0x40000b04        0x0 external/Common_WinARM/src/irq.o
 .bss           0x40000b04        0x0 external/Common_WinARM/src/interrupt_utils.o
 .bss           0x40000b04        0x0 c:/asctec_arm_sdk/winarm/bin/../lib/gcc/arm-elf/4.1.1/../../../../arm-elf/lib/thumb/interwork\libc.a(memcpy.o)
 .bss           0x40000b04        0x0 c:/asctec_arm_sdk/winarm/bin/../lib/gcc/arm-elf/4.1.1/../../../../arm-elf/lib/thumb/interwork\libc.a(printf.o)
 .bss           0x40000b04        0x0 c:/asctec_arm_sdk/winarm/bin/../lib/gcc/arm-elf/4.1.1/../../../../arm-elf/lib/thumb/interwork\libc.a(puts.o)
 .bss           0x40000b04        0x0 c:/asctec_arm_sdk/winarm/bin/../lib/gcc/arm-elf/4.1.1/../../../../arm-elf/lib/thumb/interwork\libc.a(strlen.o)
 .bss           0x40000b04        0x0 c:/asctec_arm_sdk/winarm/bin/../lib/gcc/arm-elf/4.1.1/../../../../arm-elf/lib/thumb/interwork\libc.a(vfprintf.o)
 .bss           0x40000b04        0x0 c:/asctec_arm_sdk/winarm/bin/../lib/gcc/arm-elf/4.1.1/../../../../arm-elf/lib/thumb/interwork\libc.a(wcrtomb.o)
 .bss           0x40000b04        0x0 c:/asctec_arm_sdk/winarm/bin/../lib/gcc/arm-elf/4.1.1/../../../../arm-elf/lib/thumb/interwork\libc.a(wcsrtombs.o)
 .bss           0x40000b04        0x0 c:/asctec_arm_sdk/winarm/bin/../lib/gcc/arm-elf/4.1.1/../../../../arm-elf/lib/thumb/interwork\libc.a(wctomb_r.o)
 .bss           0x40000b04        0x0 c:/asctec_arm_sdk/winarm/bin/../lib/gcc/arm-elf/4.1.1/../../../../arm-elf/lib/thumb/interwork\libc.a(wsetup.o)
 .bss           0x40000b04        0x0 c:/asctec_arm_sdk/winarm/bin/../lib/gcc/arm-elf/4.1.1/../../../../arm-elf/lib/thumb/interwork\libc.a(dtoa.o)
 .bss           0x40000b04        0x0 c:/asctec_arm_sdk/winarm/bin/../lib/gcc/arm-elf/4.1.1/../../../../arm-elf/lib/thumb/interwork\libc.a(fflush.o)
 .bss           0x40000b04        0x0 c:/asctec_arm_sdk/winarm/bin/../lib/gcc/arm-elf/4.1.1/../../../../arm-elf/lib/thumb/interwork\libc.a(findfp.o)
 .bss           0x40000b04        0x0 c:/asctec_arm_sdk/winarm/bin/../lib/gcc/arm-elf/4.1.1/../../../../arm-elf/lib/thumb/interwork\libc.a(freer.o)
 .bss           0x40000b04        0x0 c:/asctec_arm_sdk/winarm/bin/../lib/gcc/arm-elf/4.1.1/../../../../arm-elf/lib/thumb/interwork\libc.a(fvwrite.o)
 .bss           0x40000b04        0x0 c:/asctec_arm_sdk/winarm/bin/../lib/gcc/arm-elf/4.1.1/../../../../arm-elf/lib/thumb/interwork\libc.a(fwalk.o)
 .bss           0x40000b04        0x0 c:/asctec_arm_sdk/winarm/bin/../lib/gcc/arm-elf/4.1.1/../../../../arm-elf/lib/thumb/interwork\libc.a(impure.o)
 .bss           0x40000b04        0xc c:/asctec_arm_sdk/winarm/bin/../lib/gcc/arm-elf/4.1.1/../../../../arm-elf/lib/thumb/interwork\libc.a(locale.o)
                0x40000b04                __nlocale_changed
                0x40000b08                __mlocale_changed
                0x40000b0c                _PathLocale
 .bss           0x40000b10        0x0 c:/asctec_arm_sdk/winarm/bin/../lib/gcc/arm-elf/4.1.1/../../../../arm-elf/lib/thumb/interwork\libc.a(makebuf.o)
 .bss           0x40000b10       0x34 c:/asctec_arm_sdk/winarm/bin/../lib/gcc/arm-elf/4.1.1/../../../../arm-elf/lib/thumb/interwork\libc.a(mallocr.o)
                0x40000b10                __malloc_top_pad
                0x40000b14                __malloc_max_sbrked_mem
                0x40000b1c                __malloc_current_mallinfo
                0x40000b18                __malloc_max_total_mem
 .bss           0x40000b44        0x0 c:/asctec_arm_sdk/winarm/bin/../lib/gcc/arm-elf/4.1.1/../../../../arm-elf/lib/thumb/interwork\libc.a(memchr.o)
 .bss           0x40000b44        0x0 c:/asctec_arm_sdk/winarm/bin/../lib/gcc/arm-elf/4.1.1/../../../../arm-elf/lib/thumb/interwork\libc.a(memmove.o)
 .bss           0x40000b44        0x0 c:/asctec_arm_sdk/winarm/bin/../lib/gcc/arm-elf/4.1.1/../../../../arm-elf/lib/thumb/interwork\libc.a(memset.o)
 .bss           0x40000b44        0x0 c:/asctec_arm_sdk/winarm/bin/../lib/gcc/arm-elf/4.1.1/../../../../arm-elf/lib/thumb/interwork\libc.a(mlock.o)
 .bss           0x40000b44        0x0 c:/asctec_arm_sdk/winarm/bin/../lib/gcc/arm-elf/4.1.1/../../../../arm-elf/lib/thumb/interwork\libc.a(mprec.o)
 .bss           0x40000b44        0x0 c:/asctec_arm_sdk/winarm/bin/../lib/gcc/arm-elf/4.1.1/../../../../arm-elf/lib/thumb/interwork\libc.a(reallocr.o)
 .bss           0x40000b44        0x0 c:/asctec_arm_sdk/winarm/bin/../lib/gcc/arm-elf/4.1.1/../../../../arm-elf/lib/thumb/interwork\libc.a(s_isinf.o)
 .bss           0x40000b44        0x0 c:/asctec_arm_sdk/winarm/bin/../lib/gcc/arm-elf/4.1.1/../../../../arm-elf/lib/thumb/interwork\libc.a(s_isnan.o)
 .bss           0x40000b44        0x0 c:/asctec_arm_sdk/winarm/bin/../lib/gcc/arm-elf/4.1.1/../../../../arm-elf/lib/thumb/interwork\libc.a(stdio.o)
 .bss           0x40000b44        0x0 c:/asctec_arm_sdk/winarm/bin/../lib/gcc/arm-elf/4.1.1/../../../../arm-elf/lib/thumb/interwork\libc.a(strcmp.o)
 .bss           0x40000b44        0x0 c:/asctec_arm_sdk/winarm/bin/../lib/gcc/arm-elf/4.1.1/../../../../arm-elf/lib/thumb/interwork\libc.a(callocr.o)
 .bss           0x40000b44        0x0 c:/asctec_arm_sdk/winarm/bin/../lib/gcc/arm-elf/4.1.1/../../../../arm-elf/lib/thumb/interwork\libc.a(fclose.o)
 .bss           0x40000b44        0x0 c:/asctec_arm_sdk/winarm/bin/../lib/gcc/arm-elf/4.1.1/../../../../arm-elf/lib/thumb/interwork\libm.a(s_cos.o)
 .bss           0x40000b44        0x0 c:/asctec_arm_sdk/winarm/bin/../lib/gcc/arm-elf/4.1.1/../../../../arm-elf/lib/thumb/interwork\libm.a(s_sin.o)
 .bss           0x40000b44        0x0 c:/asctec_arm_sdk/winarm/bin/../lib/gcc/arm-elf/4.1.1/../../../../arm-elf/lib/thumb/interwork\libm.a(w_pow.o)
 .bss           0x40000b44        0x0 c:/asctec_arm_sdk/winarm/bin/../lib/gcc/arm-elf/4.1.1/../../../../arm-elf/lib/thumb/interwork\libm.a(w_sqrt.o)
 .bss           0x40000b44        0x0 c:/asctec_arm_sdk/winarm/bin/../lib/gcc/arm-elf/4.1.1/../../../../arm-elf/lib/thumb/interwork\libm.a(e_pow.o)
 .bss           0x40000b44        0x0 c:/asctec_arm_sdk/winarm/bin/../lib/gcc/arm-elf/4.1.1/../../../../arm-elf/lib/thumb/interwork\libm.a(e_rem_pio2.o)
 .bss           0x40000b44        0x0 c:/asctec_arm_sdk/winarm/bin/../lib/gcc/arm-elf/4.1.1/../../../../arm-elf/lib/thumb/interwork\libm.a(e_sqrt.o)
 .bss           0x40000b44        0x0 c:/asctec_arm_sdk/winarm/bin/../lib/gcc/arm-elf/4.1.1/../../../../arm-elf/lib/thumb/interwork\libm.a(k_cos.o)
 .bss           0x40000b44        0x0 c:/asctec_arm_sdk/winarm/bin/../lib/gcc/arm-elf/4.1.1/../../../../arm-elf/lib/thumb/interwork\libm.a(k_rem_pio2.o)
 .bss           0x40000b44        0x0 c:/asctec_arm_sdk/winarm/bin/../lib/gcc/arm-elf/4.1.1/../../../../arm-elf/lib/thumb/interwork\libm.a(k_sin.o)
 .bss           0x40000b44        0x0 c:/asctec_arm_sdk/winarm/bin/../lib/gcc/arm-elf/4.1.1/../../../../arm-elf/lib/thumb/interwork\libm.a(s_fabs.o)
 .bss           0x40000b44        0x0 c:/asctec_arm_sdk/winarm/bin/../lib/gcc/arm-elf/4.1.1/../../../../arm-elf/lib/thumb/interwork\libm.a(s_finite.o)
 .bss           0x40000b44        0x0 c:/asctec_arm_sdk/winarm/bin/../lib/gcc/arm-elf/4.1.1/../../../../arm-elf/lib/thumb/interwork\libm.a(s_floor.o)
 .bss           0x40000b44        0x0 c:/asctec_arm_sdk/winarm/bin/../lib/gcc/arm-elf/4.1.1/../../../../arm-elf/lib/thumb/interwork\libm.a(s_lib_ver.o)
 .bss           0x40000b44        0x0 c:/asctec_arm_sdk/winarm/bin/../lib/gcc/arm-elf/4.1.1/../../../../arm-elf/lib/thumb/interwork\libm.a(s_matherr.o)
 .bss           0x40000b44        0x0 c:/asctec_arm_sdk/winarm/bin/../lib/gcc/arm-elf/4.1.1/../../../../arm-elf/lib/thumb/interwork\libm.a(s_rint.o)
 .bss           0x40000b44        0x0 c:/asctec_arm_sdk/winarm/bin/../lib/gcc/arm-elf/4.1.1/../../../../arm-elf/lib/thumb/interwork\libm.a(s_scalbn.o)
 .bss           0x40000b44        0x0 c:/asctec_arm_sdk/winarm/bin/../lib/gcc/arm-elf/4.1.1/../../../../arm-elf/lib/thumb/interwork\libm.a(s_copysign.o)
 .bss           0x40000b44        0x0 c:/asctec_arm_sdk/winarm/bin/../lib/gcc/arm-elf/4.1.1/../../../../arm-elf/lib/thumb/interwork\libc.a(errno.o)
 .bss           0x40000b44        0x0 c:/asctec_arm_sdk/winarm/bin/../lib/gcc/arm-elf/4.1.1/thumb/interwork\libgcc.a(_udivsi3.o)
 .bss           0x40000b44        0x0 c:/asctec_arm_sdk/winarm/bin/../lib/gcc/arm-elf/4.1.1/thumb/interwork\libgcc.a(_divsi3.o)
 .bss           0x40000b44        0x0 c:/asctec_arm_sdk/winarm/bin/../lib/gcc/arm-elf/4.1.1/thumb/interwork\libgcc.a(_umodsi3.o)
 .bss           0x40000b44        0x0 c:/asctec_arm_sdk/winarm/bin/../lib/gcc/arm-elf/4.1.1/thumb/interwork\libgcc.a(_modsi3.o)
 .bss           0x40000b44        0x0 c:/asctec_arm_sdk/winarm/bin/../lib/gcc/arm-elf/4.1.1/thumb/interwork\libgcc.a(_dvmd_tls.o)
 .bss           0x40000b44        0x0 c:/asctec_arm_sdk/winarm/bin/../lib/gcc/arm-elf/4.1.1/thumb/interwork\libgcc.a(_addsubdf3.o)
 .bss           0x40000b44        0x0 c:/asctec_arm_sdk/winarm/bin/../lib/gcc/arm-elf/4.1.1/thumb/interwork\libgcc.a(_muldivdf3.o)
 .bss           0x40000b44        0x0 c:/asctec_arm_sdk/winarm/bin/../lib/gcc/arm-elf/4.1.1/thumb/interwork\libgcc.a(_cmpdf2.o)
 .bss           0x40000b44        0x0 c:/asctec_arm_sdk/winarm/bin/../lib/gcc/arm-elf/4.1.1/thumb/interwork\libgcc.a(_fixdfsi.o)
 .bss           0x40000b44        0x0 c:/asctec_arm_sdk/winarm/bin/../lib/gcc/arm-elf/4.1.1/thumb/interwork\libgcc.a(_truncdfsf2.o)
 .bss           0x40000b44        0x0 c:/asctec_arm_sdk/winarm/bin/../lib/gcc/arm-elf/4.1.1/thumb/interwork\libgcc.a(_addsubsf3.o)
 .bss           0x40000b44        0x0 c:/asctec_arm_sdk/winarm/bin/../lib/gcc/arm-elf/4.1.1/thumb/interwork\libgcc.a(_muldivsf3.o)
 .bss           0x40000b44        0x0 c:/asctec_arm_sdk/winarm/bin/../lib/gcc/arm-elf/4.1.1/thumb/interwork\libgcc.a(_cmpsf2.o)
 .bss           0x40000b44        0x0 c:/asctec_arm_sdk/winarm/bin/../lib/gcc/arm-elf/4.1.1/thumb/interwork\libgcc.a(_fixsfsi.o)
 .bss           0x40000b44        0x0 c:/asctec_arm_sdk/winarm/bin/../lib/gcc/arm-elf/4.1.1/thumb/interwork\libgcc.a(_divdi3.o)
 .bss           0x40000b44        0x0 c:/asctec_arm_sdk/winarm/bin/../lib/gcc/arm-elf/4.1.1/thumb/interwork\libgcc.a(_clz.o)
 *(.gnu.linkonce.b*)
 *(COMMON)
 COMMON         0x40000b44      0x420 src/LL_HL_comm.o
                0x40000b44                LL_1khz_attitude_data
                0x40000ba0                estimatedDeclination
                0x40000ba4                covariance
                0x40000bdc                estimatedInclination
                0x40000be0                kal_yaw
                0x40000c08                IMU_CalcData_updated
                0x40000c0c                WO_Direct_Individual_Motor_Control
                0x40000c14                GPS_init_status
                0x40000c18                kal_y
                0x40000cdc                LL_1khz_control_input
                0x40000d14                declinationAvailable
                0x40000d18                kal_out
                0x40000d34                wpToLL
                0x40000d50                RO_ALL_Data
                0x40000ddc                kal_x
                0x40000ea0                kal_z
 COMMON         0x40000f64       0x58 src/gpsmath.o
                0x40000f64                GPS_Data
                0x40000f90                gps_data_temp
 COMMON         0x40000fbc      0x30a src/sdk.o
                0x40000fbc                g_kf_z_enabled
                0x40000fc0                WO_CTRL_Input
                0x40000fcc                g_ctrl_debug_pkt
                0x40001040                g_dummy_pkt_info
                0x40001044                g_imu_pkt
                0x40001068                g_tx_freq_cfg_pkt_info
                0x4000106c                g_ctrl_cfg_pkt_info
                0x40001070                g_tx_freq_cfg_pkt
                0x40001088                WO_Direct_Motor_Control
                0x4000108c                g_motors_running
                0x40001090                g_timesync_pkt_info
                0x40001094                g_des_pose_pkt_info
                0x40001098                g_rcdata_pkt
                0x400010b0                g_dummy_pkt
                0x400010b1                g_mav_kf_cfg_pkt
                0x400010f2                g_des_vel_pkt
                0x40001104                WO_SDK
                0x40001108                g_flight_state_pkt
                0x40001109                g_kf_x_enabled
                0x4000110a                g_ctrl_cfg_pkt
                0x40001130                g_ctrl_input_pkt_info
                0x40001134                g_toggle_motors_start_time
                0x4000113c                g_sdk_loops
                0x40001140                g_motors_status_counter
                0x40001142                g_des_pose_pkt
                0x40001152                g_status_pkt
                0x4000116c                RO_RC_Data
                0x4000117c                g_mav_height_pkt_info
                0x40001180                g_flight_action_pkt_info
                0x40001184                g_mav_kf_cfg_pkt_info
                0x40001188                g_pid_cfg_pkt
                0x40001244                g_ctrl_cmd
                0x40001254                g_timesync_pkt
                0x40001264                g_mav_pose2D_pkt_info
                0x40001268                g_pose_pkt
                0x4000128c                g_flight_action_pkt
                0x4000128d                g_mav_pose2D_pkt
                0x400012a4                g_pid_cfg_pkt_info
                0x400012a8                g_des_vel_pkt_info
                0x400012ac                g_ctrl_input_pkt
                0x400012bc                g_mav_height_pkt
                0x400012c4                g_kf_y_enabled
                0x400012c5                g_kf_yaw_enabled
 *fill*         0x400012c6        0x2 00
 COMMON         0x400012c8       0xfc src/pid.o
                0x400012c8                pid_vy
                0x400012ec                pid_yaw
                0x40001310                pid_x
                0x40001334                pid_z
                0x40001358                pid_vx
                0x4000137c                pid_y
                0x400013a0                pid_vz
 COMMON         0x400013c4       0x14 src/kalman.o
                0x400013c4                g_accel_z
                0x400013c8                g_accel_x
                0x400013cc                g_sin_psi
                0x400013d0                g_accel_y
                0x400013d4                g_cos_psi
 COMMON         0x400013d8      0x114 src/main.o
                0x400013d8                GPS_Time
                0x400013e0                IMU_CalcData
                0x4000143c                g_imu_gravity
                0x40001440                IMU_RawData
                0x4000145c                SYSTEM_Permanent_Data
                0x40001470                packetsTemp
                0x40001474                HL_Status
                0x4000148c                uart_cnt
                0x40001490                IMU_CalcData_tmp
 COMMON         0x400014ec        0x4 src/LPC2k_ee.o
                0x400014ec                iap_entry
 COMMON         0x400014f0      0x944 src/uart.o
                0x400014f0                uart0_tx_cpsr
                0x400014f4                packetInfo
                0x400017f4                rxParseBuffer
                0x400019f4                uart0_rx_cpsr
                0x400019f8                UART_rxptr
                0x400019fc                txFifo
                0x40001a18                rxBuffer
                0x40001c18                rxFifo
                0x40001c34                txBuffer
 COMMON         0x40001e34       0x1c src/uart1.o
                0x40001e34                send_buffer
                0x40001e44                current_chksum
                0x40001e48                tx_buff
                0x40001e4c                UART1_rxptr
 COMMON         0x40001e50       0x50 src/i2c.o
                0x40001e50                I2CReadLength
                0x40001e54                I2CSlaveBuffer
                0x40001e74                I2CMode
                0x40001e78                I2CMasterBuffer
                0x40001e98                I2CCmd