Archive member included because of file (symbol)

c:/winarm/bin/../lib/gcc/arm-elf/4.1.1/../../../../arm-elf/lib/thumb/interwork\libc.a(memcpy.o)
                              src/uart.o (memcpy)
c:/winarm/bin/../lib/gcc/arm-elf/4.1.1/../../../../arm-elf/lib/thumb/interwork\libc.a(printf.o)
                              src/main.o (printf)
c:/winarm/bin/../lib/gcc/arm-elf/4.1.1/../../../../arm-elf/lib/thumb/interwork\libc.a(puts.o)
                              src/main.o (puts)
c:/winarm/bin/../lib/gcc/arm-elf/4.1.1/../../../../arm-elf/lib/thumb/interwork\libc.a(strlen.o)
                              c:/winarm/bin/../lib/gcc/arm-elf/4.1.1/../../../../arm-elf/lib/thumb/interwork\libc.a(puts.o) (strlen)
c:/winarm/bin/../lib/gcc/arm-elf/4.1.1/../../../../arm-elf/lib/thumb/interwork\libc.a(vfprintf.o)
                              c:/winarm/bin/../lib/gcc/arm-elf/4.1.1/../../../../arm-elf/lib/thumb/interwork\libc.a(printf.o) (_vfprintf_r)
c:/winarm/bin/../lib/gcc/arm-elf/4.1.1/../../../../arm-elf/lib/thumb/interwork\libc.a(wcrtomb.o)
                              c:/winarm/bin/../lib/gcc/arm-elf/4.1.1/../../../../arm-elf/lib/thumb/interwork\libc.a(vfprintf.o) (_wcrtomb_r)
c:/winarm/bin/../lib/gcc/arm-elf/4.1.1/../../../../arm-elf/lib/thumb/interwork\libc.a(wcsrtombs.o)
                              c:/winarm/bin/../lib/gcc/arm-elf/4.1.1/../../../../arm-elf/lib/thumb/interwork\libc.a(vfprintf.o) (_wcsrtombs_r)
c:/winarm/bin/../lib/gcc/arm-elf/4.1.1/../../../../arm-elf/lib/thumb/interwork\libc.a(wctomb_r.o)
                              c:/winarm/bin/../lib/gcc/arm-elf/4.1.1/../../../../arm-elf/lib/thumb/interwork\libc.a(wcrtomb.o) (_wctomb_r)
c:/winarm/bin/../lib/gcc/arm-elf/4.1.1/../../../../arm-elf/lib/thumb/interwork\libc.a(wsetup.o)
                              c:/winarm/bin/../lib/gcc/arm-elf/4.1.1/../../../../arm-elf/lib/thumb/interwork\libc.a(vfprintf.o) (__swsetup)
c:/winarm/bin/../lib/gcc/arm-elf/4.1.1/../../../../arm-elf/lib/thumb/interwork\libc.a(dtoa.o)
                              c:/winarm/bin/../lib/gcc/arm-elf/4.1.1/../../../../arm-elf/lib/thumb/interwork\libc.a(vfprintf.o) (_dtoa_r)
c:/winarm/bin/../lib/gcc/arm-elf/4.1.1/../../../../arm-elf/lib/thumb/interwork\libc.a(fflush.o)
                              c:/winarm/bin/../lib/gcc/arm-elf/4.1.1/../../../../arm-elf/lib/thumb/interwork\libc.a(vfprintf.o) (fflush)
c:/winarm/bin/../lib/gcc/arm-elf/4.1.1/../../../../arm-elf/lib/thumb/interwork\libc.a(findfp.o)
                              c:/winarm/bin/../lib/gcc/arm-elf/4.1.1/../../../../arm-elf/lib/thumb/interwork\libc.a(vfprintf.o) (__sinit)
c:/winarm/bin/../lib/gcc/arm-elf/4.1.1/../../../../arm-elf/lib/thumb/interwork\libc.a(freer.o)
                              c:/winarm/bin/../lib/gcc/arm-elf/4.1.1/../../../../arm-elf/lib/thumb/interwork\libc.a(vfprintf.o) (_free_r)
c:/winarm/bin/../lib/gcc/arm-elf/4.1.1/../../../../arm-elf/lib/thumb/interwork\libc.a(fvwrite.o)
                              c:/winarm/bin/../lib/gcc/arm-elf/4.1.1/../../../../arm-elf/lib/thumb/interwork\libc.a(puts.o) (__sfvwrite)
c:/winarm/bin/../lib/gcc/arm-elf/4.1.1/../../../../arm-elf/lib/thumb/interwork\libc.a(fwalk.o)
                              c:/winarm/bin/../lib/gcc/arm-elf/4.1.1/../../../../arm-elf/lib/thumb/interwork\libc.a(fflush.o) (_fwalk)
c:/winarm/bin/../lib/gcc/arm-elf/4.1.1/../../../../arm-elf/lib/thumb/interwork\libc.a(impure.o)
                              c:/winarm/bin/../lib/gcc/arm-elf/4.1.1/../../../../arm-elf/lib/thumb/interwork\libc.a(printf.o) (_impure_ptr)
c:/winarm/bin/../lib/gcc/arm-elf/4.1.1/../../../../arm-elf/lib/thumb/interwork\libc.a(locale.o)
                              c:/winarm/bin/../lib/gcc/arm-elf/4.1.1/../../../../arm-elf/lib/thumb/interwork\libc.a(vfprintf.o) (localeconv)
c:/winarm/bin/../lib/gcc/arm-elf/4.1.1/../../../../arm-elf/lib/thumb/interwork\libc.a(makebuf.o)
                              c:/winarm/bin/../lib/gcc/arm-elf/4.1.1/../../../../arm-elf/lib/thumb/interwork\libc.a(wsetup.o) (__smakebuf)
c:/winarm/bin/../lib/gcc/arm-elf/4.1.1/../../../../arm-elf/lib/thumb/interwork\libc.a(mallocr.o)
                              c:/winarm/bin/../lib/gcc/arm-elf/4.1.1/../../../../arm-elf/lib/thumb/interwork\libc.a(vfprintf.o) (_malloc_r)
c:/winarm/bin/../lib/gcc/arm-elf/4.1.1/../../../../arm-elf/lib/thumb/interwork\libc.a(memchr.o)
                              c:/winarm/bin/../lib/gcc/arm-elf/4.1.1/../../../../arm-elf/lib/thumb/interwork\libc.a(vfprintf.o) (memchr)
c:/winarm/bin/../lib/gcc/arm-elf/4.1.1/../../../../arm-elf/lib/thumb/interwork\libc.a(memmove.o)
                              c:/winarm/bin/../lib/gcc/arm-elf/4.1.1/../../../../arm-elf/lib/thumb/interwork\libc.a(fvwrite.o) (memmove)
c:/winarm/bin/../lib/gcc/arm-elf/4.1.1/../../../../arm-elf/lib/thumb/interwork\libc.a(memset.o)
                              c:/winarm/bin/../lib/gcc/arm-elf/4.1.1/../../../../arm-elf/lib/thumb/interwork\libc.a(vfprintf.o) (memset)
[...]
Memory Configuration

Name             Origin             Length             Attributes
ROM              0x00000000         0x00080000         xr
RAM              0x40000000         0x00008000         rw
*default*        0x00000000         0xffffffff

Linker script and memory map

LOAD external/Common_WinARM/src/Startup.o
LOAD external/Common_WinARM/src/swi_handler.o
LOAD src/LL_HL_comm.o
LOAD src/gpsmath.o
LOAD src/buzzer.o
LOAD src/sdk.o
LOAD src/comm_util_LL.o
LOAD src/util.o
LOAD src/pid.o
LOAD src/kalman.o
LOAD src/matrices.o
LOAD ../mav_common/src/comm_util.o
LOAD src/main.o
LOAD src/hardware.o
LOAD src/LPC2k_ee.o
LOAD src/system.o
LOAD src/uart.o
LOAD src/uart1.o
LOAD src/syscalls.o
LOAD src/i2c.o
LOAD src/adc.o
LOAD src/ssp.o
LOAD external/Common_WinARM/src/irq.o
LOAD external/Common_WinARM/src/interrupt_utils.o
LOAD c:/winarm/bin/../lib/gcc/arm-elf/4.1.1/../../../../arm-elf/lib/thumb/interwork\libc.a
LOAD c:/winarm/bin/../lib/gcc/arm-elf/4.1.1/../../../../arm-elf/lib/thumb/interwork\libm.a
LOAD c:/winarm/bin/../lib/gcc/arm-elf/4.1.1/../../../../arm-elf/lib/thumb/interwork\libc.a
LOAD c:/winarm/bin/../lib/gcc/arm-elf/4.1.1/thumb/interwork\libgcc.a
LOAD c:/winarm/bin/../lib/gcc/arm-elf/4.1.1/../../../../arm-elf/lib/thumb/interwork\libc.a
START GROUP
LOAD c:/winarm/bin/../lib/gcc/arm-elf/4.1.1/thumb/interwork\libgcc.a
LOAD c:/winarm/bin/../lib/gcc/arm-elf/4.1.1/../../../../arm-elf/lib/thumb/interwork\libc.a
END GROUP

.text           0x00000000    0x159dc
 *(.vectorg)
 .vectorg       0x00000000       0x98 external/Common_WinARM/src/Startup.o
                0x00000050                __IRQ_Wrapper
 .vectorg       0x00000098       0xd0 external/Common_WinARM/src/swi_handler.o
                0x00000098                SoftwareInterrupt
                0x00000168                . = ALIGN (0x4)
 *(.init)
 .init          0x00000168      0x168 external/Common_WinARM/src/Startup.o
                0x00000294                __exit_THUMB
                0x00000168                __startup
                0x00000290                __exit_ARM
 *(.text .text.*)
 .text          0x000002d0        0x0 external/Common_WinARM/src/Startup.o
 .text          0x000002d0       0x38 external/Common_WinARM/src/swi_handler.o
                0x000002e0                IntGetCPSR
                0x00000300                FiqDisable
                0x000002d0                IntRestore
                0x000002f0                IntDisable
                0x000002d8                FiqRestore
                0x000002e8                IntEnable
                0x000002f8                FiqEnable
 .text          0x00000308      0xbc4 src/LL_HL_comm.o
                0x00000308                SSP_data_distribution_HL
                0x0000058c                LL_write_ctrl_data
                0x000006a8                HL2LL_write_cycle
                0x00000ae4                SSP_rx_handler_HL
 .text          0x00000ecc      0x104 src/gpsmath.o
                0x00000ecc                xy2latlon
 .text          0x00000fd0      0x158 src/buzzer.o
                0x00000ff8                buzzer_handler
                0x00000fd0                buzzer
 .text          0x00001128     0x2be0 src/sdk.o
                0x00001f68                sendRcData
                0x00001128                writeCommand
                0x00002b1c                SDK_mainloop
                0x0000250c                sdkInit
                0x000023f0                sendImuData
                0x000011b4                processMotorStateChanges
                0x000017ec                processKF
                0x00001230                processEngageDisengageTimeouts
                0x00001ffc                synchronizeTime
                0x00001fdc                sendMavPoseData
                0x00001df8                sendCtrlDebugData
                0x00001174                checkTxPeriod
                0x00001164                isSerialEnabled
                0x0000159c                processFlightActionRequests
                0x00001fbc                sendFlightStateData
                0x000026f4                processSendData
                0x0000132c                processMotorCommands
                0x00001694                feedbackBeep
                0x00001f48                sendStatusData
                0x000012a4                processLandingThrust
 .text          0x00003d08      0x480 src/comm_util_LL.o
                0x00004134                LLToSIAnglePitch
                0x0000400c                LLToSIAngleRatePitch
                0x00003da4                LLToSIAccX
                0x00003d80                LLToSIClimb
                0x00003eb8                SIToLLCmdPitch
                0x00004070                LLToSIAngleRateRoll
                0x00003f4c                LLToSIAngleRoll
                0x00003e38                LLToSIAccZ
                0x00003e84                SIToLLCmdRoll
                0x000040d8                LLToSIAngleYaw
                0x00003fa4                LLToSIAngleRateYaw
                0x00003ee8                SIToLLCmdYawRate
                0x00003f1c                SIToLLCmdThrust
                0x00003dec                LLToSIAccY
                0x00003d08                degreesToRadians
                0x00003d44                radiansToDegrees
 .text          0x00004188       0x54 src/util.o
                0x00004188                wait
 .text          0x000041dc     0x1864 src/pid.o
                0x000042e0                pidParamUpdate
                0x00004c78                pidCalc
                0x00004dcc                processCtrl
                0x000041dc                pidReset
 .text          0x00005a40      0xcc8 src/kalman.o
                0x00005b84                resetKalmanFilter
                0x00005c90                CorrectPos
                0x00005df8                KFilter
                0x00005bbc                CorrectYaw
                0x00005b54                InitKalYaw
                0x00005a40                InitKalPos
                0x00005d48                PredictPos
                0x00005c4c                PredictYaw
 .text          0x00006708      0xd0c src/matrices.o
                0x000069c0                negMatrix
                0x00007068                determinant
                0x00006c08                multMatVec2
                0x00007224                invt
                0x00006c64                transpose
                0x00006940                subVector
                0x000073ac                VectdivSc
                0x0000675c                addMatrix
                0x00006864                subMatrix2
                0x0000731c                BhQhBhT
                0x00006a1c                multMatrix
                0x00006708                addMatrix2
                0x00006cc8                invert3
                0x000068b8                subMatrix
                0x00007194                getMinor
                0x000067e4                addVector
                0x00006af0                multMatrix2
                0x0000682c                addVector2
                0x00006988                subVector2
                0x00006b68                multMatVec
                0x00006fd8                invert2
                0x000073e0                VectmultSc2
 .text          0x00007414      0x134 ../mav_common/src/comm_util.o
                0x000074a4                normalizeSIAnglePi
                0x00007414                normalizeSIAngle2Pi
 .text          0x00007548      0x668 src/main.o
                0x00007548                timer0ISR
                0x00007994                mainloop
                0x0000768c                main
                0x00007654                timer1ISR
                0x000079b4                calibrate
 .text          0x00007bb0       0xe8 src/hardware.o
                0x00007c3c                beeper
                0x00007bb0                LED
 .text          0x00007c98      0x614 src/LPC2k_ee.o
                0x00007c98                ee_erase
                0x00007ff8                ee_read
                0x00007dd4                ee_write
                0x000080f0                ee_count
                0x00008088                ee_readn
                0x00008164                ee_locate
 .text          0x000082ac      0x648 src/system.o
                0x000084ac                init_timer0
                0x000086d8                init_spi1
                0x000085ec                PWM_Init
                0x00008404                init_ports
                0x000082ac                init
                0x000086a0                init_spi
                0x00008348                init_interrupts
                0x000088ac                delay
                0x000087f4                processorClockFrequency
                0x00008554                init_timer1
                0x000087b4                pll_feed
                0x00008774                pll_init
                0x00008814                peripheralClockFrequency
 .text          0x000088f4     0x1480 src/uart.o
                0x000099f0                UARTWriteChar
                0x00009568                writePacket2Ringbuffer
                0x00009b88                UART_send_ringbuffer
                0x00009a88                __putchar
                0x00009a40                UARTReadChar
                0x00008e74                Fifo_availableMemory
                0x00009678                UART0_writeFifo
                0x00008c64                Fifo_writeByte
                0x00008f24                registerPacket
                0x00008ddc                Fifo_readByte
                0x00008eec                Fifo_reset
                0x0000901c                parseRxFifo
                0x00008d0c                Fifo_writeBlock
                0x000099b4                UART0_txEmpty
                0x00009acc                UART_send
                0x00009980                UART0_txFlush
                0x00009ce4                crc16
                0x00008be4                Fifo_initialize
                0x00009bf4                crc_update
                0x000098d8                startAutoBaud
                0x000088f4                uart0ISR
                0x00009704                UARTInitialize
                0x00009940                UART0_rxFlush
 .text          0x00009d74     0x1cb8 src/uart1.o
                0x0000afa4                UART1Initialize
                0x0000b0a0                UART1ReadChar
                0x0000a15c                parse_POSLLH
                0x0000aa54                uart1ISR
                0x0000a94c                parse_STATUS
                0x0000a5b0                parse_POSUTM
                0x0000b1e4                ringbuffer1
                0x00009d74                parse_VELNED
                0x0000b3d0                GPS_configure
                0x0000b050                UART1WriteChar
                0x0000a77c                parse_NAVSOL
                0x0000b17c                UART1_send_ringbuffer
                0x0000b0e8                UART1_send
 .text          0x0000ba2c      0x2b4 src/syscalls.o
                0x0000bbd4                _lseek_r
                0x0000bc08                _fstat_r
                0x0000bc44                isatty
                0x0000bc6c                _sbrk_r
                0x0000ba2c                _read_r
                0x0000bba8                _close_r
                0x0000bb0c                _write_r
 .text          0x0000bce0      0x750 src/i2c.o
                0x0000c17c                I2C0_send_motordata
                0x0000c3a0                I2CEngine
                0x0000bce0                I2C0MasterHandler
                0x0000c228                I2CStart
                0x0000c2bc                I2CStop
                0x0000c318                I2CInit
 .text          0x0000c430      0x2cc src/adc.o
                0x0000c430                ADCInit
                0x0000c5f4                ADC1Read
                0x0000c4b8                ADC0Read
 .text          0x0000c6fc      0x420 src/ssp.o
                0x0000c914                LL_write
                0x0000c8d4                LL_write_init
                0x0000c6fc                SSPHandler
 .text          0x0000cb1c      0x2d0 external/Common_WinARM/src/irq.o
                0x0000cc00                install_irq
                0x0000ccf4                uninstall_irq
                0x0000cb3c                init_VIC
 .text          0x0000cdec      0x1f4 external/Common_WinARM/src/interrupt_utils.o
                0x0000ce80                restoreIRQ
                0x0000cfa0                enableFIQ
                0x0000cf10                disableFIQ
                0x0000ced0                enableIRQ
                0x0000cf50                restoreFIQ
                0x0000cdec                disableIRQ
 .text          0x0000cfe0       0x20 c:/winarm/bin/../lib/gcc/arm-elf/4.1.1/../../../../arm-elf/lib/thumb/interwork\libc.a(memcpy.o)
                0x0000cfe0                memcpy
 .text          0x0000d000       0x40 c:/winarm/bin/../lib/gcc/arm-elf/4.1.1/../../../../arm-elf/lib/thumb/interwork\libc.a(printf.o)
                0x0000d000                printf
                0x0000d024                _printf_r
 .text          0x0000d040       0x5c c:/winarm/bin/../lib/gcc/arm-elf/4.1.1/../../../../arm-elf/lib/thumb/interwork\libc.a(puts.o)
                0x0000d040                _puts_r
                0x0000d088                puts
 .text          0x0000d09c       0x10 c:/winarm/bin/../lib/gcc/arm-elf/4.1.1/../../../../arm-elf/lib/thumb/interwork\libc.a(strlen.o)
                0x0000d09c                strlen
 .text          0x0000d0ac     0x1460 c:/winarm/bin/../lib/gcc/arm-elf/4.1.1/../../../../arm-elf/lib/thumb/interwork\libc.a(vfprintf.o)
                0x0000d0cc                _vfprintf_r
                0x0000e4ec                vfprintf
 .text          0x0000e50c       0x50 c:/winarm/bin/../lib/gcc/arm-elf/4.1.1/../../../../arm-elf/lib/thumb/interwork\libc.a(wcrtomb.o)
                0x0000e50c                _wcrtomb_r
                0x0000e53c                wcrtomb
 .text          0x0000e55c       0xd8 c:/winarm/bin/../lib/gcc/arm-elf/4.1.1/../../../../arm-elf/lib/thumb/interwork\libc.a(wcsrtombs.o)
                0x0000e55c                _wcsrtombs_r
                0x0000e60c                wcsrtombs
 .text          0x0000e634      0x2b0 c:/winarm/bin/../lib/gcc/arm-elf/4.1.1/../../../../arm-elf/lib/thumb/interwork\libc.a(wctomb_r.o)
                0x0000e634                _wctomb_r
 .text          0x0000e8e4       0x94 c:/winarm/bin/../lib/gcc/arm-elf/4.1.1/../../../../arm-elf/lib/thumb/interwork\libc.a(wsetup.o)
                0x0000e8e4                __swsetup
 .text          0x0000e978      0xd30 c:/winarm/bin/../lib/gcc/arm-elf/4.1.1/../../../../arm-elf/lib/thumb/interwork\libc.a(dtoa.o)
                0x0000eaac                _dtoa_r
 .text          0x0000f6a8       0x88 c:/winarm/bin/../lib/gcc/arm-elf/4.1.1/../../../../arm-elf/lib/thumb/interwork\libc.a(fflush.o)
                0x0000f6a8                fflush
 .text          0x0000f730      0x1b0 c:/winarm/bin/../lib/gcc/arm-elf/4.1.1/../../../../arm-elf/lib/thumb/interwork\libc.a(findfp.o)
                0x0000f768                __sinit
                0x0000f800                __sfmoreglue
                0x0000f7ec                _cleanup
                0x0000f7dc                _cleanup_r
                0x0000f850                __fp_lock_all
                0x0000f7c4                __sfp_lock_acquire
                0x0000f868                __sfp
                0x0000f7d0                __sinit_lock_release
                0x0000f838                __fp_unlock_all
                0x0000f7c8                __sfp_lock_release
                0x0000f7cc                __sinit_lock_acquire
 .text          0x0000f8e0      0x248 c:/winarm/bin/../lib/gcc/arm-elf/4.1.1/../../../../arm-elf/lib/thumb/interwork\libc.a(freer.o)
                0x0000f980                _free_r
                0x0000f8e0                _malloc_trim_r
 .text          0x0000fb28      0x25c c:/winarm/bin/../lib/gcc/arm-elf/4.1.1/../../../../arm-elf/lib/thumb/interwork\libc.a(fvwrite.o)
                0x0000fb28                __sfvwrite
 .text          0x0000fd84       0xb4 c:/winarm/bin/../lib/gcc/arm-elf/4.1.1/../../../../arm-elf/lib/thumb/interwork\libc.a(fwalk.o)
                0x0000fde0                _fwalk
                0x0000fd84                _fwalk_reent
 .text          0x0000fe38        0x0 c:/winarm/bin/../lib/gcc/arm-elf/4.1.1/../../../../arm-elf/lib/thumb/interwork\libc.a(impure.o)
 .text          0x0000fe38       0x78 c:/winarm/bin/../lib/gcc/arm-elf/4.1.1/../../../../arm-elf/lib/thumb/interwork\libc.a(locale.o)
                0x0000fe4c                _setlocale_r
                0x0000fe38                __locale_charset
                0x0000fe44                _localeconv_r
                0x0000fe8c                setlocale
                0x0000fea8                localeconv
 .text          0x0000feb0       0xd8 c:/winarm/bin/../lib/gcc/arm-elf/4.1.1/../../../../arm-elf/lib/thumb/interwork\libc.a(makebuf.o)
                0x0000feb0                __smakebuf
 .text          0x0000ff88      0x4ac c:/winarm/bin/../lib/gcc/arm-elf/4.1.1/../../../../arm-elf/lib/thumb/interwork\libc.a(mallocr.o)
                0x0000ff88                _malloc_r
 .text          0x00010434       0x18 c:/winarm/bin/../lib/gcc/arm-elf/4.1.1/../../../../arm-elf/lib/thumb/interwork\libc.a(memchr.o)
                0x00010434                memchr
 .text          0x0001044c       0x38 c:/winarm/bin/../lib/gcc/arm-elf/4.1.1/../../../../arm-elf/lib/thumb/interwork\libc.a(memmove.o)
                0x0001044c                memmove
 .text          0x00010484       0x10 c:/winarm/bin/../lib/gcc/arm-elf/4.1.1/../../../../arm-elf/lib/thumb/interwork\libc.a(memset.o)
                0x00010484                memset
 .text          0x00010494        0x8 c:/winarm/bin/../lib/gcc/arm-elf/4.1.1/../../../../arm-elf/lib/thumb/interwork\libc.a(mlock.o)
                0x00010498                __malloc_unlock
                0x00010494                __malloc_lock
 .text          0x0001049c      0x834 c:/winarm/bin/../lib/gcc/arm-elf/4.1.1/../../../../arm-elf/lib/thumb/interwork\libc.a(mprec.o)
                0x0001070c                _mprec_log10
                0x000104b4                _hi0bits
                0x00010750                _Balloc
                0x000107ac                _d2b
                0x000109f0                _multiply
                0x000106b8                _ratio
                0x00010c4c                _s2b
                0x00010b1c                _i2b
                0x000104fc                _lo0bits
                0x00010568                __mcmp
                0x00010bc0                _pow5mult
                0x000105a8                _ulp
                0x000105f8                _b2d
                0x00010b34                _multadd
                0x00010880                __mdiff
                0x00010960                _lshift
                0x0001049c                _Bfree
 .text          0x00010cd0      0x308 c:/winarm/bin/../lib/gcc/arm-elf/4.1.1/../../../../arm-elf/lib/thumb/interwork\libc.a(reallocr.o)
                0x00010cd0                _realloc_r
 .text          0x00010fd8       0x2c c:/winarm/bin/../lib/gcc/arm-elf/4.1.1/../../../../arm-elf/lib/thumb/interwork\libc.a(s_isinf.o)
                0x00010fd8                isinf
 .text          0x00011004       0x24 c:/winarm/bin/../lib/gcc/arm-elf/4.1.1/../../../../arm-elf/lib/thumb/interwork\libc.a(s_isnan.o)
                0x00011004                isnan
 .text          0x00011028       0xd0 c:/winarm/bin/../lib/gcc/arm-elf/4.1.1/../../../../arm-elf/lib/thumb/interwork\libc.a(stdio.o)
                0x00011040                __sseek
                0x000110c0                __sread
                0x00011028                __sclose
                0x0001107c                __swrite
 .text          0x000110f8       0x18 c:/winarm/bin/../lib/gcc/arm-elf/4.1.1/../../../../arm-elf/lib/thumb/interwork\libc.a(strcmp.o)
                0x000110f8                strcmp
 .text          0x00011110       0x5c c:/winarm/bin/../lib/gcc/arm-elf/4.1.1/../../../../arm-elf/lib/thumb/interwork\libc.a(callocr.o)
                0x00011110                _calloc_r
 .text          0x0001116c       0xb8 c:/winarm/bin/../lib/gcc/arm-elf/4.1.1/../../../../arm-elf/lib/thumb/interwork\libc.a(fclose.o)
                0x0001116c                _fclose_r
                0x0001120c                fclose
 .text          0x00011224       0xa8 c:/winarm/bin/../lib/gcc/arm-elf/4.1.1/../../../../arm-elf/lib/thumb/interwork\libm.a(s_cos.o)
                0x00011224                cos
 .text          0x000112cc       0xac c:/winarm/bin/../lib/gcc/arm-elf/4.1.1/../../../../arm-elf/lib/thumb/interwork\libm.a(s_sin.o)
                0x000112cc                sin
 .text          0x00011378      0x33c c:/winarm/bin/../lib/gcc/arm-elf/4.1.1/../../../../arm-elf/lib/thumb/interwork\libm.a(w_pow.o)
                0x00011378                pow
 .text          0x000116b4       0xb8 c:/winarm/bin/../lib/gcc/arm-elf/4.1.1/../../../../arm-elf/lib/thumb/interwork\libm.a(w_sqrt.o)
                0x000116b4                sqrt
 .text          0x0001176c      0xb0c c:/winarm/bin/../lib/gcc/arm-elf/4.1.1/../../../../arm-elf/lib/thumb/interwork\libm.a(e_pow.o)
                0x0001176c                __ieee754_pow
 .text          0x00012278      0x420 c:/winarm/bin/../lib/gcc/arm-elf/4.1.1/../../../../arm-elf/lib/thumb/interwork\libm.a(e_rem_pio2.o)
                0x00012278                __ieee754_rem_pio2
 .text          0x00012698      0x1a0 c:/winarm/bin/../lib/gcc/arm-elf/4.1.1/../../../../arm-elf/lib/thumb/interwork\libm.a(e_sqrt.o)
                0x00012698                __ieee754_sqrt
 .text          0x00012838      0x264 c:/winarm/bin/../lib/gcc/arm-elf/4.1.1/../../../../arm-elf/lib/thumb/interwork\libm.a(k_cos.o)
                0x00012838                __kernel_cos
 .text          0x00012a9c      0x744 c:/winarm/bin/../lib/gcc/arm-elf/4.1.1/../../../../arm-elf/lib/thumb/interwork\libm.a(k_rem_pio2.o)
                0x00012a9c                __kernel_rem_pio2
 .text          0x000131e0      0x178 c:/winarm/bin/../lib/gcc/arm-elf/4.1.1/../../../../arm-elf/lib/thumb/interwork\libm.a(k_sin.o)
                0x000131e0                __kernel_sin
 .text          0x00013358       0x18 c:/winarm/bin/../lib/gcc/arm-elf/4.1.1/../../../../arm-elf/lib/thumb/interwork\libm.a(s_fabs.o)
                0x00013358                fabs
 .text          0x00013370       0x1c c:/winarm/bin/../lib/gcc/arm-elf/4.1.1/../../../../arm-elf/lib/thumb/interwork\libm.a(s_finite.o)
                0x00013370                finite
 .text          0x0001338c      0x12c c:/winarm/bin/../lib/gcc/arm-elf/4.1.1/../../../../arm-elf/lib/thumb/interwork\libm.a(s_floor.o)
                0x0001338c                floor
 .text          0x000134b8        0x0 c:/winarm/bin/../lib/gcc/arm-elf/4.1.1/../../../../arm-elf/lib/thumb/interwork\libm.a(s_lib_ver.o)
 .text          0x000134b8        0x4 c:/winarm/bin/../lib/gcc/arm-elf/4.1.1/../../../../arm-elf/lib/thumb/interwork\libm.a(s_matherr.o)
                0x000134b8                matherr
 .text          0x000134bc      0x14c c:/winarm/bin/../lib/gcc/arm-elf/4.1.1/../../../../arm-elf/lib/thumb/interwork\libm.a(s_rint.o)
                0x000134bc                rint
 .text          0x00013608      0x110 c:/winarm/bin/../lib/gcc/arm-elf/4.1.1/../../../../arm-elf/lib/thumb/interwork\libm.a(s_scalbn.o)
                0x00013608                scalbn
 .text          0x00013718       0x24 c:/winarm/bin/../lib/gcc/arm-elf/4.1.1/../../../../arm-elf/lib/thumb/interwork\libm.a(s_copysign.o)
                0x00013718                copysign
 .text          0x0001373c        0xc c:/winarm/bin/../lib/gcc/arm-elf/4.1.1/../../../../arm-elf/lib/thumb/interwork\libc.a(errno.o)
                0x0001373c                __errno
 .text          0x00013748       0x8c c:/winarm/bin/../lib/gcc/arm-elf/4.1.1/thumb/interwork\libgcc.a(_udivsi3.o)
                0x00013748                __udivsi3
                0x00013748                __aeabi_uidiv
                0x000137c4                __aeabi_uidivmod
 .text          0x000137d4       0xa4 c:/winarm/bin/../lib/gcc/arm-elf/4.1.1/thumb/interwork\libgcc.a(_divsi3.o)
                0x000137d4                __aeabi_idiv
                0x000137d4                __divsi3
                0x00013868                __aeabi_idivmod
 .text          0x00013878       0xc8 c:/winarm/bin/../lib/gcc/arm-elf/4.1.1/thumb/interwork\libgcc.a(_umodsi3.o)
                0x00013878                __umodsi3
 .text          0x00013940       0xd8 c:/winarm/bin/../lib/gcc/arm-elf/4.1.1/thumb/interwork\libgcc.a(_modsi3.o)
                0x00013940                __modsi3
 .text          0x00013a18        0x4 c:/winarm/bin/../lib/gcc/arm-elf/4.1.1/thumb/interwork\libgcc.a(_dvmd_tls.o)
                0x00013a18                __aeabi_ldiv0
                0x00013a18                __div0
                0x00013a18                __aeabi_idiv0
 .text          0x00013a1c      0x430 c:/winarm/bin/../lib/gcc/arm-elf/4.1.1/thumb/interwork\libgcc.a(_addsubdf3.o)
                0x00013de0                __floatdidf
                0x00013d60                __floatsidf
                0x00013d38                __aeabi_ui2d
                0x00013a1c                __aeabi_drsub
                0x00013d8c                __extendsfdf2
                0x00013a28                __adddf3
                0x00013d38                __floatunsidf
                0x00013a28                __aeabi_dadd
                0x00013dcc                __aeabi_ul2d
                0x00013a24                __aeabi_dsub
                0x00013dcc                __floatundidf
                0x00013d60                __aeabi_i2d
                0x00013de0                __aeabi_l2d
                0x00013d8c                __aeabi_f2d
                0x00013a24                __subdf3
 .text          0x00013e4c      0x49c c:/winarm/bin/../lib/gcc/arm-elf/4.1.1/thumb/interwork\libgcc.a(_muldivdf3.o)
                0x000140dc                __aeabi_ddiv
                0x00013e4c                __aeabi_dmul
                0x000140dc                __divdf3
                0x00013e4c                __muldf3
 .text          0x000142e8      0x140 c:/winarm/bin/../lib/gcc/arm-elf/4.1.1/thumb/interwork\libgcc.a(_cmpdf2.o)
                0x000143e0                __aeabi_dcmple
                0x000142f8                __cmpdf2
                0x000142f8                __eqdf2
                0x000142e8                __gtdf2
                0x00014398                __aeabi_cdcmple
                0x0001437c                __aeabi_cdrcmple
                0x000142f0                __ltdf2
                0x000143c8                __aeabi_dcmplt
                0x000142f0                __ledf2
                0x00014410                __aeabi_dcmpgt
                0x000143f8                __aeabi_dcmpge
                0x000142f8                __nedf2
                0x000143b0                __aeabi_dcmpeq
                0x00014398                __aeabi_cdcmpeq
                0x000142e8                __gedf2
 .text          0x00014428       0x5c c:/winarm/bin/../lib/gcc/arm-elf/4.1.1/thumb/interwork\libgcc.a(_fixdfsi.o)
                0x00014428                __fixdfsi
                0x00014428                __aeabi_d2iz
 .text          0x00014484       0xa0 c:/winarm/bin/../lib/gcc/arm-elf/4.1.1/thumb/interwork\libgcc.a(_truncdfsf2.o)
                0x00014484                __aeabi_d2f
                0x00014484                __truncdfsf2
 .text          0x00014524      0x2ac c:/winarm/bin/../lib/gcc/arm-elf/4.1.1/thumb/interwork\libgcc.a(_addsubsf3.o)
                0x00014530                __aeabi_fadd
                0x0001452c                __subsf3
                0x000146f4                __aeabi_i2f
                0x0001452c                __aeabi_fsub
                0x00014724                __floatdisf
                0x000146f4                __floatsisf
                0x00014714                __floatundisf
                0x000146ec                __aeabi_ui2f
                0x00014724                __aeabi_l2f
                0x00014714                __aeabi_ul2f
                0x00014524                __aeabi_frsub
                0x000146ec                __floatunsisf
                0x00014530                __addsf3
 .text          0x000147d0      0x2f8 c:/winarm/bin/../lib/gcc/arm-elf/4.1.1/thumb/interwork\libgcc.a(_muldivsf3.o)
                0x00014968                __divsf3
                0x00014968                __aeabi_fdiv
                0x000147d0                __mulsf3
                0x000147d0                __aeabi_fmul
 .text          0x00014ac8      0x110 c:/winarm/bin/../lib/gcc/arm-elf/4.1.1/thumb/interwork\libgcc.a(_cmpsf2.o)
                0x00014bc0                __aeabi_fcmpgt
                0x00014ad0                __lesf2
                0x00014ad8                __nesf2
                0x00014ba8                __aeabi_fcmpge
                0x00014ac8                __gtsf2
                0x00014b90                __aeabi_fcmple
                0x00014ad8                __eqsf2
                0x00014ad8                __cmpsf2
                0x00014ad0                __ltsf2
                0x00014b48                __aeabi_cfcmple
                0x00014ac8                __gesf2
                0x00014b60                __aeabi_fcmpeq
                0x00014b38                __aeabi_cfrcmple
                0x00014b78                __aeabi_fcmplt
                0x00014b48                __aeabi_cfcmpeq
 .text          0x00014bd8       0x5c c:/winarm/bin/../lib/gcc/arm-elf/4.1.1/thumb/interwork\libgcc.a(_fixsfsi.o)
                0x00014bd8                __fixsfsi
                0x00014bd8                __aeabi_f2iz
 .text          0x00014c34      0x464 c:/winarm/bin/../lib/gcc/arm-elf/4.1.1/thumb/interwork\libgcc.a(_divdi3.o)
                0x00014c34                __divdi3
 .text          0x00015098        0x0 c:/winarm/bin/../lib/gcc/arm-elf/4.1.1/thumb/interwork\libgcc.a(_clz.o)
 *(.gnu.linkonce.t.*)
 *(.glue_7)
 .glue_7        0x00015098        0x0 external/Common_WinARM/src/Startup.o
 .glue_7        0x00015098        0x0 external/Common_WinARM/src/swi_handler.o
 .glue_7        0x00015098        0x0 src/LL_HL_comm.o
 .glue_7        0x00015098        0x0 src/gpsmath.o
 .glue_7        0x00015098        0x0 src/buzzer.o
 .glue_7        0x00015098        0x0 src/sdk.o
 .glue_7        0x00015098        0x0 src/comm_util_LL.o
 .glue_7        0x00015098        0x0 src/util.o
 .glue_7        0x00015098        0x0 src/pid.o
 .glue_7        0x00015098        0x0 src/kalman.o
 .glue_7        0x00015098        0x0 src/matrices.o
 .glue_7        0x00015098        0x0 ../mav_common/src/comm_util.o
 .glue_7        0x00015098        0x0 src/main.o
 .glue_7        0x00015098        0x0 src/hardware.o
 .glue_7        0x00015098        0x0 src/LPC2k_ee.o
 .glue_7        0x00015098        0x0 src/system.o
 .glue_7        0x00015098        0x0 src/uart.o
 .glue_7        0x00015098        0x0 src/uart1.o
 .glue_7        0x00015098        0x0 src/syscalls.o
 .glue_7        0x00015098        0x0 src/i2c.o
 .glue_7        0x00015098        0x0 src/adc.o
 .glue_7        0x00015098        0x0 src/ssp.o
 .glue_7        0x00015098        0x0 external/Common_WinARM/src/irq.o
 .glue_7        0x00015098        0x0 external/Common_WinARM/src/interrupt_utils.o
 .glue_7        0x00015098        0x0 c:/winarm/bin/../lib/gcc/arm-elf/4.1.1/../../../../arm-elf/lib/thumb/interwork\libc.a(memcpy.o)
 .glue_7        0x00015098        0x0 c:/winarm/bin/../lib/gcc/arm-elf/4.1.1/../../../../arm-elf/lib/thumb/interwork\libc.a(printf.o)
 .glue_7        0x00015098        0x0 c:/winarm/bin/../lib/gcc/arm-elf/4.1.1/../../../../arm-elf/lib/thumb/interwork\libc.a(puts.o)
 .glue_7        0x00015098        0x0 c:/winarm/bin/../lib/gcc/arm-elf/4.1.1/../../../../arm-elf/lib/thumb/interwork\libc.a(strlen.o)
 .glue_7        0x00015098        0x0 c:/winarm/bin/../lib/gcc/arm-elf/4.1.1/../../../../arm-elf/lib/thumb/interwork\libc.a(vfprintf.o)
 .glue_7        0x00015098        0x0 c:/winarm/bin/../lib/gcc/arm-elf/4.1.1/../../../../arm-elf/lib/thumb/interwork\libc.a(wcrtomb.o)
 .glue_7        0x00015098        0x0 c:/winarm/bin/../lib/gcc/arm-elf/4.1.1/../../../../arm-elf/lib/thumb/interwork\libc.a(wcsrtombs.o)
 .glue_7        0x00015098        0x0 c:/winarm/bin/../lib/gcc/arm-elf/4.1.1/../../../../arm-elf/lib/thumb/interwork\libc.a(wctomb_r.o)
 .glue_7        0x00015098        0x0 c:/winarm/bin/../lib/gcc/arm-elf/4.1.1/../../../../arm-elf/lib/thumb/interwork\libc.a(wsetup.o)
 .glue_7        0x00015098        0x0 c:/winarm/bin/../lib/gcc/arm-elf/4.1.1/../../../../arm-elf/lib/thumb/interwork\libc.a(dtoa.o)
 .glue_7        0x00015098        0x0 c:/winarm/bin/../lib/gcc/arm-elf/4.1.1/../../../../arm-elf/lib/thumb/interwork\libc.a(fflush.o)
 .glue_7        0x00015098        0x0 c:/winarm/bin/../lib/gcc/arm-elf/4.1.1/../../../../arm-elf/lib/thumb/interwork\libc.a(findfp.o)
 .glue_7        0x00015098        0x0 c:/winarm/bin/../lib/gcc/arm-elf/4.1.1/../../../../arm-elf/lib/thumb/interwork\libc.a(freer.o)
 .glue_7        0x00015098        0x0 c:/winarm/bin/../lib/gcc/arm-elf/4.1.1/../../../../arm-elf/lib/thumb/interwork\libc.a(fvwrite.o)
 .glue_7        0x00015098        0x0 c:/winarm/bin/../lib/gcc/arm-elf/4.1.1/../../../../arm-elf/lib/thumb/interwork\libc.a(fwalk.o)
 .glue_7        0x00015098        0x0 c:/winarm/bin/../lib/gcc/arm-elf/4.1.1/../../../../arm-elf/lib/thumb/interwork\libc.a(impure.o)
 .glue_7        0x00015098        0x0 c:/winarm/bin/../lib/gcc/arm-elf/4.1.1/../../../../arm-elf/lib/thumb/interwork\libc.a(locale.o)
 .glue_7        0x00015098        0x0 c:/winarm/bin/../lib/gcc/arm-elf/4.1.1/../../../../arm-elf/lib/thumb/interwork\libc.a(makebuf.o)
 .glue_7        0x00015098        0x0 c:/winarm/bin/../lib/gcc/arm-elf/4.1.1/../../../../arm-elf/lib/thumb/interwork\libc.a(mallocr.o)
 .glue_7        0x00015098        0x0 c:/winarm/bin/../lib/gcc/arm-elf/4.1.1/../../../../arm-elf/lib/thumb/interwork\libc.a(memchr.o)
 .glue_7        0x00015098        0x0 c:/winarm/bin/../lib/gcc/arm-elf/4.1.1/../../../../arm-elf/lib/thumb/interwork\libc.a(memmove.o)
 .glue_7        0x00015098        0x0 c:/winarm/bin/../lib/gcc/arm-elf/4.1.1/../../../../arm-elf/lib/thumb/interwork\libc.a(memset.o)
 .glue_7        0x00015098        0x0 c:/winarm/bin/../lib/gcc/arm-elf/4.1.1/../../../../arm-elf/lib/thumb/interwork\libc.a(mlock.o)
 .glue_7        0x00015098        0x0 c:/winarm/bin/../lib/gcc/arm-elf/4.1.1/../../../../arm-elf/lib/thumb/interwork\libc.a(mprec.o)
 .glue_7        0x00015098        0x0 c:/winarm/bin/../lib/gcc/arm-elf/4.1.1/../../../../arm-elf/lib/thumb/interwork\libc.a(reallocr.o)
 .glue_7        0x00015098        0x0 c:/winarm/bin/../lib/gcc/arm-elf/4.1.1/../../../../arm-elf/lib/thumb/interwork\libc.a(s_isinf.o)
 .glue_7        0x00015098        0x0 c:/winarm/bin/../lib/gcc/arm-elf/4.1.1/../../../../arm-elf/lib/thumb/interwork\libc.a(s_isnan.o)
 .glue_7        0x00015098        0x0 c:/winarm/bin/../lib/gcc/arm-elf/4.1.1/../../../../arm-elf/lib/thumb/interwork\libc.a(stdio.o)
 .glue_7        0x00015098        0x0 c:/winarm/bin/../lib/gcc/arm-elf/4.1.1/../../../../arm-elf/lib/thumb/interwork\libc.a(strcmp.o)
 .glue_7        0x00015098        0x0 c:/winarm/bin/../lib/gcc/arm-elf/4.1.1/../../../../arm-elf/lib/thumb/interwork\libc.a(callocr.o)
 .glue_7        0x00015098        0x0 c:/winarm/bin/../lib/gcc/arm-elf/4.1.1/../../../../arm-elf/lib/thumb/interwork\libc.a(fclose.o)
 .glue_7        0x00015098        0x0 c:/winarm/bin/../lib/gcc/arm-elf/4.1.1/../../../../arm-elf/lib/thumb/interwork\libm.a(s_cos.o)
 .glue_7        0x00015098        0x0 c:/winarm/bin/../lib/gcc/arm-elf/4.1.1/../../../../arm-elf/lib/thumb/interwork\libm.a(s_sin.o)
 .glue_7        0x00015098        0x0 c:/winarm/bin/../lib/gcc/arm-elf/4.1.1/../../../../arm-elf/lib/thumb/interwork\libm.a(w_pow.o)
 .glue_7        0x00015098        0x0 c:/winarm/bin/../lib/gcc/arm-elf/4.1.1/../../../../arm-elf/lib/thumb/interwork\libm.a(w_sqrt.o)
 .glue_7        0x00015098        0x0 c:/winarm/bin/../lib/gcc/arm-elf/4.1.1/../../../../arm-elf/lib/thumb/interwork\libm.a(e_pow.o)
 .glue_7        0x00015098        0x0 c:/winarm/bin/../lib/gcc/arm-elf/4.1.1/../../../../arm-elf/lib/thumb/interwork\libm.a(e_rem_pio2.o)
 .glue_7        0x00015098        0x0 c:/winarm/bin/../lib/gcc/arm-elf/4.1.1/../../../../arm-elf/lib/thumb/interwork\libm.a(e_sqrt.o)
 .glue_7        0x00015098        0x0 c:/winarm/bin/../lib/gcc/arm-elf/4.1.1/../../../../arm-elf/lib/thumb/interwork\libm.a(k_cos.o)
 .glue_7        0x00015098        0x0 c:/winarm/bin/../lib/gcc/arm-elf/4.1.1/../../../../arm-elf/lib/thumb/interwork\libm.a(k_rem_pio2.o)
 .glue_7        0x00015098        0x0 c:/winarm/bin/../lib/gcc/arm-elf/4.1.1/../../../../arm-elf/lib/thumb/interwork\libm.a(k_sin.o)
 .glue_7        0x00015098        0x0 c:/winarm/bin/../lib/gcc/arm-elf/4.1.1/../../../../arm-elf/lib/thumb/interwork\libm.a(s_fabs.o)
 .glue_7        0x00015098        0x0 c:/winarm/bin/../lib/gcc/arm-elf/4.1.1/../../../../arm-elf/lib/thumb/interwork\libm.a(s_finite.o)
 .glue_7        0x00015098        0x0 c:/winarm/bin/../lib/gcc/arm-elf/4.1.1/../../../../arm-elf/lib/thumb/interwork\libm.a(s_floor.o)
 .glue_7        0x00015098        0x0 c:/winarm/bin/../lib/gcc/arm-elf/4.1.1/../../../../arm-elf/lib/thumb/interwork\libm.a(s_lib_ver.o)
 .glue_7        0x00015098        0x0 c:/winarm/bin/../lib/gcc/arm-elf/4.1.1/../../../../arm-elf/lib/thumb/interwork\libm.a(s_matherr.o)
 .glue_7        0x00015098        0x0 c:/winarm/bin/../lib/gcc/arm-elf/4.1.1/../../../../arm-elf/lib/thumb/interwork\libm.a(s_rint.o)
 .glue_7        0x00015098        0x0 c:/winarm/bin/../lib/gcc/arm-elf/4.1.1/../../../../arm-elf/lib/thumb/interwork\libm.a(s_scalbn.o)
 .glue_7        0x00015098        0x0 c:/winarm/bin/../lib/gcc/arm-elf/4.1.1/../../../../arm-elf/lib/thumb/interwork\libm.a(s_copysign.o)
 .glue_7        0x00015098        0x0 c:/winarm/bin/../lib/gcc/arm-elf/4.1.1/../../../../arm-elf/lib/thumb/interwork\libc.a(errno.o)
 .glue_7        0x00015098        0x0 c:/winarm/bin/../lib/gcc/arm-elf/4.1.1/thumb/interwork\libgcc.a(_udivsi3.o)
 .glue_7        0x00015098        0x0 c:/winarm/bin/../lib/gcc/arm-elf/4.1.1/thumb/interwork\libgcc.a(_divsi3.o)
 .glue_7        0x00015098        0x0 c:/winarm/bin/../lib/gcc/arm-elf/4.1.1/thumb/interwork\libgcc.a(_umodsi3.o)
 .glue_7        0x00015098        0x0 c:/winarm/bin/../lib/gcc/arm-elf/4.1.1/thumb/interwork\libgcc.a(_modsi3.o)
 .glue_7        0x00015098        0x0 c:/winarm/bin/../lib/gcc/arm-elf/4.1.1/thumb/interwork\libgcc.a(_dvmd_tls.o)
 .glue_7        0x00015098        0x0 c:/winarm/bin/../lib/gcc/arm-elf/4.1.1/thumb/interwork\libgcc.a(_addsubdf3.o)
 .glue_7        0x00015098        0x0 c:/winarm/bin/../lib/gcc/arm-elf/4.1.1/thumb/interwork\libgcc.a(_muldivdf3.o)
 .glue_7        0x00015098        0x0 c:/winarm/bin/../lib/gcc/arm-elf/4.1.1/thumb/interwork\libgcc.a(_cmpdf2.o)
 .glue_7        0x00015098        0x0 c:/winarm/bin/../lib/gcc/arm-elf/4.1.1/thumb/interwork\libgcc.a(_fixdfsi.o)
 .glue_7        0x00015098        0x0 c:/winarm/bin/../lib/gcc/arm-elf/4.1.1/thumb/interwork\libgcc.a(_truncdfsf2.o)
 .glue_7        0x00015098        0x0 c:/winarm/bin/../lib/gcc/arm-elf/4.1.1/thumb/interwork\libgcc.a(_addsubsf3.o)
 .glue_7        0x00015098        0x0 c:/winarm/bin/../lib/gcc/arm-elf/4.1.1/thumb/interwork\libgcc.a(_muldivsf3.o)
 .glue_7        0x00015098        0x0 c:/winarm/bin/../lib/gcc/arm-elf/4.1.1/thumb/interwork\libgcc.a(_cmpsf2.o)
 .glue_7        0x00015098        0x0 c:/winarm/bin/../lib/gcc/arm-elf/4.1.1/thumb/interwork\libgcc.a(_fixsfsi.o)
 .glue_7        0x00015098        0x0 c:/winarm/bin/../lib/gcc/arm-elf/4.1.1/thumb/interwork\libgcc.a(_divdi3.o)
 .glue_7        0x00015098       0x78 c:/winarm/bin/../lib/gcc/arm-elf/4.1.1/thumb/interwork\libgcc.a(_clz.o)
                0x000150b0                ____divdi3_from_arm
                0x00015098                __cos_from_arm
                0x000150a4                ____umodsi3_from_arm
                0x000150f8                ____udivsi3_from_arm
                0x00015104                __memcpy_from_arm
                0x000150d4                __puts_from_arm
                0x000150e0                __printf_from_arm
                0x000150c8                __sin_from_arm
                0x000150ec                __sqrt_from_arm
                0x000150bc                __pow_from_arm
 *(.glue_7t)
 .glue_7t       0x00015110        0x0 external/Common_WinARM/src/Startup.o
 .glue_7t       0x00015110        0x0 external/Common_WinARM/src/swi_handler.o
 .glue_7t       0x00015110        0x0 src/LL_HL_comm.o
 .glue_7t       0x00015110        0x0 src/gpsmath.o
 .glue_7t       0x00015110        0x0 src/buzzer.o
 .glue_7t       0x00015110        0x0 src/sdk.o
 .glue_7t       0x00015110        0x0 src/comm_util_LL.o
 .glue_7t       0x00015110        0x0 src/util.o
 .glue_7t       0x00015110        0x0 src/pid.o
 .glue_7t       0x00015110        0x0 src/kalman.o
 .glue_7t       0x00015110        0x0 src/matrices.o
 .glue_7t       0x00015110        0x0 ../mav_common/src/comm_util.o
 .glue_7t       0x00015110        0x0 src/main.o
 .glue_7t       0x00015110        0x0 src/hardware.o
 .glue_7t       0x00015110        0x0 src/LPC2k_ee.o
 .glue_7t       0x00015110        0x0 src/system.o
 .glue_7t       0x00015110        0x0 src/uart.o
 .glue_7t       0x00015110        0x0 src/uart1.o
 .glue_7t       0x00015110        0x0 src/syscalls.o
 .glue_7t       0x00015110        0x0 src/i2c.o
 .glue_7t       0x00015110        0x0 src/adc.o
 .glue_7t       0x00015110        0x0 src/ssp.o
 .glue_7t       0x00015110        0x0 external/Common_WinARM/src/irq.o
 .glue_7t       0x00015110        0x0 external/Common_WinARM/src/interrupt_utils.o
 .glue_7t       0x00015110        0x0 c:/winarm/bin/../lib/gcc/arm-elf/4.1.1/../../../../arm-elf/lib/thumb/interwork\libc.a(memcpy.o)
 .glue_7t       0x00015110        0x0 c:/winarm/bin/../lib/gcc/arm-elf/4.1.1/../../../../arm-elf/lib/thumb/interwork\libc.a(printf.o)
 .glue_7t       0x00015110        0x0 c:/winarm/bin/../lib/gcc/arm-elf/4.1.1/../../../../arm-elf/lib/thumb/interwork\libc.a(puts.o)
 .glue_7t       0x00015110        0x0 c:/winarm/bin/../lib/gcc/arm-elf/4.1.1/../../../../arm-elf/lib/thumb/interwork\libc.a(strlen.o)
 .glue_7t       0x00015110        0x0 c:/winarm/bin/../lib/gcc/arm-elf/4.1.1/../../../../arm-elf/lib/thumb/interwork\libc.a(vfprintf.o)
 .glue_7t       0x00015110        0x0 c:/winarm/bin/../lib/gcc/arm-elf/4.1.1/../../../../arm-elf/lib/thumb/interwork\libc.a(wcrtomb.o)
 .glue_7t       0x00015110        0x0 c:/winarm/bin/../lib/gcc/arm-elf/4.1.1/../../../../arm-elf/lib/thumb/interwork\libc.a(wcsrtombs.o)
 .glue_7t       0x00015110        0x0 c:/winarm/bin/../lib/gcc/arm-elf/4.1.1/../../../../arm-elf/lib/thumb/interwork\libc.a(wctomb_r.o)
 .glue_7t       0x00015110        0x0 c:/winarm/bin/../lib/gcc/arm-elf/4.1.1/../../../../arm-elf/lib/thumb/interwork\libc.a(wsetup.o)
 .glue_7t       0x00015110        0x0 c:/winarm/bin/../lib/gcc/arm-elf/4.1.1/../../../../arm-elf/lib/thumb/interwork\libc.a(dtoa.o)
 .glue_7t       0x00015110        0x0 c:/winarm/bin/../lib/gcc/arm-elf/4.1.1/../../../../arm-elf/lib/thumb/interwork\libc.a(fflush.o)
 .glue_7t       0x00015110        0x0 c:/winarm/bin/../lib/gcc/arm-elf/4.1.1/../../../../arm-elf/lib/thumb/interwork\libc.a(findfp.o)
 .glue_7t       0x00015110        0x0 c:/winarm/bin/../lib/gcc/arm-elf/4.1.1/../../../../arm-elf/lib/thumb/interwork\libc.a(freer.o)
 .glue_7t       0x00015110        0x0 c:/winarm/bin/../lib/gcc/arm-elf/4.1.1/../../../../arm-elf/lib/thumb/interwork\libc.a(fvwrite.o)
 .glue_7t       0x00015110        0x0 c:/winarm/bin/../lib/gcc/arm-elf/4.1.1/../../../../arm-elf/lib/thumb/interwork\libc.a(fwalk.o)
 .glue_7t       0x00015110        0x0 c:/winarm/bin/../lib/gcc/arm-elf/4.1.1/../../../../arm-elf/lib/thumb/interwork\libc.a(impure.o)
 .glue_7t       0x00015110        0x0 c:/winarm/bin/../lib/gcc/arm-elf/4.1.1/../../../../arm-elf/lib/thumb/interwork\libc.a(locale.o)
 .glue_7t       0x00015110        0x0 c:/winarm/bin/../lib/gcc/arm-elf/4.1.1/../../../../arm-elf/lib/thumb/interwork\libc.a(makebuf.o)
 .glue_7t       0x00015110        0x0 c:/winarm/bin/../lib/gcc/arm-elf/4.1.1/../../../../arm-elf/lib/thumb/interwork\libc.a(mallocr.o)
 .glue_7t       0x00015110        0x0 c:/winarm/bin/../lib/gcc/arm-elf/4.1.1/../../../../arm-elf/lib/thumb/interwork\libc.a(memchr.o)
 .glue_7t       0x00015110        0x0 c:/winarm/bin/../lib/gcc/arm-elf/4.1.1/../../../../arm-elf/lib/thumb/interwork\libc.a(memmove.o)
 .glue_7t       0x00015110        0x0 c:/winarm/bin/../lib/gcc/arm-elf/4.1.1/../../../../arm-elf/lib/thumb/interwork\libc.a(memset.o)
 .glue_7t       0x00015110        0x0 c:/winarm/bin/../lib/gcc/arm-elf/4.1.1/../../../../arm-elf/lib/thumb/interwork\libc.a(mlock.o)
 .glue_7t       0x00015110        0x0 c:/winarm/bin/../lib/gcc/arm-elf/4.1.1/../../../../arm-elf/lib/thumb/interwork\libc.a(mprec.o)
 .glue_7t       0x00015110        0x0 c:/winarm/bin/../lib/gcc/arm-elf/4.1.1/../../../../arm-elf/lib/thumb/interwork\libc.a(reallocr.o)
 .glue_7t       0x00015110        0x0 c:/winarm/bin/../lib/gcc/arm-elf/4.1.1/../../../../arm-elf/lib/thumb/interwork\libc.a(s_isinf.o)
 .glue_7t       0x00015110        0x0 c:/winarm/bin/../lib/gcc/arm-elf/4.1.1/../../../../arm-elf/lib/thumb/interwork\libc.a(s_isnan.o)
 .glue_7t       0x00015110        0x0 c:/winarm/bin/../lib/gcc/arm-elf/4.1.1/../../../../arm-elf/lib/thumb/interwork\libc.a(stdio.o)
 .glue_7t       0x00015110        0x0 c:/winarm/bin/../lib/gcc/arm-elf/4.1.1/../../../../arm-elf/lib/thumb/interwork\libc.a(strcmp.o)
 .glue_7t       0x00015110        0x0 c:/winarm/bin/../lib/gcc/arm-elf/4.1.1/../../../../arm-elf/lib/thumb/interwork\libc.a(callocr.o)
 .glue_7t       0x00015110        0x0 c:/winarm/bin/../lib/gcc/arm-elf/4.1.1/../../../../arm-elf/lib/thumb/interwork\libc.a(fclose.o)
 .glue_7t       0x00015110        0x0 c:/winarm/bin/../lib/gcc/arm-elf/4.1.1/../../../../arm-elf/lib/thumb/interwork\libm.a(s_cos.o)
 .glue_7t       0x00015110        0x0 c:/winarm/bin/../lib/gcc/arm-elf/4.1.1/../../../../arm-elf/lib/thumb/interwork\libm.a(s_sin.o)
 .glue_7t       0x00015110        0x0 c:/winarm/bin/../lib/gcc/arm-elf/4.1.1/../../../../arm-elf/lib/thumb/interwork\libm.a(w_pow.o)
 .glue_7t       0x00015110        0x0 c:/winarm/bin/../lib/gcc/arm-elf/4.1.1/../../../../arm-elf/lib/thumb/interwork\libm.a(w_sqrt.o)
 .glue_7t       0x00015110        0x0 c:/winarm/bin/../lib/gcc/arm-elf/4.1.1/../../../../arm-elf/lib/thumb/interwork\libm.a(e_pow.o)
 .glue_7t       0x00015110        0x0 c:/winarm/bin/../lib/gcc/arm-elf/4.1.1/../../../../arm-elf/lib/thumb/interwork\libm.a(e_rem_pio2.o)
 .glue_7t       0x00015110        0x0 c:/winarm/bin/../lib/gcc/arm-elf/4.1.1/../../../../arm-elf/lib/thumb/interwork\libm.a(e_sqrt.o)
 .glue_7t       0x00015110        0x0 c:/winarm/bin/../lib/gcc/arm-elf/4.1.1/../../../../arm-elf/lib/thumb/interwork\libm.a(k_cos.o)
 .glue_7t       0x00015110        0x0 c:/winarm/bin/../lib/gcc/arm-elf/4.1.1/../../../../arm-elf/lib/thumb/interwork\libm.a(k_rem_pio2.o)
 .glue_7t       0x00015110        0x0 c:/winarm/bin/../lib/gcc/arm-elf/4.1.1/../../../../arm-elf/lib/thumb/interwork\libm.a(k_sin.o)
 .glue_7t       0x00015110        0x0 c:/winarm/bin/../lib/gcc/arm-elf/4.1.1/../../../../arm-elf/lib/thumb/interwork\libm.a(s_fabs.o)
 .glue_7t       0x00015110        0x0 c:/winarm/bin/../lib/gcc/arm-elf/4.1.1/../../../../arm-elf/lib/thumb/interwork\libm.a(s_finite.o)
 .glue_7t       0x00015110        0x0 c:/winarm/bin/../lib/gcc/arm-elf/4.1.1/../../../../arm-elf/lib/thumb/interwork\libm.a(s_floor.o)
 .glue_7t       0x00015110        0x0 c:/winarm/bin/../lib/gcc/arm-elf/4.1.1/../../../../arm-elf/lib/thumb/interwork\libm.a(s_lib_ver.o)
 .glue_7t       0x00015110        0x0 c:/winarm/bin/../lib/gcc/arm-elf/4.1.1/../../../../arm-elf/lib/thumb/interwork\libm.a(s_matherr.o)
 .glue_7t       0x00015110        0x0 c:/winarm/bin/../lib/gcc/arm-elf/4.1.1/../../../../arm-elf/lib/thumb/interwork\libm.a(s_rint.o)
 .glue_7t       0x00015110        0x0 c:/winarm/bin/../lib/gcc/arm-elf/4.1.1/../../../../arm-elf/lib/thumb/interwork\libm.a(s_scalbn.o)
 .glue_7t       0x00015110        0x0 c:/winarm/bin/../lib/gcc/arm-elf/4.1.1/../../../../arm-elf/lib/thumb/interwork\libm.a(s_copysign.o)
 .glue_7t       0x00015110        0x0 c:/winarm/bin/../lib/gcc/arm-elf/4.1.1/../../../../arm-elf/lib/thumb/interwork\libc.a(errno.o)
 .glue_7t       0x00015110        0x0 c:/winarm/bin/../lib/gcc/arm-elf/4.1.1/thumb/interwork\libgcc.a(_udivsi3.o)
 .glue_7t       0x00015110        0x0 c:/winarm/bin/../lib/gcc/arm-elf/4.1.1/thumb/interwork\libgcc.a(_divsi3.o)
 .glue_7t       0x00015110        0x0 c:/winarm/bin/../lib/gcc/arm-elf/4.1.1/thumb/interwork\libgcc.a(_umodsi3.o)
 .glue_7t       0x00015110        0x0 c:/winarm/bin/../lib/gcc/arm-elf/4.1.1/thumb/interwork\libgcc.a(_modsi3.o)
 .glue_7t       0x00015110        0x0 c:/winarm/bin/../lib/gcc/arm-elf/4.1.1/thumb/interwork\libgcc.a(_dvmd_tls.o)
 .glue_7t       0x00015110        0x0 c:/winarm/bin/../lib/gcc/arm-elf/4.1.1/thumb/interwork\libgcc.a(_addsubdf3.o)
 .glue_7t       0x00015110        0x0 c:/winarm/bin/../lib/gcc/arm-elf/4.1.1/thumb/interwork\libgcc.a(_muldivdf3.o)
 .glue_7t       0x00015110        0x0 c:/winarm/bin/../lib/gcc/arm-elf/4.1.1/thumb/interwork\libgcc.a(_cmpdf2.o)
 .glue_7t       0x00015110        0x0 c:/winarm/bin/../lib/gcc/arm-elf/4.1.1/thumb/interwork\libgcc.a(_fixdfsi.o)
 .glue_7t       0x00015110        0x0 c:/winarm/bin/../lib/gcc/arm-elf/4.1.1/thumb/interwork\libgcc.a(_truncdfsf2.o)
 .glue_7t       0x00015110        0x0 c:/winarm/bin/../lib/gcc/arm-elf/4.1.1/thumb/interwork\libgcc.a(_addsubsf3.o)
 .glue_7t       0x00015110        0x0 c:/winarm/bin/../lib/gcc/arm-elf/4.1.1/thumb/interwork\libgcc.a(_muldivsf3.o)
 .glue_7t       0x00015110        0x0 c:/winarm/bin/../lib/gcc/arm-elf/4.1.1/thumb/interwork\libgcc.a(_cmpsf2.o)
 .glue_7t       0x00015110        0x0 c:/winarm/bin/../lib/gcc/arm-elf/4.1.1/thumb/interwork\libgcc.a(_fixsfsi.o)
 .glue_7t       0x00015110        0x0 c:/winarm/bin/../lib/gcc/arm-elf/4.1.1/thumb/interwork\libgcc.a(_divdi3.o)
 .glue_7t       0x00015110       0x98 c:/winarm/bin/../lib/gcc/arm-elf/4.1.1/thumb/interwork\libgcc.a(_clz.o)
                0x0001516c                ___sbrk_r_change_to_arm
                0x00015198                ___read_r_from_thumb
                0x00015158                ____gtdf2_from_thumb
                0x00015138                ____subdf3_from_thumb
                0x00015114                ____ltdf2_change_to_arm
                0x000151a0                ____ledf2_from_thumb
                0x0001513c                ____subdf3_change_to_arm
                0x00015164                ____gedf2_change_to_arm
                0x00015170                ___fstat_r_from_thumb
                0x0001517c                __isatty_change_to_arm
                0x00015120                ____eqdf2_from_thumb
                0x00015184                ___close_r_change_to_arm
                0x0001519c                ___read_r_change_to_arm
                0x00015148                ____fixdfsi_from_thumb
                0x00015154                ____divdf3_change_to_arm
                0x00015160                ____gedf2_from_thumb
                0x00015174                ___fstat_r_change_to_arm
                0x00015144                ____muldf3_change_to_arm
                0x0001518c                ___lseek_r_change_to_arm
                0x0001514c                ____fixdfsi_change_to_arm
                0x00015150                ____divdf3_from_thumb
                0x00015134                ____adddf3_change_to_arm
                0x0001515c                ____gtdf2_change_to_arm
                0x00015194                ___write_r_change_to_arm
                0x00015188                ___lseek_r_from_thumb
                0x00015128                ____floatsidf_from_thumb
                0x00015110                ____ltdf2_from_thumb
                0x0001511c                ____nedf2_change_to_arm
                0x00015130                ____adddf3_from_thumb
                0x00015180                ___close_r_from_thumb
                0x00015124                ____eqdf2_change_to_arm
                0x00015168                ___sbrk_r_from_thumb
                0x00015140                ____muldf3_from_thumb
                0x00015118                ____nedf2_from_thumb
                0x000151a4                ____ledf2_change_to_arm
                0x00015190                ___write_r_from_thumb
                0x0001512c                ____floatsidf_change_to_arm
                0x00015178                __isatty_from_thumb
 *(.gcc_except_table)
 *(.rodata)
 .rodata        0x000151a8       0x64 src/main.o
 .rodata        0x0001520c      0x105 src/uart1.o
                0x00015230                GPS_CFG_MSG
                0x000152f0                GPS_CFG_RATE
                0x000152c2                GPS_CFG_NAV2
                0x00015226                GPS_CFG_ANT
                0x000152fc                GPS_CFG_CFG
                0x0001520c                GPS_CFG_PRT
                0x000152b4                GPS_CFG_SBAS
 *fill*         0x00015311        0x3 00
 .rodata        0x00015314      0x184 c:/winarm/bin/../lib/gcc/arm-elf/4.1.1/../../../../arm-elf/lib/thumb/interwork\libc.a(vfprintf.o)
 .rodata        0x00015498       0x18 c:/winarm/bin/../lib/gcc/arm-elf/4.1.1/../../../../arm-elf/lib/thumb/interwork\libc.a(dtoa.o)
 .rodata        0x000154b0        0x4 c:/winarm/bin/../lib/gcc/arm-elf/4.1.1/../../../../arm-elf/lib/thumb/interwork\libc.a(impure.o)
                0x000154b0                _global_impure_ptr
 .rodata        0x000154b4       0x34 c:/winarm/bin/../lib/gcc/arm-elf/4.1.1/../../../../arm-elf/lib/thumb/interwork\libc.a(locale.o)
 .rodata        0x000154e8      0x124 c:/winarm/bin/../lib/gcc/arm-elf/4.1.1/../../../../arm-elf/lib/thumb/interwork\libc.a(mprec.o)
                0x000155d8                __mprec_tinytens
                0x000154e8                __mprec_tens
                0x000155b0                __mprec_bigtens
 .rodata        0x0001560c       0x30 c:/winarm/bin/../lib/gcc/arm-elf/4.1.1/../../../../arm-elf/lib/thumb/interwork\libm.a(e_pow.o)
 .rodata        0x0001563c      0x188 c:/winarm/bin/../lib/gcc/arm-elf/4.1.1/../../../../arm-elf/lib/thumb/interwork\libm.a(e_rem_pio2.o)
 .rodata        0x000157c4       0x50 c:/winarm/bin/../lib/gcc/arm-elf/4.1.1/../../../../arm-elf/lib/thumb/interwork\libm.a(k_rem_pio2.o)
 .rodata        0x00015814        0x4 c:/winarm/bin/../lib/gcc/arm-elf/4.1.1/../../../../arm-elf/lib/thumb/interwork\libm.a(s_lib_ver.o)
                0x00015814                __fdlib_version
 .rodata        0x00015818       0x10 c:/winarm/bin/../lib/gcc/arm-elf/4.1.1/../../../../arm-elf/lib/thumb/interwork\libm.a(s_rint.o)
 .rodata        0x00015828      0x100 c:/winarm/bin/../lib/gcc/arm-elf/4.1.1/thumb/interwork\libgcc.a(_clz.o)
                0x00015828                __clz_tab
 *(.rodata*)
 .rodata.str1.4
                0x00015928        0x2 c:/winarm/bin/../lib/gcc/arm-elf/4.1.1/../../../../arm-elf/lib/thumb/interwork\libc.a(puts.o)
                                  0x4 (size before relaxing)
 *fill*         0x0001592a        0x2 00
 .rodata.str1.4
                0x0001592c       0x63 c:/winarm/bin/../lib/gcc/arm-elf/4.1.1/../../../../arm-elf/lib/thumb/interwork\libc.a(vfprintf.o)
                                 0x64 (size before relaxing)
 *fill*         0x0001598f        0x1 00
 .rodata.str1.4
                0x00015990       0x1e c:/winarm/bin/../lib/gcc/arm-elf/4.1.1/../../../../arm-elf/lib/thumb/interwork\libc.a(wctomb_r.o)
                                 0x20 (size before relaxing)
 *fill*         0x000159ae        0x2 00
 .rodata.str1.4
                0x000159b0       0x10 c:/winarm/bin/../lib/gcc/arm-elf/4.1.1/../../../../arm-elf/lib/thumb/interwork\libc.a(dtoa.o)
                                 0x14 (size before relaxing)
 .rodata.str1.4
                0x000159c0        0x2 c:/winarm/bin/../lib/gcc/arm-elf/4.1.1/../../../../arm-elf/lib/thumb/interwork\libc.a(impure.o)
                                  0x4 (size before relaxing)
 *fill*         0x000159c2        0x2 00
 .rodata.str1.4
                0x000159c4        0xb c:/winarm/bin/../lib/gcc/arm-elf/4.1.1/../../../../arm-elf/lib/thumb/interwork\libc.a(locale.o)
                                 0x18 (size before relaxing)
 *fill*         0x000159cf        0x1 00
 .rodata.str1.4
                0x000159d0        0x4 c:/winarm/bin/../lib/gcc/arm-elf/4.1.1/../../../../arm-elf/lib/thumb/interwork\libm.a(w_pow.o)
 .rodata.str1.4
                0x000159d4        0x8 c:/winarm/bin/../lib/gcc/arm-elf/4.1.1/../../../../arm-elf/lib/thumb/interwork\libm.a(w_sqrt.o)
 *(.gnu.linkonce.r.*)
                0x000159dc                . = ALIGN (0x4)
                0x000159dc                . = ALIGN (0x4)

.ctors          0x000159dc        0x0
                0x000159dc                PROVIDE (__ctors_start__, .)
 *(SORT(.ctors.*))
 *(.ctors)
                0x000159dc                . = ALIGN (0x4)
                0x000159dc                PROVIDE (__ctors_end__, .)
                0x000159dc                . = ALIGN (0x4)

.dtors          0x000159dc        0x0
                0x000159dc                PROVIDE (__dtors_start__, .)
 *(SORT(.dtors.*))
 *(.dtors)
                0x000159dc                . = ALIGN (0x4)
                0x000159dc                PROVIDE (__dtors_end__, .)
                0x000159dc                . = ALIGN (0x4)
                0x000159dc                . = ALIGN (0x4)
                0x000159dc                _etext = .
                0x000159dc                PROVIDE (etext, .)

.data           0x40000000      0x844 load address 0x000159dc
                0x40000000                _data = .
 *(.vectmapped)
                0x40000000                . = ALIGN (0x4)
 *(.fastrun)
                0x40000000                . = ALIGN (0x4)
                0x40000000                . = ALIGN (0x4)
 *(.data)
 .data          0x40000000        0x0 external/Common_WinARM/src/Startup.o
 .data          0x40000000        0x0 external/Common_WinARM/src/swi_handler.o
 .data          0x40000000        0x0 src/LL_HL_comm.o
 .data          0x40000000        0x0 src/gpsmath.o
 .data          0x40000000        0x0 src/buzzer.o
 .data          0x40000000        0x2 src/sdk.o
                0x40000000                time_step
 .data          0x40000002        0x0 src/comm_util_LL.o
 .data          0x40000002        0x0 src/util.o
 .data          0x40000002        0x0 src/pid.o
 .data          0x40000002        0x2 src/kalman.o
 .data          0x40000004        0x0 src/matrices.o
 .data          0x40000004        0x0 ../mav_common/src/comm_util.o
 .data          0x40000004        0x8 src/main.o
                0x40000004                DataOutputsPerSecond
 .data          0x4000000c        0x0 src/hardware.o
 .data          0x4000000c        0x0 src/LPC2k_ee.o
 .data          0x4000000c        0x0 src/system.o
 .data          0x4000000c        0x8 src/uart.o
                0x4000000e                uart0_min_rx_buffer
                0x4000000c                uart0_min_tx_buffer
 .data          0x40000014        0x7 src/uart1.o
                0x40000018                stopstring
                0x40000015                startstring
                0x40000014                chksum_trigger
 .data          0x4000001b        0x0 src/syscalls.o
 .data          0x4000001b        0x0 src/i2c.o
 .data          0x4000001b        0x0 src/adc.o
 .data          0x4000001b        0x3 src/ssp.o
                0x4000001c                SSP_receiption_complete
                0x4000001d                data_sent_to_HL
                0x4000001b                data_sent_to_LL
 .data          0x4000001e        0x0 external/Common_WinARM/src/irq.o
 .data          0x4000001e        0x0 external/Common_WinARM/src/interrupt_utils.o
 .data          0x4000001e        0x0 c:/winarm/bin/../lib/gcc/arm-elf/4.1.1/../../../../arm-elf/lib/thumb/interwork\libc.a(memcpy.o)
 .data          0x4000001e        0x0 c:/winarm/bin/../lib/gcc/arm-elf/4.1.1/../../../../arm-elf/lib/thumb/interwork\libc.a(printf.o)
 .data          0x4000001e        0x0 c:/winarm/bin/../lib/gcc/arm-elf/4.1.1/../../../../arm-elf/lib/thumb/interwork\libc.a(puts.o)
 .data          0x4000001e        0x0 c:/winarm/bin/../lib/gcc/arm-elf/4.1.1/../../../../arm-elf/lib/thumb/interwork\libc.a(strlen.o)
 .data          0x4000001e        0x0 c:/winarm/bin/../lib/gcc/arm-elf/4.1.1/../../../../arm-elf/lib/thumb/interwork\libc.a(vfprintf.o)
 .data          0x4000001e        0x0 c:/winarm/bin/../lib/gcc/arm-elf/4.1.1/../../../../arm-elf/lib/thumb/interwork\libc.a(wcrtomb.o)
 .data          0x4000001e        0x0 c:/winarm/bin/../lib/gcc/arm-elf/4.1.1/../../../../arm-elf/lib/thumb/interwork\libc.a(wcsrtombs.o)
 .data          0x4000001e        0x0 c:/winarm/bin/../lib/gcc/arm-elf/4.1.1/../../../../arm-elf/lib/thumb/interwork\libc.a(wctomb_r.o)
 .data          0x4000001e        0x0 c:/winarm/bin/../lib/gcc/arm-elf/4.1.1/../../../../arm-elf/lib/thumb/interwork\libc.a(wsetup.o)
 .data          0x4000001e        0x0 c:/winarm/bin/../lib/gcc/arm-elf/4.1.1/../../../../arm-elf/lib/thumb/interwork\libc.a(dtoa.o)
 .data          0x4000001e        0x0 c:/winarm/bin/../lib/gcc/arm-elf/4.1.1/../../../../arm-elf/lib/thumb/interwork\libc.a(fflush.o)
 .data          0x4000001e        0x0 c:/winarm/bin/../lib/gcc/arm-elf/4.1.1/../../../../arm-elf/lib/thumb/interwork\libc.a(findfp.o)
 .data          0x4000001e        0x0 c:/winarm/bin/../lib/gcc/arm-elf/4.1.1/../../../../arm-elf/lib/thumb/interwork\libc.a(freer.o)
 .data          0x4000001e        0x0 c:/winarm/bin/../lib/gcc/arm-elf/4.1.1/../../../../arm-elf/lib/thumb/interwork\libc.a(fvwrite.o)
 .data          0x4000001e        0x0 c:/winarm/bin/../lib/gcc/arm-elf/4.1.1/../../../../arm-elf/lib/thumb/interwork\libc.a(fwalk.o)
 *fill*         0x4000001e        0x2 00
 .data          0x40000020      0x404 c:/winarm/bin/../lib/gcc/arm-elf/4.1.1/../../../../arm-elf/lib/thumb/interwork\libc.a(impure.o)
                0x40000020                _impure_ptr
 .data          0x40000424       0x10 c:/winarm/bin/../lib/gcc/arm-elf/4.1.1/../../../../arm-elf/lib/thumb/interwork\libc.a(locale.o)
                0x40000424                __mb_cur_max
                0x40000428                __lc_ctype
 .data          0x40000434        0x0 c:/winarm/bin/../lib/gcc/arm-elf/4.1.1/../../../../arm-elf/lib/thumb/interwork\libc.a(makebuf.o)
 .data          0x40000434      0x410 c:/winarm/bin/../lib/gcc/arm-elf/4.1.1/../../../../arm-elf/lib/thumb/interwork\libc.a(mallocr.o)
                0x40000840                __malloc_sbrk_base
                0x40000434                __malloc_av_
                0x4000083c                __malloc_trim_threshold
 .data          0x40000844        0x0 c:/winarm/bin/../lib/gcc/arm-elf/4.1.1/../../../../arm-elf/lib/thumb/interwork\libc.a(memchr.o)
 .data          0x40000844        0x0 c:/winarm/bin/../lib/gcc/arm-elf/4.1.1/../../../../arm-elf/lib/thumb/interwork\libc.a(memmove.o)
 .data          0x40000844        0x0 c:/winarm/bin/../lib/gcc/arm-elf/4.1.1/../../../../arm-elf/lib/thumb/interwork\libc.a(memset.o)
 .data          0x40000844        0x0 c:/winarm/bin/../lib/gcc/arm-elf/4.1.1/../../../../arm-elf/lib/thumb/interwork\libc.a(mlock.o)
 .data          0x40000844        0x0 c:/winarm/bin/../lib/gcc/arm-elf/4.1.1/../../../../arm-elf/lib/thumb/interwork\libc.a(mprec.o)
 .data          0x40000844        0x0 c:/winarm/bin/../lib/gcc/arm-elf/4.1.1/../../../../arm-elf/lib/thumb/interwork\libc.a(reallocr.o)
 .data          0x40000844        0x0 c:/winarm/bin/../lib/gcc/arm-elf/4.1.1/../../../../arm-elf/lib/thumb/interwork\libc.a(s_isinf.o)
 .data          0x40000844        0x0 c:/winarm/bin/../lib/gcc/arm-elf/4.1.1/../../../../arm-elf/lib/thumb/interwork\libc.a(s_isnan.o)
 .data          0x40000844        0x0 c:/winarm/bin/../lib/gcc/arm-elf/4.1.1/../../../../arm-elf/lib/thumb/interwork\libc.a(stdio.o)
 .data          0x40000844        0x0 c:/winarm/bin/../lib/gcc/arm-elf/4.1.1/../../../../arm-elf/lib/thumb/interwork\libc.a(strcmp.o)
 .data          0x40000844        0x0 c:/winarm/bin/../lib/gcc/arm-elf/4.1.1/../../../../arm-elf/lib/thumb/interwork\libc.a(callocr.o)
 .data          0x40000844        0x0 c:/winarm/bin/../lib/gcc/arm-elf/4.1.1/../../../../arm-elf/lib/thumb/interwork\libc.a(fclose.o)
 .data          0x40000844        0x0 c:/winarm/bin/../lib/gcc/arm-elf/4.1.1/../../../../arm-elf/lib/thumb/interwork\libm.a(s_cos.o)
 .data          0x40000844        0x0 c:/winarm/bin/../lib/gcc/arm-elf/4.1.1/../../../../arm-elf/lib/thumb/interwork\libm.a(s_sin.o)
 .data          0x40000844        0x0 c:/winarm/bin/../lib/gcc/arm-elf/4.1.1/../../../../arm-elf/lib/thumb/interwork\libm.a(w_pow.o)
 .data          0x40000844        0x0 c:/winarm/bin/../lib/gcc/arm-elf/4.1.1/../../../../arm-elf/lib/thumb/interwork\libm.a(w_sqrt.o)
 .data          0x40000844        0x0 c:/winarm/bin/../lib/gcc/arm-elf/4.1.1/../../../../arm-elf/lib/thumb/interwork\libm.a(e_pow.o)
 .data          0x40000844        0x0 c:/winarm/bin/../lib/gcc/arm-elf/4.1.1/../../../../arm-elf/lib/thumb/interwork\libm.a(e_rem_pio2.o)
 .data          0x40000844        0x0 c:/winarm/bin/../lib/gcc/arm-elf/4.1.1/../../../../arm-elf/lib/thumb/interwork\libm.a(e_sqrt.o)
 .data          0x40000844        0x0 c:/winarm/bin/../lib/gcc/arm-elf/4.1.1/../../../../arm-elf/lib/thumb/interwork\libm.a(k_cos.o)
 .data          0x40000844        0x0 c:/winarm/bin/../lib/gcc/arm-elf/4.1.1/../../../../arm-elf/lib/thumb/interwork\libm.a(k_rem_pio2.o)
 .data          0x40000844        0x0 c:/winarm/bin/../lib/gcc/arm-elf/4.1.1/../../../../arm-elf/lib/thumb/interwork\libm.a(k_sin.o)
 .data          0x40000844        0x0 c:/winarm/bin/../lib/gcc/arm-elf/4.1.1/../../../../arm-elf/lib/thumb/interwork\libm.a(s_fabs.o)
 .data          0x40000844        0x0 c:/winarm/bin/../lib/gcc/arm-elf/4.1.1/../../../../arm-elf/lib/thumb/interwork\libm.a(s_finite.o)
 .data          0x40000844        0x0 c:/winarm/bin/../lib/gcc/arm-elf/4.1.1/../../../../arm-elf/lib/thumb/interwork\libm.a(s_floor.o)
 .data          0x40000844        0x0 c:/winarm/bin/../lib/gcc/arm-elf/4.1.1/../../../../arm-elf/lib/thumb/interwork\libm.a(s_lib_ver.o)
 .data          0x40000844        0x0 c:/winarm/bin/../lib/gcc/arm-elf/4.1.1/../../../../arm-elf/lib/thumb/interwork\libm.a(s_matherr.o)
 .data          0x40000844        0x0 c:/winarm/bin/../lib/gcc/arm-elf/4.1.1/../../../../arm-elf/lib/thumb/interwork\libm.a(s_rint.o)
 .data          0x40000844        0x0 c:/winarm/bin/../lib/gcc/arm-elf/4.1.1/../../../../arm-elf/lib/thumb/interwork\libm.a(s_scalbn.o)
 .data          0x40000844        0x0 c:/winarm/bin/../lib/gcc/arm-elf/4.1.1/../../../../arm-elf/lib/thumb/interwork\libm.a(s_copysign.o)
 .data          0x40000844        0x0 c:/winarm/bin/../lib/gcc/arm-elf/4.1.1/../../../../arm-elf/lib/thumb/interwork\libc.a(errno.o)
 .data          0x40000844        0x0 c:/winarm/bin/../lib/gcc/arm-elf/4.1.1/thumb/interwork\libgcc.a(_udivsi3.o)
 .data          0x40000844        0x0 c:/winarm/bin/../lib/gcc/arm-elf/4.1.1/thumb/interwork\libgcc.a(_divsi3.o)
 .data          0x40000844        0x0 c:/winarm/bin/../lib/gcc/arm-elf/4.1.1/thumb/interwork\libgcc.a(_umodsi3.o)
 .data          0x40000844        0x0 c:/winarm/bin/../lib/gcc/arm-elf/4.1.1/thumb/interwork\libgcc.a(_modsi3.o)
 .data          0x40000844        0x0 c:/winarm/bin/../lib/gcc/arm-elf/4.1.1/thumb/interwork\libgcc.a(_dvmd_tls.o)
 .data          0x40000844        0x0 c:/winarm/bin/../lib/gcc/arm-elf/4.1.1/thumb/interwork\libgcc.a(_addsubdf3.o)
 .data          0x40000844        0x0 c:/winarm/bin/../lib/gcc/arm-elf/4.1.1/thumb/interwork\libgcc.a(_muldivdf3.o)
 .data          0x40000844        0x0 c:/winarm/bin/../lib/gcc/arm-elf/4.1.1/thumb/interwork\libgcc.a(_cmpdf2.o)
 .data          0x40000844        0x0 c:/winarm/bin/../lib/gcc/arm-elf/4.1.1/thumb/interwork\libgcc.a(_fixdfsi.o)
 .data          0x40000844        0x0 c:/winarm/bin/../lib/gcc/arm-elf/4.1.1/thumb/interwork\libgcc.a(_truncdfsf2.o)
 .data          0x40000844        0x0 c:/winarm/bin/../lib/gcc/arm-elf/4.1.1/thumb/interwork\libgcc.a(_addsubsf3.o)
 .data          0x40000844        0x0 c:/winarm/bin/../lib/gcc/arm-elf/4.1.1/thumb/interwork\libgcc.a(_muldivsf3.o)
 .data          0x40000844        0x0 c:/winarm/bin/../lib/gcc/arm-elf/4.1.1/thumb/interwork\libgcc.a(_cmpsf2.o)
 .data          0x40000844        0x0 c:/winarm/bin/../lib/gcc/arm-elf/4.1.1/thumb/interwork\libgcc.a(_fixsfsi.o)
 .data          0x40000844        0x0 c:/winarm/bin/../lib/gcc/arm-elf/4.1.1/thumb/interwork\libgcc.a(_divdi3.o)
 .data          0x40000844        0x0 c:/winarm/bin/../lib/gcc/arm-elf/4.1.1/thumb/interwork\libgcc.a(_clz.o)
 *(.data.*)
 *(.gnu.linkonce.d*)
                0x40000844                . = ALIGN (0x4)
                0x40000844                . = ALIGN (0x4)
                0x40000844                _edata = .
                0x40000844                PROVIDE (edata, .)

.bss            0x40000844     0x17a4
                0x40000844                __bss_start = .
                0x40000844                __bss_start__ = .
 *(.bss)
 .bss           0x40000844        0x0 external/Common_WinARM/src/Startup.o
 .bss           0x40000844        0x0 external/Common_WinARM/src/swi_handler.o
 .bss           0x40000844       0x18 src/LL_HL_comm.o
                0x4000084a                wpCtrlNavStatus
                0x40000848                wpCtrlAckTrigger
                0x40000847                wpCtrlWpCmdUpdated
                0x4000084c                wpCtrlDistToWp
                0x40000846                wpCtrlWpCmd
                0x40000844                SSP_ack
 .bss           0x4000085c        0x4 src/gpsmath.o
                0x4000085c                gpsDataOkTrigger
 .bss           0x40000860       0x10 src/buzzer.o
 .bss           0x40000870       0x1c src/sdk.o
                0x40000870                g_timestamp
                0x40000880                time_correction
                0x40000878                timeOffset
                0x40000888                g_cpu_load_sum
 .bss           0x4000088c        0x0 src/comm_util_LL.o
 .bss           0x4000088c        0x0 src/util.o
 .bss           0x4000088c        0x0 src/pid.o
 .bss           0x4000088c        0xc src/kalman.o
                0x4000088c                g_last_height_pkt_time
                0x40000894                g_vz_p_f
 .bss           0x40000898        0x0 src/matrices.o
 .bss           0x40000898        0x0 ../mav_common/src/comm_util.o
 .bss           0x40000898       0x34 src/main.o
                0x400008a8                GPS_timeout
                0x4000089c                cnt
                0x400008a0                mainloop_cnt
                0x400008b4                logs_per_second
                0x40000898                int_cnt
                0x400008b8                total_logs_per_second
                0x400008bc                packets
                0x400008ac                SYSTEM_initialized
                0x400008b0                trigger_cnt
                0x400008a4                mainloop_trigger
 .bss           0x400008cc        0x0 src/hardware.o
 .bss           0x400008cc        0x0 src/LPC2k_ee.o
 .bss           0x400008cc        0x0 src/system.o
 .bss           0x400008cc       0x2c src/uart.o
                0x400008d4                UART_rxPacketCount
                0x400008cc                transmission_running
                0x400008dc                registeredPacketCnt
                0x400008d8                UART_rxGoodPacketCount
                0x400008e0                autobaud_in_progress
                0x400008d0                UART_rxcount
                0x400008cd                UART_syncstate
 .bss           0x400008f8      0x1e8 src/uart1.o
                0x400008fd                UART1_syncstate
                0x400008fc                baudrate1_change
                0x400008fb                trigger_transmission
                0x40000900                UART1_rxcount
                0x400008f8                data_requested
                0x400008f9                chksum_to_check
                0x400008fa                transmission1_running
                0x40000904                UART_CalibDoneFlag
 .bss           0x40000ae0        0x4 src/syscalls.o
 .bss           0x40000ae4       0x14 src/i2c.o
                0x40000af0                RdIndex
                0x40000ae4                I2CMasterState
                0x40000ae8                I2CSlaveState
                0x40000aec                I2CCount
                0x40000af4                WrIndex
 .bss           0x40000af8        0x8 src/adc.o
                0x40000afc                ADC1IntDone
                0x40000af8                ADC0IntDone
 .bss           0x40000b00        0x4 src/ssp.o
                0x40000b00                SSP_trans_cnt
 .bss           0x40000b04        0x0 external/Common_WinARM/src/irq.o
 .bss           0x40000b04        0x0 external/Common_WinARM/src/interrupt_utils.o
 .bss           0x40000b04        0x0 c:/winarm/bin/../lib/gcc/arm-elf/4.1.1/../../../../arm-elf/lib/thumb/interwork\libc.a(memcpy.o)
 .bss           0x40000b04        0x0 c:/winarm/bin/../lib/gcc/arm-elf/4.1.1/../../../../arm-elf/lib/thumb/interwork\libc.a(printf.o)
 .bss           0x40000b04        0x0 c:/winarm/bin/../lib/gcc/arm-elf/4.1.1/../../../../arm-elf/lib/thumb/interwork\libc.a(puts.o)
 .bss           0x40000b04        0x0 c:/winarm/bin/../lib/gcc/arm-elf/4.1.1/../../../../arm-elf/lib/thumb/interwork\libc.a(strlen.o)
 .bss           0x40000b04        0x0 c:/winarm/bin/../lib/gcc/arm-elf/4.1.1/../../../../arm-elf/lib/thumb/interwork\libc.a(vfprintf.o)
 .bss           0x40000b04        0x0 c:/winarm/bin/../lib/gcc/arm-elf/4.1.1/../../../../arm-elf/lib/thumb/interwork\libc.a(wcrtomb.o)
 .bss           0x40000b04        0x0 c:/winarm/bin/../lib/gcc/arm-elf/4.1.1/../../../../arm-elf/lib/thumb/interwork\libc.a(wcsrtombs.o)
 .bss           0x40000b04        0x0 c:/winarm/bin/../lib/gcc/arm-elf/4.1.1/../../../../arm-elf/lib/thumb/interwork\libc.a(wctomb_r.o)
 .bss           0x40000b04        0x0 c:/winarm/bin/../lib/gcc/arm-elf/4.1.1/../../../../arm-elf/lib/thumb/interwork\libc.a(wsetup.o)
 .bss           0x40000b04        0x0 c:/winarm/bin/../lib/gcc/arm-elf/4.1.1/../../../../arm-elf/lib/thumb/interwork\libc.a(dtoa.o)
 .bss           0x40000b04        0x0 c:/winarm/bin/../lib/gcc/arm-elf/4.1.1/../../../../arm-elf/lib/thumb/interwork\libc.a(fflush.o)
 .bss           0x40000b04        0x0 c:/winarm/bin/../lib/gcc/arm-elf/4.1.1/../../../../arm-elf/lib/thumb/interwork\libc.a(findfp.o)
 .bss           0x40000b04        0x0 c:/winarm/bin/../lib/gcc/arm-elf/4.1.1/../../../../arm-elf/lib/thumb/interwork\libc.a(freer.o)
 .bss           0x40000b04        0x0 c:/winarm/bin/../lib/gcc/arm-elf/4.1.1/../../../../arm-elf/lib/thumb/interwork\libc.a(fvwrite.o)
 .bss           0x40000b04        0x0 c:/winarm/bin/../lib/gcc/arm-elf/4.1.1/../../../../arm-elf/lib/thumb/interwork\libc.a(fwalk.o)
 .bss           0x40000b04        0x0 c:/winarm/bin/../lib/gcc/arm-elf/4.1.1/../../../../arm-elf/lib/thumb/interwork\libc.a(impure.o)
 .bss           0x40000b04        0xc c:/winarm/bin/../lib/gcc/arm-elf/4.1.1/../../../../arm-elf/lib/thumb/interwork\libc.a(locale.o)
                0x40000b04                __nlocale_changed
                0x40000b08                __mlocale_changed
                0x40000b0c                _PathLocale
 .bss           0x40000b10        0x0 c:/winarm/bin/../lib/gcc/arm-elf/4.1.1/../../../../arm-elf/lib/thumb/interwork\libc.a(makebuf.o)
 .bss           0x40000b10       0x34 c:/winarm/bin/../lib/gcc/arm-elf/4.1.1/../../../../arm-elf/lib/thumb/interwork\libc.a(mallocr.o)
                0x40000b10                __malloc_top_pad
                0x40000b14                __malloc_max_sbrked_mem
                0x40000b1c                __malloc_current_mallinfo
                0x40000b18                __malloc_max_total_mem
 .bss           0x40000b44        0x0 c:/winarm/bin/../lib/gcc/arm-elf/4.1.1/../../../../arm-elf/lib/thumb/interwork\libc.a(memchr.o)
 .bss           0x40000b44        0x0 c:/winarm/bin/../lib/gcc/arm-elf/4.1.1/../../../../arm-elf/lib/thumb/interwork\libc.a(memmove.o)
 .bss           0x40000b44        0x0 c:/winarm/bin/../lib/gcc/arm-elf/4.1.1/../../../../arm-elf/lib/thumb/interwork\libc.a(memset.o)
 .bss           0x40000b44        0x0 c:/winarm/bin/../lib/gcc/arm-elf/4.1.1/../../../../arm-elf/lib/thumb/interwork\libc.a(mlock.o)
 .bss           0x40000b44        0x0 c:/winarm/bin/../lib/gcc/arm-elf/4.1.1/../../../../arm-elf/lib/thumb/interwork\libc.a(mprec.o)
 .bss           0x40000b44        0x0 c:/winarm/bin/../lib/gcc/arm-elf/4.1.1/../../../../arm-elf/lib/thumb/interwork\libc.a(reallocr.o)
 .bss           0x40000b44        0x0 c:/winarm/bin/../lib/gcc/arm-elf/4.1.1/../../../../arm-elf/lib/thumb/interwork\libc.a(s_isinf.o)
 .bss           0x40000b44        0x0 c:/winarm/bin/../lib/gcc/arm-elf/4.1.1/../../../../arm-elf/lib/thumb/interwork\libc.a(s_isnan.o)
 .bss           0x40000b44        0x0 c:/winarm/bin/../lib/gcc/arm-elf/4.1.1/../../../../arm-elf/lib/thumb/interwork\libc.a(stdio.o)
 .bss           0x40000b44        0x0 c:/winarm/bin/../lib/gcc/arm-elf/4.1.1/../../../../arm-elf/lib/thumb/interwork\libc.a(strcmp.o)
 .bss           0x40000b44        0x0 c:/winarm/bin/../lib/gcc/arm-elf/4.1.1/../../../../arm-elf/lib/thumb/interwork\libc.a(callocr.o)
 .bss           0x40000b44        0x0 c:/winarm/bin/../lib/gcc/arm-elf/4.1.1/../../../../arm-elf/lib/thumb/interwork\libc.a(fclose.o)
 .bss           0x40000b44        0x0 c:/winarm/bin/../lib/gcc/arm-elf/4.1.1/../../../../arm-elf/lib/thumb/interwork\libm.a(s_cos.o)
 .bss           0x40000b44        0x0 c:/winarm/bin/../lib/gcc/arm-elf/4.1.1/../../../../arm-elf/lib/thumb/interwork\libm.a(s_sin.o)
 .bss           0x40000b44        0x0 c:/winarm/bin/../lib/gcc/arm-elf/4.1.1/../../../../arm-elf/lib/thumb/interwork\libm.a(w_pow.o)
 .bss           0x40000b44        0x0 c:/winarm/bin/../lib/gcc/arm-elf/4.1.1/../../../../arm-elf/lib/thumb/interwork\libm.a(w_sqrt.o)
 .bss           0x40000b44        0x0 c:/winarm/bin/../lib/gcc/arm-elf/4.1.1/../../../../arm-elf/lib/thumb/interwork\libm.a(e_pow.o)
 .bss           0x40000b44        0x0 c:/winarm/bin/../lib/gcc/arm-elf/4.1.1/../../../../arm-elf/lib/thumb/interwork\libm.a(e_rem_pio2.o)
 .bss           0x40000b44        0x0 c:/winarm/bin/../lib/gcc/arm-elf/4.1.1/../../../../arm-elf/lib/thumb/interwork\libm.a(e_sqrt.o)
 .bss           0x40000b44        0x0 c:/winarm/bin/../lib/gcc/arm-elf/4.1.1/../../../../arm-elf/lib/thumb/interwork\libm.a(k_cos.o)
 .bss           0x40000b44        0x0 c:/winarm/bin/../lib/gcc/arm-elf/4.1.1/../../../../arm-elf/lib/thumb/interwork\libm.a(k_rem_pio2.o)
 .bss           0x40000b44        0x0 c:/winarm/bin/../lib/gcc/arm-elf/4.1.1/../../../../arm-elf/lib/thumb/interwork\libm.a(k_sin.o)
 .bss           0x40000b44        0x0 c:/winarm/bin/../lib/gcc/arm-elf/4.1.1/../../../../arm-elf/lib/thumb/interwork\libm.a(s_fabs.o)
 .bss           0x40000b44        0x0 c:/winarm/bin/../lib/gcc/arm-elf/4.1.1/../../../../arm-elf/lib/thumb/interwork\libm.a(s_finite.o)
 .bss           0x40000b44        0x0 c:/winarm/bin/../lib/gcc/arm-elf/4.1.1/../../../../arm-elf/lib/thumb/interwork\libm.a(s_floor.o)
 .bss           0x40000b44        0x0 c:/winarm/bin/../lib/gcc/arm-elf/4.1.1/../../../../arm-elf/lib/thumb/interwork\libm.a(s_lib_ver.o)
 .bss           0x40000b44        0x0 c:/winarm/bin/../lib/gcc/arm-elf/4.1.1/../../../../arm-elf/lib/thumb/interwork\libm.a(s_matherr.o)
 .bss           0x40000b44        0x0 c:/winarm/bin/../lib/gcc/arm-elf/4.1.1/../../../../arm-elf/lib/thumb/interwork\libm.a(s_rint.o)
 .bss           0x40000b44        0x0 c:/winarm/bin/../lib/gcc/arm-elf/4.1.1/../../../../arm-elf/lib/thumb/interwork\libm.a(s_scalbn.o)
 .bss           0x40000b44        0x0 c:/winarm/bin/../lib/gcc/arm-elf/4.1.1/../../../../arm-elf/lib/thumb/interwork\libm.a(s_copysign.o)
 .bss           0x40000b44        0x0 c:/winarm/bin/../lib/gcc/arm-elf/4.1.1/../../../../arm-elf/lib/thumb/interwork\libc.a(errno.o)
 .bss           0x40000b44        0x0 c:/winarm/bin/../lib/gcc/arm-elf/4.1.1/thumb/interwork\libgcc.a(_udivsi3.o)
 .bss           0x40000b44        0x0 c:/winarm/bin/../lib/gcc/arm-elf/4.1.1/thumb/interwork\libgcc.a(_divsi3.o)
 .bss           0x40000b44        0x0 c:/winarm/bin/../lib/gcc/arm-elf/4.1.1/thumb/interwork\libgcc.a(_umodsi3.o)
 .bss           0x40000b44        0x0 c:/winarm/bin/../lib/gcc/arm-elf/4.1.1/thumb/interwork\libgcc.a(_modsi3.o)
 .bss           0x40000b44        0x0 c:/winarm/bin/../lib/gcc/arm-elf/4.1.1/thumb/interwork\libgcc.a(_dvmd_tls.o)
 .bss           0x40000b44        0x0 c:/winarm/bin/../lib/gcc/arm-elf/4.1.1/thumb/interwork\libgcc.a(_addsubdf3.o)
 .bss           0x40000b44        0x0 c:/winarm/bin/../lib/gcc/arm-elf/4.1.1/thumb/interwork\libgcc.a(_muldivdf3.o)
 .bss           0x40000b44        0x0 c:/winarm/bin/../lib/gcc/arm-elf/4.1.1/thumb/interwork\libgcc.a(_cmpdf2.o)
 .bss           0x40000b44        0x0 c:/winarm/bin/../lib/gcc/arm-elf/4.1.1/thumb/interwork\libgcc.a(_fixdfsi.o)
 .bss           0x40000b44        0x0 c:/winarm/bin/../lib/gcc/arm-elf/4.1.1/thumb/interwork\libgcc.a(_truncdfsf2.o)
 .bss           0x40000b44        0x0 c:/winarm/bin/../lib/gcc/arm-elf/4.1.1/thumb/interwork\libgcc.a(_addsubsf3.o)
 .bss           0x40000b44        0x0 c:/winarm/bin/../lib/gcc/arm-elf/4.1.1/thumb/interwork\libgcc.a(_muldivsf3.o)
 .bss           0x40000b44        0x0 c:/winarm/bin/../lib/gcc/arm-elf/4.1.1/thumb/interwork\libgcc.a(_cmpsf2.o)
 .bss           0x40000b44        0x0 c:/winarm/bin/../lib/gcc/arm-elf/4.1.1/thumb/interwork\libgcc.a(_fixsfsi.o)
 .bss           0x40000b44        0x0 c:/winarm/bin/../lib/gcc/arm-elf/4.1.1/thumb/interwork\libgcc.a(_divdi3.o)
 .bss           0x40000b44        0x0 c:/winarm/bin/../lib/gcc/arm-elf/4.1.1/thumb/interwork\libgcc.a(_clz.o)
 *(.gnu.linkonce.b*)
 *(COMMON)
 COMMON         0x40000b44      0x420 src/LL_HL_comm.o
                0x40000b44                LL_1khz_attitude_data
                0x40000ba0                estimatedDeclination
                0x40000ba4                covariance
                0x40000bdc                estimatedInclination
                0x40000be0                kal_yaw
                0x40000c08                IMU_CalcData_updated
                0x40000c0c                WO_Direct_Individual_Motor_Control
                0x40000c14                GPS_init_status
                0x40000c18                kal_y
                0x40000cdc                LL_1khz_control_input
                0x40000d14                declinationAvailable
                0x40000d18                kal_out
                0x40000d34                wpToLL
                0x40000d50                RO_ALL_Data
                0x40000ddc                kal_x
                0x40000ea0                kal_z
 COMMON         0x40000f64       0x58 src/gpsmath.o
                0x40000f64                GPS_Data
                0x40000f90                gps_data_temp
 COMMON         0x40000fbc      0x306 src/sdk.o
                0x40000fbc                g_kf_z_enabled
                0x40000fc0                WO_CTRL_Input
                0x40000fcc                g_ctrl_debug_pkt
                0x40001040                g_dummy_pkt_info
                0x40001044                g_imu_pkt
                0x40001068                g_tx_freq_cfg_pkt_info
                0x4000106c                g_ctrl_cfg_pkt_info
                0x40001070                g_tx_freq_cfg_pkt
                0x40001088                WO_Direct_Motor_Control
                0x4000108c                g_motors_running
                0x40001090                g_timesync_pkt_info
                0x40001094                g_des_pose_pkt_info
                0x40001098                g_rcdata_pkt
                0x400010b0                g_dummy_pkt
                0x400010b1                g_mav_kf_cfg_pkt
                0x400010f2                g_des_vel_pkt
                0x40001104                WO_SDK
                0x40001108                g_flight_state_pkt
                0x40001109                g_kf_x_enabled
                0x4000110a                g_ctrl_cfg_pkt
                0x40001130                g_ctrl_input_pkt_info
                0x40001134                g_toggle_motors_start_time
                0x4000113c                g_sdk_loops
                0x40001140                g_des_pose_pkt
                0x40001150                g_status_pkt
                0x40001168                RO_RC_Data
                0x40001178                g_mav_height_pkt_info
                0x4000117c                g_flight_action_pkt_info
                0x40001180                g_mav_kf_cfg_pkt_info
                0x40001184                g_pid_cfg_pkt
                0x40001240                g_ctrl_cmd
                0x40001250                g_timesync_pkt
                0x40001260                g_mav_pose2D_pkt_info
                0x40001264                g_pose_pkt
                0x40001288                g_flight_action_pkt
                0x40001289                g_mav_pose2D_pkt
                0x400012a0                g_pid_cfg_pkt_info
                0x400012a4                g_des_vel_pkt_info
                0x400012a8                g_ctrl_input_pkt
                0x400012b8                g_mav_height_pkt
                0x400012c0                g_kf_y_enabled
                0x400012c1                g_kf_yaw_enabled
 *fill*         0x400012c2        0x2 00
 COMMON         0x400012c4       0xfc src/pid.o
                0x400012c4                pid_vy
                0x400012e8                pid_yaw
                0x4000130c                pid_x
                0x40001330                pid_z
                0x40001354                pid_vx
                0x40001378                pid_y
                0x4000139c                pid_vz
 COMMON         0x400013c0       0x14 src/kalman.o
                0x400013c0                g_accel_z
                0x400013c4                g_accel_x
                0x400013c8                g_sin_psi
                0x400013cc                g_accel_y
                0x400013d0                g_cos_psi
 COMMON         0x400013d4      0x114 src/main.o
                0x400013d4                GPS_Time
                0x400013dc                IMU_CalcData
                0x40001438                g_imu_gravity
                0x4000143c                IMU_RawData
                0x40001458                SYSTEM_Permanent_Data
                0x4000146c                packetsTemp
                0x40001470                HL_Status
                0x40001488                uart_cnt
                0x4000148c                IMU_CalcData_tmp
 COMMON         0x400014e8        0x4 src/LPC2k_ee.o
                0x400014e8                iap_entry
 COMMON         0x400014ec      0x944 src/uart.o
                0x400014ec                uart0_tx_cpsr
                0x400014f0                packetInfo
                0x400017f0                rxParseBuffer
                0x400019f0                uart0_rx_cpsr
                0x400019f4                UART_rxptr
                0x400019f8                txFifo
                0x40001a14                rxBuffer
                0x40001c14                rxFifo
                0x40001c30                txBuffer
 COMMON         0x40001e30       0x1c src/uart1.o
                0x40001e30                send_buffer
                0x40001e40                current_chksum
                0x40001e44                tx_buff
                0x40001e48                UART1_rxptr
 COMMON         0x40001e4c       0x50 src/i2c.o
                0x40001e4c                I2CReadLength
                0x40001e50                I2CSlaveBuffer
                0x40001e70                I2CMode
                0x40001e74                I2CMasterBuffer
                0x40001e94                I2CCmd
                0x40001e98                I2CWriteLength
 COMMON         0x40001e9c       0x40 src/adc.o
                0x40001e9c                ADC0Value
                0x40001ebc                ADC1Value
 COMMON         0x40001edc      0x10c src/ssp.o
                0x40001edc                CurrentRxIndex
                0x40001ee0                SPIWR_num_bytes
                0x40001ee4                CurrentTxIndex
                0x40001ee8                SPIWRData
                0x40001f68                SPIRDData
                0x40001fe8                . = ALIGN (0x4)
                0x40001fe8                . = ALIGN (0x4)
                0x40001fe8                __bss_end__ = .
                0x40001fe8                PROVIDE (__bss_end, .)

.stack          0x40002000     0x1a00
 *(.stack)
 .stack         0x40002000     0x1a00 external/Common_WinARM/src/Startup.o
                0x40003a00                PROVIDE (_stack, .)
                0x40003a00                . = ALIGN (0x4)
                0x40003a00                _end = .
                0x40003a00                PROVIDE (end, .)

.stab
 *(.stab)

.stabstr
 *(.stabstr)

.stab.excl
 *(.stab.excl)

.stab.exclstr
 *(.stab.exclstr)

.stab.index
 *(.stab.index)

.stab.indexstr
 *(.stab.indexstr)

.comment        0x00000000      0x7ce
 *(.comment)
 .comment       0x00000000       0x1b src/LL_HL_comm.o
 .comment       0x0000001b       0x1b src/gpsmath.o
 .comment       0x00000036       0x1b src/buzzer.o
 .comment       0x00000051       0x1b src/sdk.o
 .comment       0x0000006c       0x1b src/comm_util_LL.o
 .comment       0x00000087       0x1b src/util.o
 .comment       0x000000a2       0x1b src/pid.o
 .comment       0x000000bd       0x1b src/kalman.o
 .comment       0x000000d8       0x1b src/matrices.o
 .comment       0x000000f3       0x1b ../mav_common/src/comm_util.o
 .comment       0x0000010e       0x1b src/main.o
 .comment       0x00000129       0x1b src/hardware.o
 .comment       0x00000144       0x1b src/LPC2k_ee.o
 .comment       0x0000015f       0x1b src/system.o
 .comment       0x0000017a       0x1b src/uart.o
 .comment       0x00000195       0x1b src/uart1.o
 .comment       0x000001b0       0x1b src/syscalls.o
 .comment       0x000001cb       0x1b src/i2c.o
 .comment       0x000001e6       0x1b src/adc.o
 .comment       0x00000201       0x1b src/ssp.o
 .comment       0x0000021c       0x1b external/Common_WinARM/src/irq.o
 .comment       0x00000237       0x1b external/Common_WinARM/src/interrupt_utils.o
 .comment       0x00000252       0x1b c:/winarm/bin/../lib/gcc/arm-elf/4.1.1/../../../../arm-elf/lib/thumb/interwork\libc.a(memcpy.o)
 .comment       0x0000026d       0x1b c:/winarm/bin/../lib/gcc/arm-elf/4.1.1/../../../../arm-elf/lib/thumb/interwork\libc.a(printf.o)
 .comment       0x00000288       0x1b c:/winarm/bin/../lib/gcc/arm-elf/4.1.1/../../../../arm-elf/lib/thumb/interwork\libc.a(puts.o)
 .comment       0x000002a3       0x1b c:/winarm/bin/../lib/gcc/arm-elf/4.1.1/../../../../arm-elf/lib/thumb/interwork\libc.a(strlen.o)
 .comment       0x000002be       0x1b c:/winarm/bin/../lib/gcc/arm-elf/4.1.1/../../../../arm-elf/lib/thumb/interwork\libc.a(vfprintf.o)
 .comment       0x000002d9       0x1b c:/winarm/bin/../lib/gcc/arm-elf/4.1.1/../../../../arm-elf/lib/thumb/interwork\libc.a(wcrtomb.o)
 .comment       0x000002f4       0x1b c:/winarm/bin/../lib/gcc/arm-elf/4.1.1/../../../../arm-elf/lib/thumb/interwork\libc.a(wcsrtombs.o)
 .comment       0x0000030f       0x1b c:/winarm/bin/../lib/gcc/arm-elf/4.1.1/../../../../arm-elf/lib/thumb/interwork\libc.a(wctomb_r.o)
 .comment       0x0000032a       0x1b c:/winarm/bin/../lib/gcc/arm-elf/4.1.1/../../../../arm-elf/lib/thumb/interwork\libc.a(wsetup.o)
 .comment       0x00000345       0x1b c:/winarm/bin/../lib/gcc/arm-elf/4.1.1/../../../../arm-elf/lib/thumb/interwork\libc.a(dtoa.o)
 .comment       0x00000360       0x1b c:/winarm/bin/../lib/gcc/arm-elf/4.1.1/../../../../arm-elf/lib/thumb/interwork\libc.a(fflush.o)
 .comment       0x0000037b       0x1b c:/winarm/bin/../lib/gcc/arm-elf/4.1.1/../../../../arm-elf/lib/thumb/interwork\libc.a(findfp.o)
 .comment       0x00000396       0x1b c:/winarm/bin/../lib/gcc/arm-elf/4.1.1/../../../../arm-elf/lib/thumb/interwork\libc.a(freer.o)
 .comment       0x000003b1       0x1b c:/winarm/bin/../lib/gcc/arm-elf/4.1.1/../../../../arm-elf/lib/thumb/interwork\libc.a(fvwrite.o)
 .comment       0x000003cc       0x1b c:/winarm/bin/../lib/gcc/arm-elf/4.1.1/../../../../arm-elf/lib/thumb/interwork\libc.a(fwalk.o)
 .comment       0x000003e7       0x1b c:/winarm/bin/../lib/gcc/arm-elf/4.1.1/../../../../arm-elf/lib/thumb/interwork\libc.a(impure.o)
 .comment       0x00000402       0x1b c:/winarm/bin/../lib/gcc/arm-elf/4.1.1/../../../../arm-elf/lib/thumb/interwork\libc.a(locale.o)
 .comment       0x0000041d       0x1b c:/winarm/bin/../lib/gcc/arm-elf/4.1.1/../../../../arm-elf/lib/thumb/interwork\libc.a(makebuf.o)
 .comment       0x00000438       0x1b c:/winarm/bin/../lib/gcc/arm-elf/4.1.1/../../../../arm-elf/lib/thumb/interwork\libc.a(mallocr.o)
 .comment       0x00000453       0x1b c:/winarm/bin/../lib/gcc/arm-elf/4.1.1/../../../../arm-elf/lib/thumb/interwork\libc.a(memchr.o)
 .comment       0x0000046e       0x1b c:/winarm/bin/../lib/gcc/arm-elf/4.1.1/../../../../arm-elf/lib/thumb/interwork\libc.a(memmove.o)